Archive member included to satisfy reference by file (symbol)

/usr/lib/gcc/arm-none-eabi/9.2.1/thumb/v6-m/nofp/libgcc.a(_dvmd_tls.o)
                              CMakeFiles/blink.dir/home/niki/pico-sdk/src/rp2_common/pico_divider/divider.S.obj (__aeabi_idiv0)
/usr/lib/gcc/arm-none-eabi/9.2.1/../../../arm-none-eabi/lib/thumb/v6-m/nofp/libg.a(lib_a-atexit.o)
                              /usr/lib/gcc/arm-none-eabi/9.2.1/../../../arm-none-eabi/lib/thumb/v6-m/nofp/crt0.o (atexit)
/usr/lib/gcc/arm-none-eabi/9.2.1/../../../arm-none-eabi/lib/thumb/v6-m/nofp/libg.a(lib_a-calloc.o)
                              CMakeFiles/blink.dir/home/niki/pico-sdk/src/rp2_common/pico_malloc/pico_malloc.c.obj (calloc)
/usr/lib/gcc/arm-none-eabi/9.2.1/../../../arm-none-eabi/lib/thumb/v6-m/nofp/libg.a(lib_a-callocr.o)
                              /usr/lib/gcc/arm-none-eabi/9.2.1/../../../arm-none-eabi/lib/thumb/v6-m/nofp/libg.a(lib_a-calloc.o) (_calloc_r)
/usr/lib/gcc/arm-none-eabi/9.2.1/../../../arm-none-eabi/lib/thumb/v6-m/nofp/libg.a(lib_a-ctype_.o)
                              CMakeFiles/blink.dir/home/niki/pico-sdk/lib/tinyusb/src/tusb.c.obj (_ctype_)
/usr/lib/gcc/arm-none-eabi/9.2.1/../../../arm-none-eabi/lib/thumb/v6-m/nofp/libg.a(lib_a-fini.o)
                              /usr/lib/gcc/arm-none-eabi/9.2.1/../../../arm-none-eabi/lib/thumb/v6-m/nofp/crt0.o (__libc_fini_array)
/usr/lib/gcc/arm-none-eabi/9.2.1/../../../arm-none-eabi/lib/thumb/v6-m/nofp/libg.a(lib_a-impure.o)
                              /usr/lib/gcc/arm-none-eabi/9.2.1/../../../arm-none-eabi/lib/thumb/v6-m/nofp/libg.a(lib_a-calloc.o) (_impure_ptr)
/usr/lib/gcc/arm-none-eabi/9.2.1/../../../arm-none-eabi/lib/thumb/v6-m/nofp/libg.a(lib_a-init.o)
                              /usr/lib/gcc/arm-none-eabi/9.2.1/../../../arm-none-eabi/lib/thumb/v6-m/nofp/crt0.o (__libc_init_array)
/usr/lib/gcc/arm-none-eabi/9.2.1/../../../arm-none-eabi/lib/thumb/v6-m/nofp/libg.a(lib_a-malloc.o)
                              CMakeFiles/blink.dir/home/niki/pico-sdk/src/rp2_common/pico_malloc/pico_malloc.c.obj (malloc)
/usr/lib/gcc/arm-none-eabi/9.2.1/../../../arm-none-eabi/lib/thumb/v6-m/nofp/libg.a(lib_a-mallocr.o)
                              /usr/lib/gcc/arm-none-eabi/9.2.1/../../../arm-none-eabi/lib/thumb/v6-m/nofp/libg.a(lib_a-callocr.o) (_malloc_r)
/usr/lib/gcc/arm-none-eabi/9.2.1/../../../arm-none-eabi/lib/thumb/v6-m/nofp/libg.a(lib_a-mlock.o)
                              /usr/lib/gcc/arm-none-eabi/9.2.1/../../../arm-none-eabi/lib/thumb/v6-m/nofp/libg.a(lib_a-mallocr.o) (__malloc_lock)
/usr/lib/gcc/arm-none-eabi/9.2.1/../../../arm-none-eabi/lib/thumb/v6-m/nofp/libg.a(lib_a-realloc.o)
                              CMakeFiles/blink.dir/home/niki/pico-sdk/src/rp2_common/pico_malloc/pico_malloc.c.obj (realloc)
/usr/lib/gcc/arm-none-eabi/9.2.1/../../../arm-none-eabi/lib/thumb/v6-m/nofp/libg.a(lib_a-reallocr.o)
                              /usr/lib/gcc/arm-none-eabi/9.2.1/../../../arm-none-eabi/lib/thumb/v6-m/nofp/libg.a(lib_a-realloc.o) (_realloc_r)
/usr/lib/gcc/arm-none-eabi/9.2.1/../../../arm-none-eabi/lib/thumb/v6-m/nofp/libg.a(lib_a-sbrkr.o)
                              /usr/lib/gcc/arm-none-eabi/9.2.1/../../../arm-none-eabi/lib/thumb/v6-m/nofp/libg.a(lib_a-mallocr.o) (_sbrk_r)
/usr/lib/gcc/arm-none-eabi/9.2.1/../../../arm-none-eabi/lib/thumb/v6-m/nofp/libg.a(lib_a-strlen-stub.o)
                              CMakeFiles/blink.dir/home/niki/pico-sdk/src/rp2_common/pico_stdio/stdio.c.obj (strlen)
/usr/lib/gcc/arm-none-eabi/9.2.1/../../../arm-none-eabi/lib/thumb/v6-m/nofp/libg.a(lib_a-__atexit.o)
                              /usr/lib/gcc/arm-none-eabi/9.2.1/../../../arm-none-eabi/lib/thumb/v6-m/nofp/libg.a(lib_a-atexit.o) (__register_exitproc)
/usr/lib/gcc/arm-none-eabi/9.2.1/../../../arm-none-eabi/lib/thumb/v6-m/nofp/libg.a(lib_a-freer.o)
                              /usr/lib/gcc/arm-none-eabi/9.2.1/../../../arm-none-eabi/lib/thumb/v6-m/nofp/libg.a(lib_a-malloc.o) (_free_r)
/usr/lib/gcc/arm-none-eabi/9.2.1/../../../arm-none-eabi/lib/thumb/v6-m/nofp/libg.a(lib_a-memmove.o)
                              /usr/lib/gcc/arm-none-eabi/9.2.1/../../../arm-none-eabi/lib/thumb/v6-m/nofp/libg.a(lib_a-reallocr.o) (memmove)
/usr/lib/gcc/arm-none-eabi/9.2.1/../../../arm-none-eabi/lib/thumb/v6-m/nofp/libg.a(lib_a-reent.o)
                              /usr/lib/gcc/arm-none-eabi/9.2.1/../../../arm-none-eabi/lib/thumb/v6-m/nofp/libg.a(lib_a-sbrkr.o) (errno)

Allocating common symbols
Common symbol       size              file

sf_table            0x100             CMakeFiles/blink.dir/home/niki/pico-sdk/src/rp2_common/pico_float/float_init_rom.c.obj
errno               0x4               /usr/lib/gcc/arm-none-eabi/9.2.1/../../../arm-none-eabi/lib/thumb/v6-m/nofp/libg.a(lib_a-reent.o)
_usbd_qdef_buf      0xc0              CMakeFiles/blink.dir/home/niki/pico-sdk/lib/tinyusb/src/device/usbd.c.obj
[...]
Memory Configuration

Name             Origin             Length             Attributes
FLASH            0x0000000010000000 0x0000000000200000 xr
RAM              0x0000000020000000 0x0000000000040000 xrw
SCRATCH_X        0x0000000020040000 0x0000000000001000 xrw
SCRATCH_Y        0x0000000020041000 0x0000000000001000 xrw
*default*        0x0000000000000000 0xffffffffffffffff

Linker script and memory map

LOAD /usr/lib/gcc/arm-none-eabi/9.2.1/thumb/v6-m/nofp/crti.o
LOAD /usr/lib/gcc/arm-none-eabi/9.2.1/thumb/v6-m/nofp/crtbegin.o
LOAD /usr/lib/gcc/arm-none-eabi/9.2.1/../../../arm-none-eabi/lib/thumb/v6-m/nofp/crt0.o

.flash_begin    0x0000000010000000        0x0
                0x0000000010000000                __flash_binary_start = .

.boot2          0x0000000010000000      0x100
                0x0000000010000000                __boot2_start__ = .
 *(.boot2)
 .boot2         0x0000000010000000      0x100 /tmp/cciLpqGz.o
                0x0000000010000100                __boot2_end__ = .
                0x0000000000000001                ASSERT (((__boot2_end__ - __boot2_start__) == 0x100), ERROR: Pico second stage bootloader must be 256 bytes in size)

.text           0x0000000010000100     0x7110
                0x0000000010000100                __logical_binary_start = .
 *(.vectors)
 .vectors       0x0000000010000100       0xd4 CMakeFiles/blink.dir/home/niki/pico-sdk/src/rp2_common/pico_standard_link/crt0.S.obj
                0x0000000010000100                __vectors
                0x0000000010000100                __VECTOR_TABLE
                0x00000000100001c0                isr_invalid
                0x00000000100001c0                __default_isrs_start
                0x00000000100001c2                isr_nmi
                0x00000000100001c4                isr_hardfault
                0x00000000100001c6                isr_svcall
                0x00000000100001c8                isr_pendsv
                0x00000000100001ca                isr_systick
                0x00000000100001cc                isr_irq30
                0x00000000100001cc                __unhandled_user_irq
                0x00000000100001cc                isr_irq13
                0x00000000100001cc                isr_irq27
                0x00000000100001cc                isr_irq31
                0x00000000100001cc                isr_irq5
                0x00000000100001cc                isr_irq11
                0x00000000100001cc                isr_irq23
                0x00000000100001cc                isr_irq18
                0x00000000100001cc                isr_irq28
                0x00000000100001cc                isr_irq19
                0x00000000100001cc                isr_irq0
                0x00000000100001cc                isr_irq6
                0x00000000100001cc                isr_irq22
                0x00000000100001cc                isr_irq17
                0x00000000100001cc                isr_irq14
                0x00000000100001cc                isr_irq2
                0x00000000100001cc                isr_irq10
                0x00000000100001cc                isr_irq8
                0x00000000100001cc                isr_irq24
                0x00000000100001cc                isr_irq1
                0x00000000100001cc                isr_irq7
                0x00000000100001cc                isr_irq21
                0x00000000100001cc                isr_irq20
                0x00000000100001cc                isr_irq15
                0x00000000100001cc                isr_irq25
                0x00000000100001cc                isr_irq4
                0x00000000100001cc                isr_irq16
                0x00000000100001cc                isr_irq29
                0x00000000100001cc                isr_irq26
                0x00000000100001cc                __default_isrs_end
                0x00000000100001cc                isr_irq3
                0x00000000100001cc                isr_irq12
                0x00000000100001cc                isr_irq9
                0x00000000100001d2                unhandled_user_irq_num_in_r0
 *(.binary_info_header)
 .binary_info_header
                0x00000000100001d4       0x14 CMakeFiles/blink.dir/home/niki/pico-sdk/src/rp2_common/pico_standard_link/crt0.S.obj
                0x00000000100001e8                __binary_info_header_end = .
 *(.reset)
 .reset         0x00000000100001e8       0xa8 CMakeFiles/blink.dir/home/niki/pico-sdk/src/rp2_common/pico_standard_link/crt0.S.obj
                0x00000000100001e8                _entry_point
                0x0000000010000266                __get_current_exception
 .reset         0x0000000010000290       0x30 CMakeFiles/blink.dir/home/niki/pico-sdk/src/rp2_common/pico_standard_link/binary_info.c.obj
 *(.init)
 .init          0x00000000100002c0        0x4 /usr/lib/gcc/arm-none-eabi/9.2.1/thumb/v6-m/nofp/crti.o
                0x00000000100002c0                _init
 *(EXCLUDE_FILE(*libm.a: *libc.a:*lib_a-mem*.o *libgcc.a:) .text*)
 .text          0x00000000100002c4       0x98 /usr/lib/gcc/arm-none-eabi/9.2.1/thumb/v6-m/nofp/crtbegin.o
 .text.main     0x000000001000035c       0x60 CMakeFiles/blink.dir/blink.c.obj
                0x000000001000035c                main
 .text.gpio_set_function
                0x00000000100003bc       0x30 CMakeFiles/blink.dir/home/niki/pico-sdk/src/rp2_common/hardware_gpio/gpio.c.obj
                0x00000000100003bc                gpio_set_function
 .text.gpio_set_pulls
                0x00000000100003ec       0x34 CMakeFiles/blink.dir/home/niki/pico-sdk/src/rp2_common/hardware_gpio/gpio.c.obj
                0x00000000100003ec                gpio_set_pulls
 .text.gpio_init
                0x0000000010000420       0x16 CMakeFiles/blink.dir/home/niki/pico-sdk/src/rp2_common/hardware_gpio/gpio.c.obj
                0x0000000010000420                gpio_init
 *fill*         0x0000000010000436        0x2 
 .text.hw_claim_lock
                0x0000000010000438       0x18 CMakeFiles/blink.dir/home/niki/pico-sdk/src/rp2_common/hardware_claim/claim.c.obj
                0x0000000010000438                hw_claim_lock
 .text.hw_claim_unlock
                0x0000000010000450       0x14 CMakeFiles/blink.dir/home/niki/pico-sdk/src/rp2_common/hardware_claim/claim.c.obj
                0x0000000010000450                hw_claim_unlock
 .text.hw_claim_or_assert
                0x0000000010000464       0x32 CMakeFiles/blink.dir/home/niki/pico-sdk/src/rp2_common/hardware_claim/claim.c.obj
                0x0000000010000464                hw_claim_or_assert
 .text.hw_claim_unused_from_range
                0x0000000010000496       0x50 CMakeFiles/blink.dir/home/niki/pico-sdk/src/rp2_common/hardware_claim/claim.c.obj
                0x0000000010000496                hw_claim_unused_from_range
 *fill*         0x00000000100004e6        0x2 
 .text.running_on_fpga
                0x00000000100004e8       0x14 CMakeFiles/blink.dir/home/niki/pico-sdk/src/rp2_common/pico_platform/platform.c.obj
                0x00000000100004e8                running_on_fpga
 .text.spin_locks_reset
                0x00000000100004fc       0x20 CMakeFiles/blink.dir/home/niki/pico-sdk/src/rp2_common/hardware_sync/sync.c.obj
                0x00000000100004fc                spin_locks_reset
 .text.next_striped_spin_lock_num
                0x000000001000051c       0x1c CMakeFiles/blink.dir/home/niki/pico-sdk/src/rp2_common/hardware_sync/sync.c.obj
                0x000000001000051c                next_striped_spin_lock_num
 .text.spin_lock_claim_unused
                0x0000000010000538       0x20 CMakeFiles/blink.dir/home/niki/pico-sdk/src/rp2_common/hardware_sync/sync.c.obj
                0x0000000010000538                spin_lock_claim_unused
 .text.set_raw_irq_handler_and_unlock
                0x0000000010000558       0x28 CMakeFiles/blink.dir/home/niki/pico-sdk/src/rp2_common/hardware_irq/irq.c.obj
 .text.make_branch
                0x0000000010000580       0x48 CMakeFiles/blink.dir/home/niki/pico-sdk/src/rp2_common/hardware_irq/irq.c.obj
 .text.insert_branch_and_link
                0x00000000100005c8       0x40 CMakeFiles/blink.dir/home/niki/pico-sdk/src/rp2_common/hardware_irq/irq.c.obj
 .text.irq_is_enabled
                0x0000000010000608       0x18 CMakeFiles/blink.dir/home/niki/pico-sdk/src/rp2_common/hardware_irq/irq.c.obj
                0x0000000010000608                irq_is_enabled
 .text.irq_set_mask_enabled
                0x0000000010000620       0x20 CMakeFiles/blink.dir/home/niki/pico-sdk/src/rp2_common/hardware_irq/irq.c.obj
                0x0000000010000620                irq_set_mask_enabled
 .text.irq_set_enabled
                0x0000000010000640        0xe CMakeFiles/blink.dir/home/niki/pico-sdk/src/rp2_common/hardware_irq/irq.c.obj
                0x0000000010000640                irq_set_enabled
 *fill*         0x000000001000064e        0x2 
 .text.irq_set_pending
                0x0000000010000650       0x10 CMakeFiles/blink.dir/home/niki/pico-sdk/src/rp2_common/hardware_irq/irq.c.obj
                0x0000000010000650                irq_set_pending
 .text.irq_get_vtable_handler
                0x0000000010000660       0x10 CMakeFiles/blink.dir/home/niki/pico-sdk/src/rp2_common/hardware_irq/irq.c.obj
                0x0000000010000660                irq_get_vtable_handler
 .text.irq_has_shared_handler
                0x0000000010000670       0x24 CMakeFiles/blink.dir/home/niki/pico-sdk/src/rp2_common/hardware_irq/irq.c.obj
                0x0000000010000670                irq_has_shared_handler
 .text.irq_set_exclusive_handler
                0x0000000010000694       0x54 CMakeFiles/blink.dir/home/niki/pico-sdk/src/rp2_common/hardware_irq/irq.c.obj
                0x0000000010000694                irq_set_exclusive_handler
 .text.irq_add_shared_handler
                0x00000000100006e8      0x230 CMakeFiles/blink.dir/home/niki/pico-sdk/src/rp2_common/hardware_irq/irq.c.obj
                0x00000000100006e8                irq_add_shared_handler
 .text.irq_remove_handler
                0x0000000010000918      0x1a8 CMakeFiles/blink.dir/home/niki/pico-sdk/src/rp2_common/hardware_irq/irq.c.obj
                0x0000000010000918                irq_remove_handler
 .text.irq_add_tail_to_free_list
                0x0000000010000ac0       0xf0 CMakeFiles/blink.dir/home/niki/pico-sdk/src/rp2_common/hardware_irq/irq.c.obj
                0x0000000010000ac0                irq_add_tail_to_free_list
 .text.irq_init_priorities
                0x0000000010000bb0       0x1c CMakeFiles/blink.dir/home/niki/pico-sdk/src/rp2_common/hardware_irq/irq.c.obj
                0x0000000010000bb0                irq_init_priorities
 .text.user_irq_claim_unused
                0x0000000010000bcc       0x30 CMakeFiles/blink.dir/home/niki/pico-sdk/src/rp2_common/hardware_irq/irq.c.obj
                0x0000000010000bcc                user_irq_claim_unused
 .text.lock_init
                0x0000000010000bfc       0x10 CMakeFiles/blink.dir/home/niki/pico-sdk/src/common/pico_sync/lock_core.c.obj
                0x0000000010000bfc                lock_init
 .text.alarm_pool_post_alloc_init
                0x0000000010000c0c       0x40 CMakeFiles/blink.dir/home/niki/pico-sdk/src/common/pico_time/time.c.obj
 .text.sleep_until_callback
                0x0000000010000c4c       0x30 CMakeFiles/blink.dir/home/niki/pico-sdk/src/common/pico_time/time.c.obj
 .text.timer_pool_entry_comparator
                0x0000000010000c7c       0x7c CMakeFiles/blink.dir/home/niki/pico-sdk/src/common/pico_time/time.c.obj
                0x0000000010000c7c                timer_pool_entry_comparator
 .text.ph_add_child_node
                0x0000000010000cf8       0xa4 CMakeFiles/blink.dir/home/niki/pico-sdk/src/common/pico_time/time.c.obj
 .text.ph_merge_nodes
                0x0000000010000d9c       0x3e CMakeFiles/blink.dir/home/niki/pico-sdk/src/common/pico_time/time.c.obj
 *fill*         0x0000000010000dda        0x2 
 .text.add_alarm_under_lock
                0x0000000010000ddc      0x174 CMakeFiles/blink.dir/home/niki/pico-sdk/src/common/pico_time/time.c.obj
 .text.alarm_pool_alarm_callback
                0x0000000010000f50      0x32c CMakeFiles/blink.dir/home/niki/pico-sdk/src/common/pico_time/time.c.obj
 .text.alarm_pool_init_default
                0x000000001000127c       0x38 CMakeFiles/blink.dir/home/niki/pico-sdk/src/common/pico_time/time.c.obj
                0x000000001000127c                alarm_pool_init_default
 .text.alarm_pool_get_default
                0x00000000100012b4       0x2c CMakeFiles/blink.dir/home/niki/pico-sdk/src/common/pico_time/time.c.obj
                0x00000000100012b4                alarm_pool_get_default
 .text.alarm_pool_add_alarm_at
                0x00000000100012e0      0x170 CMakeFiles/blink.dir/home/niki/pico-sdk/src/common/pico_time/time.c.obj
                0x00000000100012e0                alarm_pool_add_alarm_at
 .text.alarm_pool_cancel_alarm
                0x0000000010001450       0xf0 CMakeFiles/blink.dir/home/niki/pico-sdk/src/common/pico_time/time.c.obj
                0x0000000010001450                alarm_pool_cancel_alarm
 .text.best_effort_wfe_or_timeout
                0x0000000010001540       0x80 CMakeFiles/blink.dir/home/niki/pico-sdk/src/common/pico_time/time.c.obj
                0x0000000010001540                best_effort_wfe_or_timeout
 .text.hardware_alarm_irq_handler
                0x00000000100015c0       0x8c CMakeFiles/blink.dir/home/niki/pico-sdk/src/rp2_common/hardware_timer/timer.c.obj
 .text.hardware_alarm_claim
                0x000000001000164c       0x18 CMakeFiles/blink.dir/home/niki/pico-sdk/src/rp2_common/hardware_timer/timer.c.obj
                0x000000001000164c                hardware_alarm_claim
 .text.time_us_64
                0x0000000010001664       0x18 CMakeFiles/blink.dir/home/niki/pico-sdk/src/rp2_common/hardware_timer/timer.c.obj
                0x0000000010001664                time_us_64
 .text.hardware_alarm_set_callback
                0x000000001000167c       0x90 CMakeFiles/blink.dir/home/niki/pico-sdk/src/rp2_common/hardware_timer/timer.c.obj
                0x000000001000167c                hardware_alarm_set_callback
 .text.hardware_alarm_set_target
                0x000000001000170c       0xe8 CMakeFiles/blink.dir/home/niki/pico-sdk/src/rp2_common/hardware_timer/timer.c.obj
                0x000000001000170c                hardware_alarm_set_target
 .text.hardware_alarm_cancel
                0x00000000100017f4       0x40 CMakeFiles/blink.dir/home/niki/pico-sdk/src/rp2_common/hardware_timer/timer.c.obj
                0x00000000100017f4                hardware_alarm_cancel
 .text.ph_add_child_node
                0x0000000010001834       0xa4 CMakeFiles/blink.dir/home/niki/pico-sdk/src/common/pico_util/pheap.c.obj
 .text.ph_merge_nodes
                0x00000000100018d8       0x3e CMakeFiles/blink.dir/home/niki/pico-sdk/src/common/pico_util/pheap.c.obj
 *fill*         0x0000000010001916        0x2 
 .text.ph_clear
                0x0000000010001918       0x70 CMakeFiles/blink.dir/home/niki/pico-sdk/src/common/pico_util/pheap.c.obj
                0x0000000010001918                ph_clear
 .text.ph_post_alloc_init
                0x0000000010001988        0xe CMakeFiles/blink.dir/home/niki/pico-sdk/src/common/pico_util/pheap.c.obj
                0x0000000010001988                ph_post_alloc_init
 *fill*         0x0000000010001996        0x2 
 .text.ph_merge_two_pass
                0x0000000010001998       0xa8 CMakeFiles/blink.dir/home/niki/pico-sdk/src/common/pico_util/pheap.c.obj
                0x0000000010001998                ph_merge_two_pass
 .text.ph_remove_any_head
                0x0000000010001a40      0x108 CMakeFiles/blink.dir/home/niki/pico-sdk/src/common/pico_util/pheap.c.obj
 .text.ph_remove_head
                0x0000000010001b48       0x14 CMakeFiles/blink.dir/home/niki/pico-sdk/src/common/pico_util/pheap.c.obj
                0x0000000010001b48                ph_remove_head
 .text.ph_remove_and_free_node
                0x0000000010001b5c       0xf8 CMakeFiles/blink.dir/home/niki/pico-sdk/src/common/pico_util/pheap.c.obj
                0x0000000010001b5c                ph_remove_and_free_node
 .text.mutex_init
                0x0000000010001c54       0x1a CMakeFiles/blink.dir/home/niki/pico-sdk/src/common/pico_sync/mutex.c.obj
                0x0000000010001c54                mutex_init
 .text.recursive_mutex_init
                0x0000000010001c6e       0x1e CMakeFiles/blink.dir/home/niki/pico-sdk/src/common/pico_sync/mutex.c.obj
                0x0000000010001c6e                recursive_mutex_init
 .text.critical_section_init_with_lock_num
                0x0000000010001c8c       0x14 CMakeFiles/blink.dir/home/niki/pico-sdk/src/common/pico_sync/critical_section.c.obj
                0x0000000010001c8c                critical_section_init_with_lock_num
 .text.critical_section_init
                0x0000000010001ca0       0x14 CMakeFiles/blink.dir/home/niki/pico-sdk/src/common/pico_sync/critical_section.c.obj
                0x0000000010001ca0                critical_section_init
 .text._exit    0x0000000010001cb4        0x4 CMakeFiles/blink.dir/home/niki/pico-sdk/src/rp2_common/pico_runtime/runtime.c.obj
                0x0000000010001cb4                _exit
 .text.exit     0x0000000010001cb8        0x6 CMakeFiles/blink.dir/home/niki/pico-sdk/src/rp2_common/pico_runtime/runtime.c.obj
                0x0000000010001cb8                exit
 *fill*         0x0000000010001cbe        0x2 
 .text.__assert_func
                0x0000000010001cc0       0x3c CMakeFiles/blink.dir/home/niki/pico-sdk/src/rp2_common/pico_runtime/runtime.c.obj
                0x0000000010001cc0                __assert_func
 .text.runtime_init
                0x0000000010001cfc       0xf8 CMakeFiles/blink.dir/home/niki/pico-sdk/src/rp2_common/pico_runtime/runtime.c.obj
                0x0000000010001cfc                runtime_init
 .text.panic    0x0000000010001df4       0x30 CMakeFiles/blink.dir/home/niki/pico-sdk/src/rp2_common/pico_runtime/runtime.c.obj
                0x0000000010001df4                panic
 .text.clock_configure
                0x0000000010001e24      0x104 CMakeFiles/blink.dir/home/niki/pico-sdk/src/rp2_common/hardware_clocks/clocks.c.obj
                0x0000000010001e24                clock_configure
 .text.clocks_init
                0x0000000010001f28      0x100 CMakeFiles/blink.dir/home/niki/pico-sdk/src/rp2_common/hardware_clocks/clocks.c.obj
                0x0000000010001f28                clocks_init
 .text.pll_init
                0x0000000010002028      0x140 CMakeFiles/blink.dir/home/niki/pico-sdk/src/rp2_common/hardware_pll/pll.c.obj
                0x0000000010002028                pll_init
 .text.watchdog_start_tick
                0x0000000010002168       0x10 CMakeFiles/blink.dir/home/niki/pico-sdk/src/rp2_common/hardware_watchdog/watchdog.c.obj
                0x0000000010002168                watchdog_start_tick
 .text.watchdog_update
                0x0000000010002178       0x14 CMakeFiles/blink.dir/home/niki/pico-sdk/src/rp2_common/hardware_watchdog/watchdog.c.obj
                0x0000000010002178                watchdog_update
 .text._watchdog_enable
                0x000000001000218c       0x78 CMakeFiles/blink.dir/home/niki/pico-sdk/src/rp2_common/hardware_watchdog/watchdog.c.obj
                0x000000001000218c                _watchdog_enable
 .text.watchdog_reboot
                0x0000000010002204       0x48 CMakeFiles/blink.dir/home/niki/pico-sdk/src/rp2_common/hardware_watchdog/watchdog.c.obj
                0x0000000010002204                watchdog_reboot
 .text.xosc_init
                0x000000001000224c       0x28 CMakeFiles/blink.dir/home/niki/pico-sdk/src/rp2_common/hardware_xosc/xosc.c.obj
                0x000000001000224c                xosc_init
 .text._out_null
                0x0000000010002274        0x2 CMakeFiles/blink.dir/home/niki/pico-sdk/src/rp2_common/pico_printf/printf.c.obj
 .text._out_fct
                0x0000000010002276        0xe CMakeFiles/blink.dir/home/niki/pico-sdk/src/rp2_common/pico_printf/printf.c.obj
 .text._atoi    0x0000000010002284       0x24 CMakeFiles/blink.dir/home/niki/pico-sdk/src/rp2_common/pico_printf/printf.c.obj
 .text._out_rev
                0x00000000100022a8       0xae CMakeFiles/blink.dir/home/niki/pico-sdk/src/rp2_common/pico_printf/printf.c.obj
 .text._ntoa_format
                0x0000000010002356      0x110 CMakeFiles/blink.dir/home/niki/pico-sdk/src/rp2_common/pico_printf/printf.c.obj
 .text._ntoa_long
                0x0000000010002466       0xbc CMakeFiles/blink.dir/home/niki/pico-sdk/src/rp2_common/pico_printf/printf.c.obj
 .text._ntoa_long_long
                0x0000000010002522       0xe2 CMakeFiles/blink.dir/home/niki/pico-sdk/src/rp2_common/pico_printf/printf.c.obj
 .text._etoa    0x0000000010002604      0x40c CMakeFiles/blink.dir/home/niki/pico-sdk/src/rp2_common/pico_printf/printf.c.obj
 .text._ftoa    0x0000000010002a10      0x354 CMakeFiles/blink.dir/home/niki/pico-sdk/src/rp2_common/pico_printf/printf.c.obj
 .text._vsnprintf
                0x0000000010002d64      0x628 CMakeFiles/blink.dir/home/niki/pico-sdk/src/rp2_common/pico_printf/printf.c.obj
 .text.vfctprintf
                0x000000001000338c       0x20 CMakeFiles/blink.dir/home/niki/pico-sdk/src/rp2_common/pico_printf/printf.c.obj
                0x000000001000338c                vfctprintf
 .text          0x00000000100033ac       0x10 CMakeFiles/blink.dir/home/niki/pico-sdk/src/rp2_common/pico_bit_ops/bit_ops_aeabi.S.obj
 .text.rom_func_lookup
                0x00000000100033bc       0x10 CMakeFiles/blink.dir/home/niki/pico-sdk/src/rp2_common/pico_bootrom/bootrom.c.obj
                0x00000000100033bc                rom_func_lookup
 .text.rom_data_lookup
                0x00000000100033cc       0x10 CMakeFiles/blink.dir/home/niki/pico-sdk/src/rp2_common/pico_bootrom/bootrom.c.obj
                0x00000000100033cc                rom_data_lookup
 .text.rom_funcs_lookup
                0x00000000100033dc       0x36 CMakeFiles/blink.dir/home/niki/pico-sdk/src/rp2_common/pico_bootrom/bootrom.c.obj
                0x00000000100033dc                rom_funcs_lookup
 *fill*         0x0000000010003412        0x2 
 .text.__wrap___aeabi_idiv
                0x0000000010003414       0x50 CMakeFiles/blink.dir/home/niki/pico-sdk/src/rp2_common/pico_divider/divider.S.obj
                0x0000000010003414                __wrap___aeabi_idivmod
                0x0000000010003414                divmod_s32s32
                0x0000000010003414                div_s32s32
                0x0000000010003414                __wrap___aeabi_idiv
                0x000000001000341c                divmod_s32s32_unsafe
                0x0000000010003448                divmod_s32s32_savestate
 .text.__wrap___aeabi_uidiv
                0x0000000010003464       0x4c CMakeFiles/blink.dir/home/niki/pico-sdk/src/rp2_common/pico_divider/divider.S.obj
                0x0000000010003464                __wrap___aeabi_uidiv
                0x0000000010003464                __wrap___aeabi_uidivmod
                0x0000000010003464                div_u32u32
                0x0000000010003464                divmod_u32u32
                0x000000001000346c                divmod_u32u32_unsafe
                0x0000000010003494                divmod_u32u32_savestate
 .text.__wrap___aeabi_ldiv
                0x00000000100034b0      0x434 CMakeFiles/blink.dir/home/niki/pico-sdk/src/rp2_common/pico_divider/divider.S.obj
                0x00000000100034b0                div_s64s64
                0x00000000100034b0                divmod_s64s64
                0x00000000100034b0                __wrap___aeabi_ldivmod
                0x00000000100034e8                div_u64u64
                0x00000000100034e8                divmod_u64u64
                0x00000000100034e8                __wrap___aeabi_uldivmod
                0x00000000100034f8                divmod_u64u64_savestate
                0x0000000010003520                divmod_s64s64_unsafe
                0x00000000100035a8                divmod_u64u64_unsafe
 .text.__wrap___aeabi_darithmetic
                0x00000000100038e4       0x80 CMakeFiles/blink.dir/home/niki/pico-sdk/src/rp2_common/pico_double/double_aeabi.S.obj
                0x00000000100038e4                __wrap___aeabi_drsub
                0x00000000100038ea                __wrap___aeabi_dsub
                0x00000000100038fc                __wrap___aeabi_dadd
                0x000000001000390e                __wrap___aeabi_ddiv
                0x000000001000394a                __wrap___aeabi_dmul
 .text.__wrap___aeabi_cdcmple
                0x0000000010003964       0x6c CMakeFiles/blink.dir/home/niki/pico-sdk/src/rp2_common/pico_double/double_aeabi.S.obj
                0x0000000010003964                __wrap___aeabi_cdrcmple
                0x0000000010003974                __wrap___aeabi_cdcmple
                0x0000000010003974                __wrap___aeabi_cdcmpeq
 .text.__wrap___aeabi_dcmplt
                0x00000000100039d0        0xc CMakeFiles/blink.dir/home/niki/pico-sdk/src/rp2_common/pico_double/double_aeabi.S.obj
                0x00000000100039d0                __wrap___aeabi_dcmplt
 .text.__wrap___aeabi_dcmple
                0x00000000100039dc       0x10 CMakeFiles/blink.dir/home/niki/pico-sdk/src/rp2_common/pico_double/double_aeabi.S.obj
                0x00000000100039dc                __wrap___aeabi_dcmple
 .text.__wrap___aeabi_dcmpge
                0x00000000100039ec       0x10 CMakeFiles/blink.dir/home/niki/pico-sdk/src/rp2_common/pico_double/double_aeabi.S.obj
                0x00000000100039ec                __wrap___aeabi_dcmpge
 .text.__wrap___aeabi_dcmpgt
                0x00000000100039fc        0xa CMakeFiles/blink.dir/home/niki/pico-sdk/src/rp2_common/pico_double/double_aeabi.S.obj
                0x00000000100039fc                __wrap___aeabi_dcmpgt
 .text.__wrap___aeabi_dcmpun
                0x0000000010003a06       0x1c CMakeFiles/blink.dir/home/niki/pico-sdk/src/rp2_common/pico_double/double_aeabi.S.obj
                0x0000000010003a06                __wrap___aeabi_dcmpun
 *fill*         0x0000000010003a22        0x2 
 .text.__wrap___aeabi_i2d
                0x0000000010003a24       0x38 CMakeFiles/blink.dir/home/niki/pico-sdk/src/rp2_common/pico_double/double_aeabi.S.obj
                0x0000000010003a24                __wrap___aeabi_ui2d
                0x0000000010003a2c                __wrap___aeabi_i2d
 .text.__wrap___aeabi_d2iz
                0x0000000010003a5c       0x48 CMakeFiles/blink.dir/home/niki/pico-sdk/src/rp2_common/pico_double/double_aeabi.S.obj
                0x0000000010003a5c                __wrap___aeabi_d2iz
                0x0000000010003a5c                double2int_z
 .text.__wrap___aeabi_d2uiz
                0x0000000010003aa4       0x18 CMakeFiles/blink.dir/home/niki/pico-sdk/src/rp2_common/pico_double/double_aeabi.S.obj
                0x0000000010003aa4                double2uint
                0x0000000010003aa4                __wrap___aeabi_d2uiz
 .text.__aeabi_double_init
                0x0000000010003abc       0xc8 CMakeFiles/blink.dir/home/niki/pico-sdk/src/rp2_common/pico_double/double_init_rom.c.obj
                0x0000000010003abc                __aeabi_double_init
 .text.double_table_shim_on_use_helper
                0x0000000010003b84       0x34 CMakeFiles/blink.dir/home/niki/pico-sdk/src/rp2_common/pico_double/double_v1_rom_shim.S.obj
                0x0000000010003b84                double_table_shim_on_use_helper
 .text.__wrap___aeabi_dsub
                0x0000000010003bb8       0x10 CMakeFiles/blink.dir/home/niki/pico-sdk/src/rp2_common/pico_double/double_v1_rom_shim.S.obj
                0x0000000010003bb8                drsub_shim
                0x0000000010003bbe                dsub_shim
 .text.dadd_shim
                0x0000000010003bc8      0x15c CMakeFiles/blink.dir/home/niki/pico-sdk/src/rp2_common/pico_double/double_v1_rom_shim.S.obj
                0x0000000010003bc8                dadd_shim
 .text.dmul_shim
                0x0000000010003d24      0x15c CMakeFiles/blink.dir/home/niki/pico-sdk/src/rp2_common/pico_double/double_v1_rom_shim.S.obj
                0x0000000010003d24                dmul_shim
 .text.ddiv_shim
                0x0000000010003e80      0x1b0 CMakeFiles/blink.dir/home/niki/pico-sdk/src/rp2_common/pico_double/double_v1_rom_shim.S.obj
                0x0000000010003e80                ddiv_shim
 .text.double2uint_shim
                0x0000000010004030        0xe CMakeFiles/blink.dir/home/niki/pico-sdk/src/rp2_common/pico_double/double_v1_rom_shim.S.obj
                0x0000000010004030                double2uint_shim
                0x0000000010004032                double2ufix_shim
 *fill*         0x000000001000403e        0x2 
 .text.double2uint64_shim
                0x0000000010004040       0x70 CMakeFiles/blink.dir/home/niki/pico-sdk/src/rp2_common/pico_double/double_v1_rom_shim.S.obj
                0x0000000010004040                double2uint64_shim
                0x0000000010004042                double2ufix64_shim
                0x0000000010004062                d2fix_a
 .text.dunpacks
                0x00000000100040b0       0x3c CMakeFiles/blink.dir/home/niki/pico-sdk/src/rp2_common/pico_double/double_v1_rom_shim.S.obj
                0x00000000100040b0                dunpacks
 .text.__aeabi_lmul
                0x00000000100040ec       0x32 CMakeFiles/blink.dir/home/niki/pico-sdk/src/rp2_common/pico_int64_ops/pico_int64_ops_aeabi.S.obj
                0x00000000100040ec                __wrap___aeabi_lmul
 *fill*         0x000000001000411e        0x2 
 .text.__aeabi_float_init
                0x0000000010004120       0xfc CMakeFiles/blink.dir/home/niki/pico-sdk/src/rp2_common/pico_float/float_init_rom.c.obj
                0x0000000010004120                __aeabi_float_init
 .text.float_table_shim_on_use_helper
                0x000000001000421c       0x34 CMakeFiles/blink.dir/home/niki/pico-sdk/src/rp2_common/pico_float/float_v1_rom_shim.S.obj
                0x000000001000421c                float_table_shim_on_use_helper
 .text          0x0000000010004250       0x10 CMakeFiles/blink.dir/home/niki/pico-sdk/src/rp2_common/pico_mem_ops/mem_ops_aeabi.S.obj
                0x0000000010004250                __aeabi_mem_init
 .text.memset   0x0000000010004260        0xc CMakeFiles/blink.dir/home/niki/pico-sdk/src/rp2_common/pico_mem_ops/mem_ops_aeabi.S.obj
                0x0000000010004260                __wrap_memset
 .text.memcpy   0x000000001000426c        0xc CMakeFiles/blink.dir/home/niki/pico-sdk/src/rp2_common/pico_mem_ops/mem_ops_aeabi.S.obj
                0x000000001000426c                __wrap___aeabi_memcpy
                0x000000001000426c                __wrap_memcpy
 .text.stdio_out_chars_no_crlf
                0x0000000010004278        0xe CMakeFiles/blink.dir/home/niki/pico-sdk/src/rp2_common/pico_stdio/stdio.c.obj
 *fill*         0x0000000010004286        0x2 
 .text.stdio_out_chars_crlf
                0x0000000010004288       0x80 CMakeFiles/blink.dir/home/niki/pico-sdk/src/rp2_common/pico_stdio/stdio.c.obj
 .text.stdio_stack_buffer_flush
                0x0000000010004308       0x44 CMakeFiles/blink.dir/home/niki/pico-sdk/src/rp2_common/pico_stdio/stdio.c.obj
 .text.stdio_buffered_printer
                0x000000001000434c       0x20 CMakeFiles/blink.dir/home/niki/pico-sdk/src/rp2_common/pico_stdio/stdio.c.obj
 .text.stdout_serialize_begin
                0x000000001000436c       0x30 CMakeFiles/blink.dir/home/niki/pico-sdk/src/rp2_common/pico_stdio/stdio.c.obj
                0x000000001000436c                stdout_serialize_begin
 .text.stdout_serialize_end
                0x000000001000439c       0x10 CMakeFiles/blink.dir/home/niki/pico-sdk/src/rp2_common/pico_stdio/stdio.c.obj
                0x000000001000439c                stdout_serialize_end
 .text.stdio_put_string
                0x00000000100043ac       0x98 CMakeFiles/blink.dir/home/niki/pico-sdk/src/rp2_common/pico_stdio/stdio.c.obj
 .text.stdio_set_driver_enabled
                0x0000000010004444       0x2c CMakeFiles/blink.dir/home/niki/pico-sdk/src/rp2_common/pico_stdio/stdio.c.obj
                0x0000000010004444                stdio_set_driver_enabled
 .text.stdio_flush
                0x0000000010004470       0x20 CMakeFiles/blink.dir/home/niki/pico-sdk/src/rp2_common/pico_stdio/stdio.c.obj
                0x0000000010004470                stdio_flush
 .text.__wrap_puts
                0x0000000010004490       0x1e CMakeFiles/blink.dir/home/niki/pico-sdk/src/rp2_common/pico_stdio/stdio.c.obj
                0x0000000010004490                __wrap_puts
 *fill*         0x00000000100044ae        0x2 
 .text.__wrap_vprintf
                0x00000000100044b0       0x44 CMakeFiles/blink.dir/home/niki/pico-sdk/src/rp2_common/pico_stdio/stdio.c.obj
                0x00000000100044b0                __wrap_vprintf
 .text.__wrap_printf
                0x00000000100044f4       0x18 CMakeFiles/blink.dir/home/niki/pico-sdk/src/rp2_common/pico_stdio/stdio.c.obj
                0x00000000100044f4                __wrap_printf
 .text.resetd_init
                0x000000001000450c        0x2 CMakeFiles/blink.dir/home/niki/pico-sdk/src/rp2_common/pico_stdio_usb/reset_interface.c.obj
 *fill*         0x000000001000450e        0x2 
 .text.resetd_reset
                0x0000000010004510        0xc CMakeFiles/blink.dir/home/niki/pico-sdk/src/rp2_common/pico_stdio_usb/reset_interface.c.obj
 .text.resetd_open
                0x000000001000451c       0x34 CMakeFiles/blink.dir/home/niki/pico-sdk/src/rp2_common/pico_stdio_usb/reset_interface.c.obj
 .text.resetd_xfer_cb
                0x0000000010004550        0x4 CMakeFiles/blink.dir/home/niki/pico-sdk/src/rp2_common/pico_stdio_usb/reset_interface.c.obj
 .text.resetd_control_xfer_cb
                0x0000000010004554       0x6c CMakeFiles/blink.dir/home/niki/pico-sdk/src/rp2_common/pico_stdio_usb/reset_interface.c.obj
 .text.usbd_app_driver_get_cb
                0x00000000100045c0        0xc CMakeFiles/blink.dir/home/niki/pico-sdk/src/rp2_common/pico_stdio_usb/reset_interface.c.obj
                0x00000000100045c0                usbd_app_driver_get_cb
 .text.tud_cdc_line_coding_cb
                0x00000000100045cc       0x34 CMakeFiles/blink.dir/home/niki/pico-sdk/src/rp2_common/pico_stdio_usb/reset_interface.c.obj
                0x00000000100045cc                tud_cdc_line_coding_cb
 .text.stdio_usb_in_chars
                0x0000000010004600       0x70 CMakeFiles/blink.dir/home/niki/pico-sdk/src/rp2_common/pico_stdio_usb/stdio_usb.c.obj
                0x0000000010004600                stdio_usb_in_chars
 .text.low_priority_worker_irq
                0x0000000010004670       0x20 CMakeFiles/blink.dir/home/niki/pico-sdk/src/rp2_common/pico_stdio_usb/stdio_usb.c.obj
 .text.stdio_usb_out_chars
                0x0000000010004690       0xd4 CMakeFiles/blink.dir/home/niki/pico-sdk/src/rp2_common/pico_stdio_usb/stdio_usb.c.obj
 .text.timer_task
                0x0000000010004764       0x40 CMakeFiles/blink.dir/home/niki/pico-sdk/src/rp2_common/pico_stdio_usb/stdio_usb.c.obj
 .text.usb_irq  0x00000000100047a4       0x10 CMakeFiles/blink.dir/home/niki/pico-sdk/src/rp2_common/pico_stdio_usb/stdio_usb.c.obj
 .text.stdio_usb_init
                0x00000000100047b4       0xec CMakeFiles/blink.dir/home/niki/pico-sdk/src/rp2_common/pico_stdio_usb/stdio_usb.c.obj
                0x00000000100047b4                stdio_usb_init
 .text.tud_descriptor_device_cb
                0x00000000100048a0        0x8 CMakeFiles/blink.dir/home/niki/pico-sdk/src/rp2_common/pico_stdio_usb/stdio_usb_descriptors.c.obj
                0x00000000100048a0                tud_descriptor_device_cb
 .text.tud_descriptor_configuration_cb
                0x00000000100048a8        0x8 CMakeFiles/blink.dir/home/niki/pico-sdk/src/rp2_common/pico_stdio_usb/stdio_usb_descriptors.c.obj
                0x00000000100048a8                tud_descriptor_configuration_cb
 .text.tud_descriptor_string_cb
                0x00000000100048b0       0x6c CMakeFiles/blink.dir/home/niki/pico-sdk/src/rp2_common/pico_stdio_usb/stdio_usb_descriptors.c.obj
                0x00000000100048b0                tud_descriptor_string_cb
 .text.hw_endpoint_get_by_addr
                0x000000001000491c       0x18 CMakeFiles/blink.dir/home/niki/pico-sdk/lib/tinyusb/src/portable/raspberrypi/rp2040/dcd_rp2040.c.obj
 .text.reset_ep0_pid
                0x0000000010004934       0x28 CMakeFiles/blink.dir/home/niki/pico-sdk/lib/tinyusb/src/portable/raspberrypi/rp2040/dcd_rp2040.c.obj
 .text._hw_endpoint_alloc
                0x000000001000495c       0x70 CMakeFiles/blink.dir/home/niki/pico-sdk/lib/tinyusb/src/portable/raspberrypi/rp2040/dcd_rp2040.c.obj
 .text.hw_endpoint_init
                0x00000000100049cc       0x88 CMakeFiles/blink.dir/home/niki/pico-sdk/lib/tinyusb/src/portable/raspberrypi/rp2040/dcd_rp2040.c.obj
 .text.reset_non_control_endpoints
                0x0000000010004a54       0x40 CMakeFiles/blink.dir/home/niki/pico-sdk/lib/tinyusb/src/portable/raspberrypi/rp2040/dcd_rp2040.c.obj
 .text.hw_handle_buff_status
                0x0000000010004a94       0x8c CMakeFiles/blink.dir/home/niki/pico-sdk/lib/tinyusb/src/portable/raspberrypi/rp2040/dcd_rp2040.c.obj
 .text.dcd_rp2040_irq
                0x0000000010004b20       0xc0 CMakeFiles/blink.dir/home/niki/pico-sdk/lib/tinyusb/src/portable/raspberrypi/rp2040/dcd_rp2040.c.obj
 .text.hw_endpoint_xfer
                0x0000000010004be0       0x14 CMakeFiles/blink.dir/home/niki/pico-sdk/lib/tinyusb/src/portable/raspberrypi/rp2040/dcd_rp2040.c.obj
 .text.dcd_int_enable
                0x0000000010004bf4       0x2c CMakeFiles/blink.dir/home/niki/pico-sdk/lib/tinyusb/src/portable/raspberrypi/rp2040/dcd_rp2040.c.obj
                0x0000000010004bf4                dcd_int_enable
 .text.dcd_set_address
                0x0000000010004c20       0x2c CMakeFiles/blink.dir/home/niki/pico-sdk/lib/tinyusb/src/portable/raspberrypi/rp2040/dcd_rp2040.c.obj
                0x0000000010004c20                dcd_set_address
 .text.dcd_connect
                0x0000000010004c4c       0x10 CMakeFiles/blink.dir/home/niki/pico-sdk/lib/tinyusb/src/portable/raspberrypi/rp2040/dcd_rp2040.c.obj
                0x0000000010004c4c                dcd_connect
 .text.dcd_init
                0x0000000010004c5c       0x7c CMakeFiles/blink.dir/home/niki/pico-sdk/lib/tinyusb/src/portable/raspberrypi/rp2040/dcd_rp2040.c.obj
                0x0000000010004c5c                dcd_init
 .text.dcd_edpt0_status_complete
                0x0000000010004cd8       0x1c CMakeFiles/blink.dir/home/niki/pico-sdk/lib/tinyusb/src/portable/raspberrypi/rp2040/dcd_rp2040.c.obj
                0x0000000010004cd8                dcd_edpt0_status_complete
 .text.dcd_edpt_open
                0x0000000010004cf4       0x40 CMakeFiles/blink.dir/home/niki/pico-sdk/lib/tinyusb/src/portable/raspberrypi/rp2040/dcd_rp2040.c.obj
                0x0000000010004cf4                dcd_edpt_open
 .text.dcd_edpt_close_all
                0x0000000010004d34        0x8 CMakeFiles/blink.dir/home/niki/pico-sdk/lib/tinyusb/src/portable/raspberrypi/rp2040/dcd_rp2040.c.obj
                0x0000000010004d34                dcd_edpt_close_all
 .text.dcd_edpt_xfer
                0x0000000010004d3c       0x30 CMakeFiles/blink.dir/home/niki/pico-sdk/lib/tinyusb/src/portable/raspberrypi/rp2040/dcd_rp2040.c.obj
                0x0000000010004d3c                dcd_edpt_xfer
 .text.dcd_edpt_stall
                0x0000000010004d6c       0x2c CMakeFiles/blink.dir/home/niki/pico-sdk/lib/tinyusb/src/portable/raspberrypi/rp2040/dcd_rp2040.c.obj
                0x0000000010004d6c                dcd_edpt_stall
 .text.dcd_edpt_clear_stall
                0x0000000010004d98       0x20 CMakeFiles/blink.dir/home/niki/pico-sdk/lib/tinyusb/src/portable/raspberrypi/rp2040/dcd_rp2040.c.obj
                0x0000000010004d98                dcd_edpt_clear_stall
 .text.prepare_ep_buffer
                0x0000000010004db8       0x70 CMakeFiles/blink.dir/home/niki/pico-sdk/lib/tinyusb/src/portable/raspberrypi/rp2040/rp2040_usb.c.obj
 .text.sync_ep_buffer
                0x0000000010004e28       0x7c CMakeFiles/blink.dir/home/niki/pico-sdk/lib/tinyusb/src/portable/raspberrypi/rp2040/rp2040_usb.c.obj
 .text._hw_endpoint_xfer_sync
                0x0000000010004ea4       0x28 CMakeFiles/blink.dir/home/niki/pico-sdk/lib/tinyusb/src/portable/raspberrypi/rp2040/rp2040_usb.c.obj
 .text.rp2040_usb_init
                0x0000000010004ecc       0x4c CMakeFiles/blink.dir/home/niki/pico-sdk/lib/tinyusb/src/portable/raspberrypi/rp2040/rp2040_usb.c.obj
                0x0000000010004ecc                rp2040_usb_init
 .text.hw_endpoint_reset_transfer
                0x0000000010004f18        0xc CMakeFiles/blink.dir/home/niki/pico-sdk/lib/tinyusb/src/portable/raspberrypi/rp2040/rp2040_usb.c.obj
                0x0000000010004f18                hw_endpoint_reset_transfer
 .text._hw_endpoint_buffer_control_update32
                0x0000000010004f24       0x58 CMakeFiles/blink.dir/home/niki/pico-sdk/lib/tinyusb/src/portable/raspberrypi/rp2040/rp2040_usb.c.obj
                0x0000000010004f24                _hw_endpoint_buffer_control_update32
 .text._hw_endpoint_start_next_buffer
                0x0000000010004f7c       0x74 CMakeFiles/blink.dir/home/niki/pico-sdk/lib/tinyusb/src/portable/raspberrypi/rp2040/rp2040_usb.c.obj
 .text.hw_endpoint_xfer_start
                0x0000000010004ff0       0x48 CMakeFiles/blink.dir/home/niki/pico-sdk/lib/tinyusb/src/portable/raspberrypi/rp2040/rp2040_usb.c.obj
                0x0000000010004ff0                hw_endpoint_xfer_start
 .text.hw_endpoint_xfer_continue
                0x0000000010005038       0x38 CMakeFiles/blink.dir/home/niki/pico-sdk/lib/tinyusb/src/portable/raspberrypi/rp2040/rp2040_usb.c.obj
                0x0000000010005038                hw_endpoint_xfer_continue
 .text.configuration_reset
                0x0000000010005070       0x84 CMakeFiles/blink.dir/home/niki/pico-sdk/lib/tinyusb/src/device/usbd.c.obj
 .text.usbd_reset
                0x00000000100050f4        0xc CMakeFiles/blink.dir/home/niki/pico-sdk/lib/tinyusb/src/device/usbd.c.obj
 .text.invoke_class_control
                0x0000000010005100       0x1a CMakeFiles/blink.dir/home/niki/pico-sdk/lib/tinyusb/src/device/usbd.c.obj
 *fill*         0x000000001000511a        0x2 
 .text.process_set_config
                0x000000001000511c      0x1ac CMakeFiles/blink.dir/home/niki/pico-sdk/lib/tinyusb/src/device/usbd.c.obj
 .text.process_get_descriptor
                0x00000000100052c8       0xec CMakeFiles/blink.dir/home/niki/pico-sdk/lib/tinyusb/src/device/usbd.c.obj
 .text.tud_mounted
                0x00000000100053b4       0x10 CMakeFiles/blink.dir/home/niki/pico-sdk/lib/tinyusb/src/device/usbd.c.obj
                0x00000000100053b4                tud_mounted
 .text.tud_suspended
                0x00000000100053c4       0x10 CMakeFiles/blink.dir/home/niki/pico-sdk/lib/tinyusb/src/device/usbd.c.obj
                0x00000000100053c4                tud_suspended
 .text.tud_inited
                0x00000000100053d4        0xc CMakeFiles/blink.dir/home/niki/pico-sdk/lib/tinyusb/src/device/usbd.c.obj
                0x00000000100053d4                tud_inited
 .text.tud_init
                0x00000000100053e0       0xcc CMakeFiles/blink.dir/home/niki/pico-sdk/lib/tinyusb/src/device/usbd.c.obj
                0x00000000100053e0                tud_init
 .text.dcd_event_handler
                0x00000000100054ac      0x1e0 CMakeFiles/blink.dir/home/niki/pico-sdk/lib/tinyusb/src/device/usbd.c.obj
                0x00000000100054ac                dcd_event_handler
 .text.dcd_event_bus_signal
                0x000000001000568c       0x26 CMakeFiles/blink.dir/home/niki/pico-sdk/lib/tinyusb/src/device/usbd.c.obj
                0x000000001000568c                dcd_event_bus_signal
 .text.dcd_event_bus_reset
                0x00000000100056b2       0x2a CMakeFiles/blink.dir/home/niki/pico-sdk/lib/tinyusb/src/device/usbd.c.obj
                0x00000000100056b2                dcd_event_bus_reset
 .text.dcd_event_setup_received
                0x00000000100056dc       0x34 CMakeFiles/blink.dir/home/niki/pico-sdk/lib/tinyusb/src/device/usbd.c.obj
                0x00000000100056dc                dcd_event_setup_received
 .text.dcd_event_xfer_complete
                0x0000000010005710       0x44 CMakeFiles/blink.dir/home/niki/pico-sdk/lib/tinyusb/src/device/usbd.c.obj
                0x0000000010005710                dcd_event_xfer_complete
 .text.usbd_edpt_open
                0x0000000010005754       0x58 CMakeFiles/blink.dir/home/niki/pico-sdk/lib/tinyusb/src/device/usbd.c.obj
                0x0000000010005754                usbd_edpt_open
 .text.usbd_open_edpt_pair
                0x00000000100057ac       0x8c CMakeFiles/blink.dir/home/niki/pico-sdk/lib/tinyusb/src/device/usbd.c.obj
                0x00000000100057ac                usbd_open_edpt_pair
 .text.usbd_edpt_claim
                0x0000000010005838       0x8c CMakeFiles/blink.dir/home/niki/pico-sdk/lib/tinyusb/src/device/usbd.c.obj
                0x0000000010005838                usbd_edpt_claim
 .text.usbd_edpt_release
                0x00000000100058c4       0x68 CMakeFiles/blink.dir/home/niki/pico-sdk/lib/tinyusb/src/device/usbd.c.obj
                0x00000000100058c4                usbd_edpt_release
 .text.usbd_edpt_xfer
                0x000000001000592c       0x80 CMakeFiles/blink.dir/home/niki/pico-sdk/lib/tinyusb/src/device/usbd.c.obj
                0x000000001000592c                usbd_edpt_xfer
 .text.usbd_edpt_stall
                0x00000000100059ac       0x40 CMakeFiles/blink.dir/home/niki/pico-sdk/lib/tinyusb/src/device/usbd.c.obj
                0x00000000100059ac                usbd_edpt_stall
 .text.usbd_edpt_clear_stall
                0x00000000100059ec       0x40 CMakeFiles/blink.dir/home/niki/pico-sdk/lib/tinyusb/src/device/usbd.c.obj
                0x00000000100059ec                usbd_edpt_clear_stall
 .text.usbd_edpt_stalled
                0x0000000010005a2c       0x1c CMakeFiles/blink.dir/home/niki/pico-sdk/lib/tinyusb/src/device/usbd.c.obj
                0x0000000010005a2c                usbd_edpt_stalled
 .text.process_control_request
                0x0000000010005a48      0x3b8 CMakeFiles/blink.dir/home/niki/pico-sdk/lib/tinyusb/src/device/usbd.c.obj
 .text.tud_task
                0x0000000010005e00      0x218 CMakeFiles/blink.dir/home/niki/pico-sdk/lib/tinyusb/src/device/usbd.c.obj
                0x0000000010005e00                tud_task
 .text._data_stage_xact
                0x0000000010006018       0x58 CMakeFiles/blink.dir/home/niki/pico-sdk/lib/tinyusb/src/device/usbd_control.c.obj
 .text.tud_control_status
                0x0000000010006070       0x38 CMakeFiles/blink.dir/home/niki/pico-sdk/lib/tinyusb/src/device/usbd_control.c.obj
                0x0000000010006070                tud_control_status
 .text.tud_control_xfer
                0x00000000100060a8       0xa8 CMakeFiles/blink.dir/home/niki/pico-sdk/lib/tinyusb/src/device/usbd_control.c.obj
                0x00000000100060a8                tud_control_xfer
 .text.usbd_control_reset
                0x0000000010006150       0x14 CMakeFiles/blink.dir/home/niki/pico-sdk/lib/tinyusb/src/device/usbd_control.c.obj
                0x0000000010006150                usbd_control_reset
 .text.usbd_control_set_complete_callback
                0x0000000010006164        0xc CMakeFiles/blink.dir/home/niki/pico-sdk/lib/tinyusb/src/device/usbd_control.c.obj
                0x0000000010006164                usbd_control_set_complete_callback
 .text.usbd_control_set_request
                0x0000000010006170       0x1c CMakeFiles/blink.dir/home/niki/pico-sdk/lib/tinyusb/src/device/usbd_control.c.obj
                0x0000000010006170                usbd_control_set_request
 .text.usbd_control_xfer_cb
                0x000000001000618c       0xfc CMakeFiles/blink.dir/home/niki/pico-sdk/lib/tinyusb/src/device/usbd_control.c.obj
                0x000000001000618c                usbd_control_xfer_cb
 .text._prep_out_transaction
                0x0000000010006288       0x46 CMakeFiles/blink.dir/home/niki/pico-sdk/lib/tinyusb/src/class/cdc/cdc_device.c.obj
 *fill*         0x00000000100062ce        0x2 
 .text.tud_cdc_n_connected
                0x00000000100062d0       0x44 CMakeFiles/blink.dir/home/niki/pico-sdk/lib/tinyusb/src/class/cdc/cdc_device.c.obj
                0x00000000100062d0                tud_cdc_n_connected
 .text.tud_cdc_n_available
                0x0000000010006314       0x18 CMakeFiles/blink.dir/home/niki/pico-sdk/lib/tinyusb/src/class/cdc/cdc_device.c.obj
                0x0000000010006314                tud_cdc_n_available
 .text.tud_cdc_n_read
                0x000000001000632c       0x28 CMakeFiles/blink.dir/home/niki/pico-sdk/lib/tinyusb/src/class/cdc/cdc_device.c.obj
                0x000000001000632c                tud_cdc_n_read
 .text.tud_cdc_n_write_flush
                0x0000000010006354       0xcc CMakeFiles/blink.dir/home/niki/pico-sdk/lib/tinyusb/src/class/cdc/cdc_device.c.obj
                0x0000000010006354                tud_cdc_n_write_flush
 .text.tud_cdc_n_write
                0x0000000010006420       0x38 CMakeFiles/blink.dir/home/niki/pico-sdk/lib/tinyusb/src/class/cdc/cdc_device.c.obj
                0x0000000010006420                tud_cdc_n_write
 .text.tud_cdc_n_write_available
                0x0000000010006458       0x1c CMakeFiles/blink.dir/home/niki/pico-sdk/lib/tinyusb/src/class/cdc/cdc_device.c.obj
                0x0000000010006458                tud_cdc_n_write_available
 .text.cdcd_init
                0x0000000010006474       0xbc CMakeFiles/blink.dir/home/niki/pico-sdk/lib/tinyusb/src/class/cdc/cdc_device.c.obj
                0x0000000010006474                cdcd_init
 .text.cdcd_reset
                0x0000000010006530       0x44 CMakeFiles/blink.dir/home/niki/pico-sdk/lib/tinyusb/src/class/cdc/cdc_device.c.obj
                0x0000000010006530                cdcd_reset
 .text.cdcd_open
                0x0000000010006574       0xf8 CMakeFiles/blink.dir/home/niki/pico-sdk/lib/tinyusb/src/class/cdc/cdc_device.c.obj
                0x0000000010006574                cdcd_open
 .text.cdcd_control_xfer_cb
                0x000000001000666c      0x134 CMakeFiles/blink.dir/home/niki/pico-sdk/lib/tinyusb/src/class/cdc/cdc_device.c.obj
                0x000000001000666c                cdcd_control_xfer_cb
 .text.cdcd_xfer_cb
                0x00000000100067a0      0x144 CMakeFiles/blink.dir/home/niki/pico-sdk/lib/tinyusb/src/class/cdc/cdc_device.c.obj
                0x00000000100067a0                cdcd_xfer_cb
 .text.tusb_init
                0x00000000100068e4       0x24 CMakeFiles/blink.dir/home/niki/pico-sdk/lib/tinyusb/src/tusb.c.obj
                0x00000000100068e4                tusb_init
 .text.tusb_inited
                0x0000000010006908        0xe CMakeFiles/blink.dir/home/niki/pico-sdk/lib/tinyusb/src/tusb.c.obj
                0x0000000010006908                tusb_inited
 *fill*         0x0000000010006916        0x2 
 .text.tu_edpt_validate
                0x0000000010006918       0xa8 CMakeFiles/blink.dir/home/niki/pico-sdk/lib/tinyusb/src/tusb.c.obj
                0x0000000010006918                tu_edpt_validate
 .text.tu_edpt_bind_driver
                0x00000000100069c0       0x2a CMakeFiles/blink.dir/home/niki/pico-sdk/lib/tinyusb/src/tusb.c.obj
                0x00000000100069c0                tu_edpt_bind_driver
 .text.advance_pointer
                0x00000000100069ea       0x18 CMakeFiles/blink.dir/home/niki/pico-sdk/lib/tinyusb/src/common/tusb_fifo.c.obj
 .text.backward_pointer
                0x0000000010006a02       0x1e CMakeFiles/blink.dir/home/niki/pico-sdk/lib/tinyusb/src/common/tusb_fifo.c.obj
 .text.get_relative_pointer
                0x0000000010006a20       0x10 CMakeFiles/blink.dir/home/niki/pico-sdk/lib/tinyusb/src/common/tusb_fifo.c.obj
 .text._tu_fifo_peek
                0x0000000010006a30       0x50 CMakeFiles/blink.dir/home/niki/pico-sdk/lib/tinyusb/src/common/tusb_fifo.c.obj
 .text._ff_pull_const_addr
                0x0000000010006a80       0x4c CMakeFiles/blink.dir/home/niki/pico-sdk/lib/tinyusb/src/common/tusb_fifo.c.obj
 .text._ff_pull_n
                0x0000000010006acc      0x10c CMakeFiles/blink.dir/home/niki/pico-sdk/lib/tinyusb/src/common/tusb_fifo.c.obj
 .text._tu_fifo_peek_n
                0x0000000010006bd8       0x5e CMakeFiles/blink.dir/home/niki/pico-sdk/lib/tinyusb/src/common/tusb_fifo.c.obj
 .text._tu_fifo_read_n
                0x0000000010006c36       0x4e CMakeFiles/blink.dir/home/niki/pico-sdk/lib/tinyusb/src/common/tusb_fifo.c.obj
 .text._ff_push_const_addr
                0x0000000010006c84       0x40 CMakeFiles/blink.dir/home/niki/pico-sdk/lib/tinyusb/src/common/tusb_fifo.c.obj
 .text._ff_push_n
                0x0000000010006cc4      0x106 CMakeFiles/blink.dir/home/niki/pico-sdk/lib/tinyusb/src/common/tusb_fifo.c.obj
 .text._tu_fifo_write_n
                0x0000000010006dca       0x9e CMakeFiles/blink.dir/home/niki/pico-sdk/lib/tinyusb/src/common/tusb_fifo.c.obj
 .text.tu_fifo_config
                0x0000000010006e68       0x72 CMakeFiles/blink.dir/home/niki/pico-sdk/lib/tinyusb/src/common/tusb_fifo.c.obj
                0x0000000010006e68                tu_fifo_config
 .text.tu_fifo_count
                0x0000000010006eda       0x26 CMakeFiles/blink.dir/home/niki/pico-sdk/lib/tinyusb/src/common/tusb_fifo.c.obj
                0x0000000010006eda                tu_fifo_count
 .text.tu_fifo_empty
                0x0000000010006f00        0xe CMakeFiles/blink.dir/home/niki/pico-sdk/lib/tinyusb/src/common/tusb_fifo.c.obj
                0x0000000010006f00                tu_fifo_empty
 .text.tu_fifo_remaining
                0x0000000010006f0e       0x20 CMakeFiles/blink.dir/home/niki/pico-sdk/lib/tinyusb/src/common/tusb_fifo.c.obj
                0x0000000010006f0e                tu_fifo_remaining
 .text.tu_fifo_read
                0x0000000010006f2e       0x42 CMakeFiles/blink.dir/home/niki/pico-sdk/lib/tinyusb/src/common/tusb_fifo.c.obj
                0x0000000010006f2e                tu_fifo_read
 .text.tu_fifo_read_n
                0x0000000010006f70        0xa CMakeFiles/blink.dir/home/niki/pico-sdk/lib/tinyusb/src/common/tusb_fifo.c.obj
                0x0000000010006f70                tu_fifo_read_n
 .text.tu_fifo_write
                0x0000000010006f7a       0x6c CMakeFiles/blink.dir/home/niki/pico-sdk/lib/tinyusb/src/common/tusb_fifo.c.obj
                0x0000000010006f7a                tu_fifo_write
 .text.tu_fifo_write_n
                0x0000000010006fe6        0xa CMakeFiles/blink.dir/home/niki/pico-sdk/lib/tinyusb/src/common/tusb_fifo.c.obj
                0x0000000010006fe6                tu_fifo_write_n
 .text.tu_fifo_clear
                0x0000000010006ff0       0x4c CMakeFiles/blink.dir/home/niki/pico-sdk/lib/tinyusb/src/common/tusb_fifo.c.obj
                0x0000000010006ff0                tu_fifo_clear
 .text.tu_fifo_set_overwritable
                0x000000001000703c       0x3c CMakeFiles/blink.dir/home/niki/pico-sdk/lib/tinyusb/src/common/tusb_fifo.c.obj
                0x000000001000703c                tu_fifo_set_overwritable
 .text._retrieve_unique_id_on_boot
                0x0000000010007078       0x10 CMakeFiles/blink.dir/home/niki/pico-sdk/src/rp2_common/pico_unique_id/unique_id.c.obj
 .text.pico_get_unique_board_id_string
                0x0000000010007088       0x60 CMakeFiles/blink.dir/home/niki/pico-sdk/src/rp2_common/pico_unique_id/unique_id.c.obj
                0x0000000010007088                pico_get_unique_board_id_string
 .text.flash_get_unique_id
                0x00000000100070e8       0x46 CMakeFiles/blink.dir/home/niki/pico-sdk/src/rp2_common/hardware_flash/flash.c.obj
                0x00000000100070e8                flash_get_unique_id
 *fill*         0x000000001000712e        0x2 
 .text          0x0000000010007130       0x68 /usr/lib/gcc/arm-none-eabi/9.2.1/../../../arm-none-eabi/lib/thumb/v6-m/nofp/libg.a(lib_a-strlen-stub.o)
                0x0000000010007130                strlen
 *(.fini)
 .fini          0x0000000010007198        0x4 /usr/lib/gcc/arm-none-eabi/9.2.1/thumb/v6-m/nofp/crti.o
                0x0000000010007198                _fini
 *fill*         0x000000001000719c        0x4 
 .fini.__stub   0x00000000100071a0       0x70 linker stubs
 *crtbegin.o(.ctors)
 *crtbegin?.o(.ctors)
 *(EXCLUDE_FILE(*crtend.o *crtend?.o) .ctors)
 *(SORT_BY_NAME(.ctors.*))
 *(.ctors)
 *crtbegin.o(.dtors)
 *crtbegin?.o(.dtors)
 *(EXCLUDE_FILE(*crtend.o *crtend?.o) .dtors)
 *(SORT_BY_NAME(.dtors.*))
 *(.dtors)
 *(.eh_frame*)
 .eh_frame      0x0000000010007210        0x0 /usr/lib/gcc/arm-none-eabi/9.2.1/thumb/v6-m/nofp/crtbegin.o
                0x0000000010007210                . = ALIGN (0x4)

.glue_7         0x0000000010007210        0x0
 .glue_7        0x0000000010007210        0x0 linker stubs

.glue_7t        0x0000000010007210        0x0
 .glue_7t       0x0000000010007210        0x0 linker stubs

.vfp11_veneer   0x0000000010007210        0x0
 .vfp11_veneer  0x0000000010007210        0x0 linker stubs

.v4_bx          0x0000000010007210        0x0
 .v4_bx         0x0000000010007210        0x0 linker stubs

.iplt           0x0000000010007210        0x0
 .iplt          0x0000000010007210        0x0 /usr/lib/gcc/arm-none-eabi/9.2.1/thumb/v6-m/nofp/crtbegin.o

.rodata         0x0000000010007210     0x1628
 *(EXCLUDE_FILE(*libm.a: *libc.a:*lib_a-mem*.o *libgcc.a:) .rodata*)
 .rodata.main.str1.4
                0x0000000010007210       0x17 CMakeFiles/blink.dir/blink.c.obj
 *fill*         0x0000000010007227        0x1 
 .rodata.spin_lock_claim_unused.str1.4
                0x0000000010007228       0x1b CMakeFiles/blink.dir/home/niki/pico-sdk/src/rp2_common/hardware_sync/sync.c.obj
 *fill*         0x0000000010007243        0x1 
 .rodata.make_branch.str1.4
                0x0000000010007244       0x66 CMakeFiles/blink.dir/home/niki/pico-sdk/src/rp2_common/hardware_irq/irq.c.obj
 *fill*         0x00000000100072aa        0x2 
 .rodata.insert_branch_and_link.str1.4
                0x00000000100072ac       0x10 CMakeFiles/blink.dir/home/niki/pico-sdk/src/rp2_common/hardware_irq/irq.c.obj
 .rodata.irq_set_exclusive_handler.str1.4
                0x00000000100072bc       0x36 CMakeFiles/blink.dir/home/niki/pico-sdk/src/rp2_common/hardware_irq/irq.c.obj
 *fill*         0x00000000100072f2        0x2 
 .rodata.irq_add_shared_handler.str1.4
                0x00000000100072f4       0xd9 CMakeFiles/blink.dir/home/niki/pico-sdk/src/rp2_common/hardware_irq/irq.c.obj
 *fill*         0x00000000100073cd        0x3 
 .rodata.irq_remove_handler.str1.4
                0x00000000100073d0       0x2a CMakeFiles/blink.dir/home/niki/pico-sdk/src/rp2_common/hardware_irq/irq.c.obj
 *fill*         0x00000000100073fa        0x2 
 .rodata.irq_add_tail_to_free_list.str1.4
                0x00000000100073fc       0x3a CMakeFiles/blink.dir/home/niki/pico-sdk/src/rp2_common/hardware_irq/irq.c.obj
 *fill*         0x0000000010007436        0x2 
 .rodata.user_irq_claim_unused.str1.4
                0x0000000010007438       0x1b CMakeFiles/blink.dir/home/niki/pico-sdk/src/rp2_common/hardware_irq/irq.c.obj
 *fill*         0x0000000010007453        0x1 
 .rodata.__func__.4777
                0x0000000010007454       0x1a CMakeFiles/blink.dir/home/niki/pico-sdk/src/rp2_common/hardware_irq/irq.c.obj
 *fill*         0x000000001000746e        0x2 
 .rodata.__func__.4791
                0x0000000010007470        0xc CMakeFiles/blink.dir/home/niki/pico-sdk/src/rp2_common/hardware_irq/irq.c.obj
 .rodata.__func__.4799
                0x000000001000747c       0x17 CMakeFiles/blink.dir/home/niki/pico-sdk/src/rp2_common/hardware_irq/irq.c.obj
 *fill*         0x0000000010007493        0x1 
 .rodata.__func__.4803
                0x0000000010007494        0xf CMakeFiles/blink.dir/home/niki/pico-sdk/src/rp2_common/hardware_irq/irq.c.obj
 *fill*         0x00000000100074a3        0x1 
 .rodata.__func__.4820
                0x00000000100074a4       0x17 CMakeFiles/blink.dir/home/niki/pico-sdk/src/rp2_common/hardware_irq/irq.c.obj
 *fill*         0x00000000100074bb        0x1 
 .rodata.__func__.4842
                0x00000000100074bc       0x13 CMakeFiles/blink.dir/home/niki/pico-sdk/src/rp2_common/hardware_irq/irq.c.obj
 *fill*         0x00000000100074cf        0x1 
 .rodata.__func__.4864
                0x00000000100074d0       0x1a CMakeFiles/blink.dir/home/niki/pico-sdk/src/rp2_common/hardware_irq/irq.c.obj
 *fill*         0x00000000100074ea        0x2 
 .rodata.repeating_timer_callback.str1.4
                0x00000000100074ec       0x44 CMakeFiles/blink.dir/home/niki/pico-sdk/src/common/pico_time/time.c.obj
 .rodata.alarm_pool_dump_key.str1.4
                0x0000000010007530       0x33 CMakeFiles/blink.dir/home/niki/pico-sdk/src/common/pico_time/time.c.obj
 *fill*         0x0000000010007563        0x1 
 .rodata.ph_add_child_node.str1.4
                0x0000000010007564       0x8e CMakeFiles/blink.dir/home/niki/pico-sdk/src/common/pico_time/time.c.obj
 *fill*         0x00000000100075f2        0x2 
 .rodata.add_alarm_under_lock.str1.4
                0x00000000100075f4       0x28 CMakeFiles/blink.dir/home/niki/pico-sdk/src/common/pico_time/time.c.obj
                                         0x2b (size before relaxing)
 .rodata.alarm_pool_alarm_callback.str1.4
                0x000000001000761c       0xde CMakeFiles/blink.dir/home/niki/pico-sdk/src/common/pico_time/time.c.obj
 *fill*         0x00000000100076fa        0x2 
 .rodata.alarm_pool_get_default.str1.4
                0x00000000100076fc       0x21 CMakeFiles/blink.dir/home/niki/pico-sdk/src/common/pico_time/time.c.obj
 *fill*         0x000000001000771d        0x3 
 .rodata.alarm_pool_cancel_alarm.str1.4
                0x0000000010007720       0x27 CMakeFiles/blink.dir/home/niki/pico-sdk/src/common/pico_time/time.c.obj
 *fill*         0x0000000010007747        0x1 
 .rodata.__func__.5701
                0x0000000010007748       0x15 CMakeFiles/blink.dir/home/niki/pico-sdk/src/common/pico_time/time.c.obj
 *fill*         0x000000001000775d        0x3 
 .rodata.__func__.6019
                0x0000000010007760        0xc CMakeFiles/blink.dir/home/niki/pico-sdk/src/common/pico_time/time.c.obj
 .rodata.__func__.6026
                0x000000001000776c       0x12 CMakeFiles/blink.dir/home/niki/pico-sdk/src/common/pico_time/time.c.obj
 *fill*         0x000000001000777e        0x2 
 .rodata.__func__.6042
                0x0000000010007780        0xf CMakeFiles/blink.dir/home/niki/pico-sdk/src/common/pico_time/time.c.obj
 *fill*         0x000000001000778f        0x1 
 .rodata.__func__.6064
                0x0000000010007790        0xd CMakeFiles/blink.dir/home/niki/pico-sdk/src/common/pico_time/time.c.obj
 *fill*         0x000000001000779d        0x3 
 .rodata.__func__.6287
                0x00000000100077a0        0xa CMakeFiles/blink.dir/home/niki/pico-sdk/src/common/pico_time/time.c.obj
 *fill*         0x00000000100077aa        0x2 
 .rodata.__func__.6292
                0x00000000100077ac       0x12 CMakeFiles/blink.dir/home/niki/pico-sdk/src/common/pico_time/time.c.obj
 *fill*         0x00000000100077be        0x2 
 .rodata.__func__.6307
                0x00000000100077c0       0x17 CMakeFiles/blink.dir/home/niki/pico-sdk/src/common/pico_time/time.c.obj
 *fill*         0x00000000100077d7        0x1 
 .rodata.__func__.6318
                0x00000000100077d8       0x15 CMakeFiles/blink.dir/home/niki/pico-sdk/src/common/pico_time/time.c.obj
 *fill*         0x00000000100077ed        0x3 
 .rodata.__func__.6335
                0x00000000100077f0       0x1a CMakeFiles/blink.dir/home/niki/pico-sdk/src/common/pico_time/time.c.obj
 *fill*         0x000000001000780a        0x2 
 .rodata.__func__.6374
                0x000000001000780c       0x18 CMakeFiles/blink.dir/home/niki/pico-sdk/src/common/pico_time/time.c.obj
 .rodata.hardware_alarm_claim.str1.4
                0x0000000010007824       0x22 CMakeFiles/blink.dir/home/niki/pico-sdk/src/rp2_common/hardware_timer/timer.c.obj
 *fill*         0x0000000010007846        0x2 
 .rodata.hardware_alarm_set_target.str1.4
                0x0000000010007848       0x5e CMakeFiles/blink.dir/home/niki/pico-sdk/src/rp2_common/hardware_timer/timer.c.obj
 *fill*         0x00000000100078a6        0x2 
 .rodata.__func__.4575
                0x00000000100078a8       0x1a CMakeFiles/blink.dir/home/niki/pico-sdk/src/rp2_common/hardware_timer/timer.c.obj
 .rodata.ph_add_child_node.str1.4
                0x00000000100078c2       0x8e CMakeFiles/blink.dir/home/niki/pico-sdk/src/common/pico_util/pheap.c.obj
 *fill*         0x00000000100078c2        0x2 
 .rodata.ph_remove_any_head.str1.4
                0x00000000100078c4       0x88 CMakeFiles/blink.dir/home/niki/pico-sdk/src/common/pico_util/pheap.c.obj
 .rodata.ph_remove_and_free_node.str1.4
                0x000000001000794c       0x1e CMakeFiles/blink.dir/home/niki/pico-sdk/src/common/pico_util/pheap.c.obj
                                         0x26 (size before relaxing)
 *fill*         0x000000001000796a        0x2 
 .rodata.__func__.5717
                0x000000001000796c        0xc CMakeFiles/blink.dir/home/niki/pico-sdk/src/common/pico_util/pheap.c.obj
 .rodata.__func__.5724
                0x0000000010007978       0x12 CMakeFiles/blink.dir/home/niki/pico-sdk/src/common/pico_util/pheap.c.obj
 *fill*         0x000000001000798a        0x2 
 .rodata.__func__.5810
                0x000000001000798c       0x13 CMakeFiles/blink.dir/home/niki/pico-sdk/src/common/pico_util/pheap.c.obj
 *fill*         0x000000001000799f        0x1 
 .rodata.__func__.5828
                0x00000000100079a0       0x18 CMakeFiles/blink.dir/home/niki/pico-sdk/src/common/pico_util/pheap.c.obj
 .rodata.str1.4
                0x00000000100079b8       0x85 CMakeFiles/blink.dir/home/niki/pico-sdk/src/common/pico_sync/mutex.c.obj
                                         0xe1 (size before relaxing)
 *fill*         0x0000000010007a3d        0x3 
 .rodata.__func__.4193
                0x0000000010007a40       0x15 CMakeFiles/blink.dir/home/niki/pico-sdk/src/common/pico_sync/mutex.c.obj
 *fill*         0x0000000010007a55        0x3 
 .rodata.__func__.4690
                0x0000000010007a58       0x18 CMakeFiles/blink.dir/home/niki/pico-sdk/src/common/pico_sync/mutex.c.obj
 .rodata.__func__.4709
                0x0000000010007a70        0xb CMakeFiles/blink.dir/home/niki/pico-sdk/src/common/pico_sync/mutex.c.obj
 *fill*         0x0000000010007a7b        0x1 
 .rodata.__assert_func.str1.4
                0x0000000010007a7c       0x3f CMakeFiles/blink.dir/home/niki/pico-sdk/src/rp2_common/pico_runtime/runtime.c.obj
                                         0x43 (size before relaxing)
 *fill*         0x0000000010007abb        0x1 
 .rodata.runtime_init.str1.4
                0x0000000010007abc       0x5a CMakeFiles/blink.dir/home/niki/pico-sdk/src/rp2_common/pico_runtime/runtime.c.obj
 *fill*         0x0000000010007b16        0x2 
 .rodata.panic.str1.4
                0x0000000010007b18       0x12 CMakeFiles/blink.dir/home/niki/pico-sdk/src/rp2_common/pico_runtime/runtime.c.obj
 *fill*         0x0000000010007b2a        0x2 
 .rodata.__func__.5835
                0x0000000010007b2c        0xd CMakeFiles/blink.dir/home/niki/pico-sdk/src/rp2_common/pico_runtime/runtime.c.obj
 *fill*         0x0000000010007b39        0x3 
 .rodata.clock_configure.str1.4
                0x0000000010007b3c       0x50 CMakeFiles/blink.dir/home/niki/pico-sdk/src/rp2_common/hardware_clocks/clocks.c.obj
 .rodata.__func__.4759
                0x0000000010007b8c       0x10 CMakeFiles/blink.dir/home/niki/pico-sdk/src/rp2_common/hardware_clocks/clocks.c.obj
 .rodata.pll_init.str1.4
                0x0000000010007b9c      0x133 CMakeFiles/blink.dir/home/niki/pico-sdk/src/rp2_common/hardware_pll/pll.c.obj
 *fill*         0x0000000010007ccf        0x1 
 .rodata.__func__.4416
                0x0000000010007cd0        0x9 CMakeFiles/blink.dir/home/niki/pico-sdk/src/rp2_common/hardware_pll/pll.c.obj
 *fill*         0x0000000010007cd9        0x3 
 .rodata._ftoa.str1.4
                0x0000000010007cdc       0x15 CMakeFiles/blink.dir/home/niki/pico-sdk/src/rp2_common/pico_printf/printf.c.obj
 *fill*         0x0000000010007cf1        0x3 
 .rodata._vsnprintf
                0x0000000010007cf4      0x1e0 CMakeFiles/blink.dir/home/niki/pico-sdk/src/rp2_common/pico_printf/printf.c.obj
 *fill*         0x0000000010007ed4        0x4 
 .rodata.pow10.5431
                0x0000000010007ed8       0x50 CMakeFiles/blink.dir/home/niki/pico-sdk/src/rp2_common/pico_printf/printf.c.obj
 .rodata.__aeabi_double_init.str1.4
                0x0000000010007f28       0xa1 CMakeFiles/blink.dir/home/niki/pico-sdk/src/rp2_common/pico_double/double_init_rom.c.obj
 *fill*         0x0000000010007fc9        0x3 
 .rodata.__func__.4728
                0x0000000010007fcc       0x14 CMakeFiles/blink.dir/home/niki/pico-sdk/src/rp2_common/pico_double/double_init_rom.c.obj
 .rodata.__aeabi_float_init.str1.4
                0x0000000010007fe0       0x73 CMakeFiles/blink.dir/home/niki/pico-sdk/src/rp2_common/pico_float/float_init_rom.c.obj
                                         0x77 (size before relaxing)
 *fill*         0x0000000010008053        0x1 
 .rodata.__func__.4729
                0x0000000010008054       0x13 CMakeFiles/blink.dir/home/niki/pico-sdk/src/rp2_common/pico_float/float_init_rom.c.obj
 *fill*         0x0000000010008067        0x1 
 .rodata.str1.4
                0x0000000010008068       0x3c CMakeFiles/blink.dir/home/niki/pico-sdk/src/rp2_common/pico_standard_link/binary_info.c.obj
 .rodata.__bi_44
                0x00000000100080a4        0xc CMakeFiles/blink.dir/home/niki/pico-sdk/src/rp2_common/pico_standard_link/binary_info.c.obj
 .rodata.__bi_75
                0x00000000100080b0        0xc CMakeFiles/blink.dir/home/niki/pico-sdk/src/rp2_common/pico_standard_link/binary_info.c.obj
 .rodata.__bi_81
                0x00000000100080bc        0xc CMakeFiles/blink.dir/home/niki/pico-sdk/src/rp2_common/pico_standard_link/binary_info.c.obj
 .rodata.crlf_str.5910
                0x00000000100080c8        0x2 CMakeFiles/blink.dir/home/niki/pico-sdk/src/rp2_common/pico_stdio/stdio.c.obj
 *fill*         0x00000000100080ca        0x2 
 .rodata._resetd_driver
                0x00000000100080cc       0x18 CMakeFiles/blink.dir/home/niki/pico-sdk/src/rp2_common/pico_stdio_usb/reset_interface.c.obj
 .rodata.timer_task.str1.4
                0x00000000100080e4       0x66 CMakeFiles/blink.dir/home/niki/pico-sdk/src/rp2_common/pico_stdio_usb/stdio_usb.c.obj
 .rodata.stdio_usb_init.str1.4
                0x000000001000814a       0x5a CMakeFiles/blink.dir/home/niki/pico-sdk/src/rp2_common/pico_stdio_usb/stdio_usb.c.obj
 *fill*         0x000000001000814a        0x2 
 .rodata.str1.4
                0x000000001000814c       0x13 CMakeFiles/blink.dir/home/niki/pico-sdk/src/rp2_common/pico_stdio_usb/stdio_usb.c.obj
 *fill*         0x000000001000815f        0x1 
 .rodata.__bi_118.7243
                0x0000000010008160        0xc CMakeFiles/blink.dir/home/niki/pico-sdk/src/rp2_common/pico_stdio_usb/stdio_usb.c.obj
 .rodata.__func__.5424
                0x000000001000816c       0x15 CMakeFiles/blink.dir/home/niki/pico-sdk/src/rp2_common/pico_stdio_usb/stdio_usb.c.obj
 *fill*         0x0000000010008181        0x3 
 .rodata.__func__.7217
                0x0000000010008184        0xb CMakeFiles/blink.dir/home/niki/pico-sdk/src/rp2_common/pico_stdio_usb/stdio_usb.c.obj
 *fill*         0x000000001000818f        0x1 
 .rodata.str1.4
                0x0000000010008190       0x2a CMakeFiles/blink.dir/home/niki/pico-sdk/src/rp2_common/pico_stdio_usb/stdio_usb_descriptors.c.obj
 *fill*         0x00000000100081ba        0x2 
 .rodata.usbd_desc_cfg
                0x00000000100081bc       0x54 CMakeFiles/blink.dir/home/niki/pico-sdk/src/rp2_common/pico_stdio_usb/stdio_usb_descriptors.c.obj
 .rodata.usbd_desc_device
                0x0000000010008210       0x12 CMakeFiles/blink.dir/home/niki/pico-sdk/src/rp2_common/pico_stdio_usb/stdio_usb_descriptors.c.obj
 *fill*         0x0000000010008222        0x2 
 .rodata.usbd_desc_str
                0x0000000010008224       0x18 CMakeFiles/blink.dir/home/niki/pico-sdk/src/rp2_common/pico_stdio_usb/stdio_usb_descriptors.c.obj
 .rodata._hw_endpoint_alloc.str1.4
                0x000000001000823c       0xb1 CMakeFiles/blink.dir/home/niki/pico-sdk/lib/tinyusb/src/portable/raspberrypi/rp2040/dcd_rp2040.c.obj
 *fill*         0x00000000100082ed        0x3 
 .rodata.dcd_rp2040_irq.str1.4
                0x00000000100082f0       0x14 CMakeFiles/blink.dir/home/niki/pico-sdk/lib/tinyusb/src/portable/raspberrypi/rp2040/dcd_rp2040.c.obj
 .rodata.dcd_int_enable.str1.4
                0x0000000010008304        0xc CMakeFiles/blink.dir/home/niki/pico-sdk/lib/tinyusb/src/portable/raspberrypi/rp2040/dcd_rp2040.c.obj
 .rodata.__func__.6909
                0x0000000010008310       0x13 CMakeFiles/blink.dir/home/niki/pico-sdk/lib/tinyusb/src/portable/raspberrypi/rp2040/dcd_rp2040.c.obj
 *fill*         0x0000000010008323        0x1 
 .rodata.__func__.6962
                0x0000000010008324        0x9 CMakeFiles/blink.dir/home/niki/pico-sdk/lib/tinyusb/src/portable/raspberrypi/rp2040/dcd_rp2040.c.obj
 *fill*         0x000000001000832d        0x3 
 .rodata.__func__.6966
                0x0000000010008330        0xf CMakeFiles/blink.dir/home/niki/pico-sdk/lib/tinyusb/src/portable/raspberrypi/rp2040/dcd_rp2040.c.obj
 *fill*         0x000000001000833f        0x1 
 .rodata.__func__.6975
                0x0000000010008340       0x10 CMakeFiles/blink.dir/home/niki/pico-sdk/lib/tinyusb/src/portable/raspberrypi/rp2040/dcd_rp2040.c.obj
 .rodata.__func__.6994
                0x0000000010008350        0xe CMakeFiles/blink.dir/home/niki/pico-sdk/lib/tinyusb/src/portable/raspberrypi/rp2040/dcd_rp2040.c.obj
 *fill*         0x000000001000835e        0x2 
 .rodata.__func__.7004
                0x0000000010008360        0xe CMakeFiles/blink.dir/home/niki/pico-sdk/lib/tinyusb/src/portable/raspberrypi/rp2040/dcd_rp2040.c.obj
 *fill*         0x000000001000836e        0x2 
 .rodata.sync_ep_buffer.str1.4
                0x0000000010008370       0x8d CMakeFiles/blink.dir/home/niki/pico-sdk/lib/tinyusb/src/portable/raspberrypi/rp2040/rp2040_usb.c.obj
 *fill*         0x00000000100083fd        0x3 
 .rodata._hw_endpoint_buffer_control_update32.str1.4
                0x0000000010008400       0x1f CMakeFiles/blink.dir/home/niki/pico-sdk/lib/tinyusb/src/portable/raspberrypi/rp2040/rp2040_usb.c.obj
 *fill*         0x000000001000841f        0x1 
 .rodata.hw_endpoint_xfer_start.str1.4
                0x0000000010008420       0x38 CMakeFiles/blink.dir/home/niki/pico-sdk/lib/tinyusb/src/portable/raspberrypi/rp2040/rp2040_usb.c.obj
 .rodata.hw_endpoint_xfer_continue.str1.4
                0x0000000010008458       0x29 CMakeFiles/blink.dir/home/niki/pico-sdk/lib/tinyusb/src/portable/raspberrypi/rp2040/rp2040_usb.c.obj
 *fill*         0x0000000010008481        0x3 
 .rodata.str1.4
                0x0000000010008484        0x7 CMakeFiles/blink.dir/home/niki/pico-sdk/lib/tinyusb/src/portable/raspberrypi/rp2040/rp2040_usb.c.obj
 *fill*         0x000000001000848b        0x1 
 .rodata.__func__.6674
                0x000000001000848c        0xf CMakeFiles/blink.dir/home/niki/pico-sdk/lib/tinyusb/src/portable/raspberrypi/rp2040/rp2040_usb.c.obj
 *fill*         0x000000001000849b        0x1 
 .rodata.process_set_config.str1.4
                0x000000001000849c       0x17 CMakeFiles/blink.dir/home/niki/pico-sdk/lib/tinyusb/src/device/usbd.c.obj
 *fill*         0x00000000100084b3        0x1 
 .rodata.process_get_descriptor
                0x00000000100084b4       0x40 CMakeFiles/blink.dir/home/niki/pico-sdk/lib/tinyusb/src/device/usbd.c.obj
 .rodata.process_control_request
                0x00000000100084f4       0x28 CMakeFiles/blink.dir/home/niki/pico-sdk/lib/tinyusb/src/device/usbd.c.obj
 .rodata.tud_task
                0x000000001000851c       0x24 CMakeFiles/blink.dir/home/niki/pico-sdk/lib/tinyusb/src/device/usbd.c.obj
 .rodata.__func__.6575
                0x0000000010008540       0x10 CMakeFiles/blink.dir/home/niki/pico-sdk/lib/tinyusb/src/device/usbd.c.obj
 .rodata.__func__.7373
                0x0000000010008550        0x9 CMakeFiles/blink.dir/home/niki/pico-sdk/lib/tinyusb/src/device/usbd.c.obj
 *fill*         0x0000000010008559        0x3 
 .rodata.__func__.7394
                0x000000001000855c       0x18 CMakeFiles/blink.dir/home/niki/pico-sdk/lib/tinyusb/src/device/usbd.c.obj
 .rodata.__func__.7437
                0x0000000010008574       0x13 CMakeFiles/blink.dir/home/niki/pico-sdk/lib/tinyusb/src/device/usbd.c.obj
 *fill*         0x0000000010008587        0x1 
 .rodata.__func__.7472
                0x0000000010008588       0x17 CMakeFiles/blink.dir/home/niki/pico-sdk/lib/tinyusb/src/device/usbd.c.obj
 *fill*         0x000000001000859f        0x1 
 .rodata.__func__.7526
                0x00000000100085a0       0x14 CMakeFiles/blink.dir/home/niki/pico-sdk/lib/tinyusb/src/device/usbd.c.obj
 .rodata.__func__.7540
                0x00000000100085b4        0xf CMakeFiles/blink.dir/home/niki/pico-sdk/lib/tinyusb/src/device/usbd.c.obj
 *fill*         0x00000000100085c3        0x1 
 .rodata.__func__.7563
                0x00000000100085c4        0xf CMakeFiles/blink.dir/home/niki/pico-sdk/lib/tinyusb/src/device/usbd.c.obj
 *fill*         0x00000000100085d3        0x1 
 .rodata._usbd_driver
                0x00000000100085d4       0x18 CMakeFiles/blink.dir/home/niki/pico-sdk/lib/tinyusb/src/device/usbd.c.obj
 .rodata.tud_control_xfer.str1.4
                0x00000000100085ec       0x17 CMakeFiles/blink.dir/home/niki/pico-sdk/lib/tinyusb/src/device/usbd_control.c.obj
 .rodata.__func__.7288
                0x00000000100085ec       0x11 CMakeFiles/blink.dir/home/niki/pico-sdk/lib/tinyusb/src/device/usbd_control.c.obj
 *fill*         0x00000000100085fd        0x3 
 .rodata.__func__.7315
                0x0000000010008600       0x15 CMakeFiles/blink.dir/home/niki/pico-sdk/lib/tinyusb/src/device/usbd_control.c.obj
 .rodata.tud_cdc_n_write_flush.str1.4
                0x0000000010008615       0x17 CMakeFiles/blink.dir/home/niki/pico-sdk/lib/tinyusb/src/class/cdc/cdc_device.c.obj
 *fill*         0x0000000010008615        0x3 
 .rodata.__func__.7224
                0x0000000010008618       0x16 CMakeFiles/blink.dir/home/niki/pico-sdk/lib/tinyusb/src/class/cdc/cdc_device.c.obj
 *fill*         0x000000001000862e        0x2 
 .rodata.__func__.7257
                0x0000000010008630        0xa CMakeFiles/blink.dir/home/niki/pico-sdk/lib/tinyusb/src/class/cdc/cdc_device.c.obj
 *fill*         0x000000001000863a        0x2 
 .rodata.__func__.7292
                0x000000001000863c        0xd CMakeFiles/blink.dir/home/niki/pico-sdk/lib/tinyusb/src/class/cdc/cdc_device.c.obj
 .rodata.tusb_init.str1.4
                0x0000000010008649       0x17 CMakeFiles/blink.dir/home/niki/pico-sdk/lib/tinyusb/src/tusb.c.obj
 *fill*         0x0000000010008649        0x3 
 .rodata.__func__.7161
                0x000000001000864c        0xa CMakeFiles/blink.dir/home/niki/pico-sdk/lib/tinyusb/src/tusb.c.obj
 *fill*         0x0000000010008656        0x2 
 .rodata.__func__.7173
                0x0000000010008658       0x11 CMakeFiles/blink.dir/home/niki/pico-sdk/lib/tinyusb/src/tusb.c.obj
 *fill*         0x0000000010008669        0x3 
 .rodata.pico_get_unique_board_id_string.str1.4
                0x000000001000866c       0x46 CMakeFiles/blink.dir/home/niki/pico-sdk/src/rp2_common/pico_unique_id/unique_id.c.obj
 *fill*         0x00000000100086b2        0x2 
 .rodata.__func__.4296
                0x00000000100086b4       0x20 CMakeFiles/blink.dir/home/niki/pico-sdk/src/rp2_common/pico_unique_id/unique_id.c.obj
 .rodata.str1.4
                0x00000000100086d4      0x152 CMakeFiles/blink.dir/home/niki/pico-sdk/src/rp2_common/hardware_flash/flash.c.obj
 *fill*         0x0000000010008826        0x2 
 .rodata.__func__.4470
                0x0000000010008828        0xd CMakeFiles/blink.dir/home/niki/pico-sdk/src/rp2_common/hardware_flash/flash.c.obj
                0x0000000010008838                . = ALIGN (0x4)
 *fill*         0x0000000010008835        0x3 
 *(SORT_BY_ALIGNMENT(SORT_BY_NAME(.flashdata*)))
                0x0000000010008838                . = ALIGN (0x4)

.rel.dyn        0x0000000010008838        0x0
 .rel.iplt      0x0000000010008838        0x0 /usr/lib/gcc/arm-none-eabi/9.2.1/thumb/v6-m/nofp/crtbegin.o

.ARM.extab
 *(.ARM.extab* .gnu.linkonce.armextab.*)
                0x0000000010008838                __exidx_start = .

.ARM.exidx
 *(.ARM.exidx* .gnu.linkonce.armexidx.*)
                0x0000000010008838                __exidx_end = .
                0x0000000010008838                . = ALIGN (0x4)
                0x0000000010008838                __binary_info_start = .

.binary_info    0x0000000010008838       0x20
 *(.binary_info.keep.*)
 .binary_info.keep.__bi_ptr22
                0x0000000010008838        0x4 CMakeFiles/blink.dir/home/niki/pico-sdk/src/rp2_common/pico_standard_link/binary_info.c.obj
 .binary_info.keep.__bi_ptr30
                0x000000001000883c        0x4 CMakeFiles/blink.dir/home/niki/pico-sdk/src/rp2_common/pico_standard_link/binary_info.c.obj
 .binary_info.keep.__bi_ptr38
                0x0000000010008840        0x4 CMakeFiles/blink.dir/home/niki/pico-sdk/src/rp2_common/pico_standard_link/binary_info.c.obj
 .binary_info.keep.__bi_ptr44
                0x0000000010008844        0x4 CMakeFiles/blink.dir/home/niki/pico-sdk/src/rp2_common/pico_standard_link/binary_info.c.obj
 .binary_info.keep.__bi_ptr50
                0x0000000010008848        0x4 CMakeFiles/blink.dir/home/niki/pico-sdk/src/rp2_common/pico_standard_link/binary_info.c.obj
 .binary_info.keep.__bi_ptr75
                0x000000001000884c        0x4 CMakeFiles/blink.dir/home/niki/pico-sdk/src/rp2_common/pico_standard_link/binary_info.c.obj
 .binary_info.keep.__bi_ptr81
                0x0000000010008850        0x4 CMakeFiles/blink.dir/home/niki/pico-sdk/src/rp2_common/pico_standard_link/binary_info.c.obj
 *(.binary_info.*)
 .binary_info.__bi_ptr118
                0x0000000010008854        0x4 CMakeFiles/blink.dir/home/niki/pico-sdk/src/rp2_common/pico_stdio_usb/stdio_usb.c.obj
                0x0000000010008858                __binary_info_end = .
                0x0000000010008858                . = ALIGN (0x4)
                0x0000000010008858                __etext = .

.ram_vector_table
                0x0000000020000000       0xc0
 *(.ram_vector_table)
 .ram_vector_table
                0x0000000020000000       0xc0 CMakeFiles/blink.dir/home/niki/pico-sdk/src/rp2_common/pico_runtime/runtime.c.obj
                0x0000000020000000                ram_vector_table

.data           0x00000000200000c0      0x460 load address 0x0000000010008858
                0x00000000200000c0                __data_start__ = .
 *(vtable)
 *(.time_critical*)
 .time_critical.mutex_enter_blocking
                0x00000000200000c0       0x48 CMakeFiles/blink.dir/home/niki/pico-sdk/src/common/pico_sync/mutex.c.obj
                0x00000000200000c0                mutex_enter_blocking
 .time_critical.mutex_try_enter
                0x0000000020000108       0x48 CMakeFiles/blink.dir/home/niki/pico-sdk/src/common/pico_sync/mutex.c.obj
                0x0000000020000108                mutex_try_enter
 .time_critical.mutex_enter_block_until
                0x0000000020000150       0x88 CMakeFiles/blink.dir/home/niki/pico-sdk/src/common/pico_sync/mutex.c.obj
                0x0000000020000150                mutex_enter_block_until
 .time_critical.mutex_enter_timeout_ms
                0x00000000200001d8       0x78 CMakeFiles/blink.dir/home/niki/pico-sdk/src/common/pico_sync/mutex.c.obj
                0x00000000200001d8                mutex_enter_timeout_ms
 .time_critical.mutex_exit
                0x0000000020000250       0x4c CMakeFiles/blink.dir/home/niki/pico-sdk/src/common/pico_sync/mutex.c.obj
                0x0000000020000250                mutex_exit
 .time_critical.flash_init_boot2_copyout
                0x000000002000029c       0x30 CMakeFiles/blink.dir/home/niki/pico-sdk/src/rp2_common/hardware_flash/flash.c.obj
 .time_critical.flash_enable_xip_via_boot2
                0x00000000200002cc       0x10 CMakeFiles/blink.dir/home/niki/pico-sdk/src/rp2_common/hardware_flash/flash.c.obj
 .time_critical.flash_cs_force
                0x00000000200002dc       0x28 CMakeFiles/blink.dir/home/niki/pico-sdk/src/rp2_common/hardware_flash/flash.c.obj
 .time_critical.flash_do_cmd
                0x0000000020000304       0xd8 CMakeFiles/blink.dir/home/niki/pico-sdk/src/rp2_common/hardware_flash/flash.c.obj
                0x0000000020000304                flash_do_cmd
 *(.text*)
 .text          0x00000000200003dc        0x4 /usr/lib/gcc/arm-none-eabi/9.2.1/thumb/v6-m/nofp/libgcc.a(_dvmd_tls.o)
                0x00000000200003dc                __aeabi_ldiv0
                0x00000000200003dc                __aeabi_idiv0
 .text.__stub   0x00000000200003e0       0x40 linker stubs
                0x0000000020000420                . = ALIGN (0x4)
 *(.rodata*)
                0x0000000020000420                . = ALIGN (0x4)
 *(.data*)
 .data.striped_spin_lock_num
                0x0000000020000420        0x1 CMakeFiles/blink.dir/home/niki/pico-sdk/src/rp2_common/hardware_sync/sync.c.obj
 *fill*         0x0000000020000421        0x3 
 .data          0x0000000020000424       0x48 CMakeFiles/blink.dir/home/niki/pico-sdk/src/rp2_common/hardware_irq/irq_handler_chain.S.obj
                0x0000000020000424                irq_handler_chain_slots
                0x0000000020000454                irq_handler_chain_first_slot
                0x000000002000045e                irq_handler_chain_remove_tail
 .data.default_alarm_pool
                0x000000002000046c       0x18 CMakeFiles/blink.dir/home/niki/pico-sdk/src/common/pico_time/time.c.obj
 .data.default_alarm_pool_heap
                0x0000000020000484       0x10 CMakeFiles/blink.dir/home/niki/pico-sdk/src/common/pico_time/time.c.obj
 *fill*         0x0000000020000494        0xc 
 .data.aeabi_bits_funcs
                0x00000000200004a0       0x10 CMakeFiles/blink.dir/home/niki/pico-sdk/src/rp2_common/pico_bit_ops/bit_ops_aeabi.S.obj
                0x00000000200004a0                aeabi_bits_funcs
                0x00000000200004b0                aeabi_bits_funcs_end
 .data.aeabi_mem_funcs
                0x00000000200004b0       0x10 CMakeFiles/blink.dir/home/niki/pico-sdk/src/rp2_common/pico_mem_ops/mem_ops_aeabi.S.obj
                0x00000000200004b0                aeabi_mem_funcs
                0x00000000200004c0                aeabi_mem_funcs_end
 .data.stdio_usb
                0x00000000200004c0       0x14 CMakeFiles/blink.dir/home/niki/pico-sdk/src/rp2_common/pico_stdio_usb/stdio_usb.c.obj
                0x00000000200004c0                stdio_usb
 .data.ep_dir_string
                0x00000000200004d4        0x8 CMakeFiles/blink.dir/home/niki/pico-sdk/lib/tinyusb/src/portable/raspberrypi/rp2040/rp2040_usb.c.obj
                0x00000000200004d4                ep_dir_string
 .data._usbd_qdef
                0x00000000200004dc       0x24 CMakeFiles/blink.dir/home/niki/pico-sdk/lib/tinyusb/src/device/usbd.c.obj
                0x00000000200004dc                _usbd_qdef
                0x0000000020000500                . = ALIGN (0x4)
 *(.after_data.*)
                0x0000000020000500                . = ALIGN (0x4)
                0x0000000020000500                PROVIDE (__mutex_array_start = .)
 *(SORT_BY_NAME(.mutex_array.*))
 *(.mutex_array)
 .mutex_array   0x0000000020000500        0x8 CMakeFiles/blink.dir/home/niki/pico-sdk/src/rp2_common/pico_stdio/stdio.c.obj
                0x0000000020000508                PROVIDE (__mutex_array_end = .)
                0x0000000020000508                . = ALIGN (0x4)
                0x0000000020000508                PROVIDE (__preinit_array_start = .)
 *(SORT_BY_NAME(.preinit_array.*))
 .preinit_array.00001
                0x0000000020000508        0x4 CMakeFiles/blink.dir/home/niki/pico-sdk/src/rp2_common/pico_mem_ops/mem_ops_aeabi.S.obj
 .preinit_array.00010
                0x000000002000050c        0x4 CMakeFiles/blink.dir/home/niki/pico-sdk/src/rp2_common/pico_bit_ops/bit_ops_aeabi.S.obj
 .preinit_array.00020
                0x0000000020000510        0x4 CMakeFiles/blink.dir/home/niki/pico-sdk/src/rp2_common/pico_double/double_aeabi.S.obj
 .preinit_array.00020
                0x0000000020000514        0x4 CMakeFiles/blink.dir/home/niki/pico-sdk/src/rp2_common/pico_float/float_aeabi.S.obj
 *(.preinit_array)
                0x0000000020000518                PROVIDE (__preinit_array_end = .)
                0x0000000020000518                . = ALIGN (0x4)
                0x0000000020000518                PROVIDE (__init_array_start = .)
 *(SORT_BY_NAME(.init_array.*))
 *(.init_array)
 .init_array    0x0000000020000518        0x4 /usr/lib/gcc/arm-none-eabi/9.2.1/thumb/v6-m/nofp/crtbegin.o
 .init_array    0x000000002000051c        0x4 CMakeFiles/blink.dir/home/niki/pico-sdk/src/rp2_common/pico_unique_id/unique_id.c.obj
                0x0000000020000520                PROVIDE (__init_array_end = .)
                0x0000000020000520                . = ALIGN (0x4)
                0x0000000020000520                PROVIDE (__fini_array_start = .)
 *(SORT_BY_NAME(.fini_array.*))
 *(.fini_array)
                0x0000000020000520                PROVIDE (__fini_array_end = .)
 *(.jcr)
                0x0000000020000520                . = ALIGN (0x4)
                0x0000000020000520                __data_end__ = .

.tm_clone_table
                0x0000000020000520        0x0 load address 0x0000000010008cb8
 .tm_clone_table
                0x0000000020000520        0x0 /usr/lib/gcc/arm-none-eabi/9.2.1/thumb/v6-m/nofp/crtbegin.o
 .tm_clone_table
                0x0000000020000520        0x0 /usr/lib/gcc/arm-none-eabi/9.2.1/thumb/v6-m/nofp/crtend.o

.igot.plt       0x0000000020000520        0x0 load address 0x0000000010008cb8
 .igot.plt      0x0000000020000520        0x0 /usr/lib/gcc/arm-none-eabi/9.2.1/thumb/v6-m/nofp/crtbegin.o

.uninitialized_data
                0x0000000020000520        0x0 load address 0x0000000010008cb8
                0x0000000020000520                . = ALIGN (0x4)
 *(.uninitialized_data*)

.scratch_x      0x0000000020040000        0x0 load address 0x0000000010008cb8
                0x0000000020040000                __scratch_x_start__ = .
 *(.scratch_x.*)
                0x0000000020040000                . = ALIGN (0x4)
                0x0000000020040000                __scratch_x_end__ = .
                0x0000000010008cb8                __scratch_x_source__ = LOADADDR (.scratch_x)

.scratch_y      0x0000000020041000        0x0 load address 0x0000000010008cb8
                0x0000000020041000                __scratch_y_start__ = .
 *(.scratch_y.*)
                0x0000000020041000                . = ALIGN (0x4)
                0x0000000020041000                __scratch_y_end__ = .
                0x0000000010008cb8                __scratch_y_source__ = LOADADDR (.scratch_y)

.bss            0x0000000020000520      0xd84
                0x0000000020000520                . = ALIGN (0x4)
                0x0000000020000520                __bss_start__ = .
 *(SORT_BY_ALIGNMENT(SORT_BY_NAME(.bss*)))
 .bss.default_alarm_pool_entries
                0x0000000020000520      0x100 CMakeFiles/blink.dir/home/niki/pico-sdk/src/common/pico_time/time.c.obj
 .bss.last_avail_time.7222
                0x0000000020000620        0x8 CMakeFiles/blink.dir/home/niki/pico-sdk/src/rp2_common/pico_stdio_usb/stdio_usb.c.obj
 .bss           0x0000000020000628       0x1c /usr/lib/gcc/arm-none-eabi/9.2.1/thumb/v6-m/nofp/crtbegin.o
 .bss._app_driver
                0x0000000020000644        0x4 CMakeFiles/blink.dir/home/niki/pico-sdk/lib/tinyusb/src/device/usbd.c.obj
 .bss._cdcd_itf
                0x0000000020000648      0x2d8 CMakeFiles/blink.dir/home/niki/pico-sdk/lib/tinyusb/src/class/cdc/cdc_device.c.obj
 .bss._ctrl_xfer
                0x0000000020000920       0x14 CMakeFiles/blink.dir/home/niki/pico-sdk/lib/tinyusb/src/device/usbd_control.c.obj
 .bss._ubsd_mutexdef
                0x0000000020000934        0x8 CMakeFiles/blink.dir/home/niki/pico-sdk/lib/tinyusb/src/device/usbd.c.obj
 .bss._usbd_ctrl_buf
                0x000000002000093c       0x40 CMakeFiles/blink.dir/home/niki/pico-sdk/lib/tinyusb/src/device/usbd_control.c.obj
 .bss._usbd_dev
                0x000000002000097c       0x53 CMakeFiles/blink.dir/home/niki/pico-sdk/lib/tinyusb/src/device/usbd.c.obj
 *fill*         0x00000000200009cf        0x1 
 .bss._usbd_mutex
                0x00000000200009d0        0x4 CMakeFiles/blink.dir/home/niki/pico-sdk/lib/tinyusb/src/device/usbd.c.obj
 .bss._usbd_q   0x00000000200009d4        0x4 CMakeFiles/blink.dir/home/niki/pico-sdk/lib/tinyusb/src/device/usbd.c.obj
 .bss.alarm_callbacks
                0x00000000200009d8       0x10 CMakeFiles/blink.dir/home/niki/pico-sdk/src/rp2_common/hardware_timer/timer.c.obj
 .bss.boot2_copyout
                0x00000000200009e8      0x100 CMakeFiles/blink.dir/home/niki/pico-sdk/src/rp2_common/hardware_flash/flash.c.obj
 .bss.claimed   0x0000000020000ae8        0x4 CMakeFiles/blink.dir/home/niki/pico-sdk/src/rp2_common/hardware_sync/sync.c.obj
 .bss.configured_freq
                0x0000000020000aec       0x28 CMakeFiles/blink.dir/home/niki/pico-sdk/src/rp2_common/hardware_clocks/clocks.c.obj
 .bss.default_alarm_pool_entry_ids_high
                0x0000000020000b14       0x10 CMakeFiles/blink.dir/home/niki/pico-sdk/src/common/pico_time/time.c.obj
 .bss.default_alarm_pool_heap_nodes
                0x0000000020000b24       0x30 CMakeFiles/blink.dir/home/niki/pico-sdk/src/common/pico_time/time.c.obj
 .bss.desc_str.7104
                0x0000000020000b54       0x28 CMakeFiles/blink.dir/home/niki/pico-sdk/src/rp2_common/pico_stdio_usb/stdio_usb_descriptors.c.obj