Archive member included to satisfy reference by file (symbol)

/usr/lib/gcc/arm-none-eabi/9.2.1/thumb/v6-m/nofp/libgcc.a(_dvmd_tls.o)
                              CMakeFiles/sound.dir/home/niki/pico-sdk/src/rp2_common/pico_divider/divider.S.obj (__aeabi_idiv0)
/usr/lib/gcc/arm-none-eabi/9.2.1/../../../arm-none-eabi/lib/thumb/v6-m/nofp/libg.a(lib_a-atexit.o)
                              /usr/lib/gcc/arm-none-eabi/9.2.1/../../../arm-none-eabi/lib/thumb/v6-m/nofp/crt0.o (atexit)
/usr/lib/gcc/arm-none-eabi/9.2.1/../../../arm-none-eabi/lib/thumb/v6-m/nofp/libg.a(lib_a-calloc.o)
                              CMakeFiles/sound.dir/home/niki/pico-sdk/src/rp2_common/pico_malloc/pico_malloc.c.obj (calloc)
/usr/lib/gcc/arm-none-eabi/9.2.1/../../../arm-none-eabi/lib/thumb/v6-m/nofp/libg.a(lib_a-callocr.o)
                              /usr/lib/gcc/arm-none-eabi/9.2.1/../../../arm-none-eabi/lib/thumb/v6-m/nofp/libg.a(lib_a-calloc.o) (_calloc_r)
/usr/lib/gcc/arm-none-eabi/9.2.1/../../../arm-none-eabi/lib/thumb/v6-m/nofp/libg.a(lib_a-ctype_.o)
                              CMakeFiles/sound.dir/home/niki/pico-sdk/lib/tinyusb/src/tusb.c.obj (_ctype_)
/usr/lib/gcc/arm-none-eabi/9.2.1/../../../arm-none-eabi/lib/thumb/v6-m/nofp/libg.a(lib_a-fini.o)
                              /usr/lib/gcc/arm-none-eabi/9.2.1/../../../arm-none-eabi/lib/thumb/v6-m/nofp/crt0.o (__libc_fini_array)
/usr/lib/gcc/arm-none-eabi/9.2.1/../../../arm-none-eabi/lib/thumb/v6-m/nofp/libg.a(lib_a-impure.o)
                              /usr/lib/gcc/arm-none-eabi/9.2.1/../../../arm-none-eabi/lib/thumb/v6-m/nofp/libg.a(lib_a-calloc.o) (_impure_ptr)
/usr/lib/gcc/arm-none-eabi/9.2.1/../../../arm-none-eabi/lib/thumb/v6-m/nofp/libg.a(lib_a-init.o)
                              /usr/lib/gcc/arm-none-eabi/9.2.1/../../../arm-none-eabi/lib/thumb/v6-m/nofp/crt0.o (__libc_init_array)
/usr/lib/gcc/arm-none-eabi/9.2.1/../../../arm-none-eabi/lib/thumb/v6-m/nofp/libg.a(lib_a-malloc.o)
                              CMakeFiles/sound.dir/home/niki/pico-sdk/src/rp2_common/pico_malloc/pico_malloc.c.obj (malloc)
/usr/lib/gcc/arm-none-eabi/9.2.1/../../../arm-none-eabi/lib/thumb/v6-m/nofp/libg.a(lib_a-mallocr.o)
                              /usr/lib/gcc/arm-none-eabi/9.2.1/../../../arm-none-eabi/lib/thumb/v6-m/nofp/libg.a(lib_a-callocr.o) (_malloc_r)
/usr/lib/gcc/arm-none-eabi/9.2.1/../../../arm-none-eabi/lib/thumb/v6-m/nofp/libg.a(lib_a-mlock.o)
                              /usr/lib/gcc/arm-none-eabi/9.2.1/../../../arm-none-eabi/lib/thumb/v6-m/nofp/libg.a(lib_a-mallocr.o) (__malloc_lock)
/usr/lib/gcc/arm-none-eabi/9.2.1/../../../arm-none-eabi/lib/thumb/v6-m/nofp/libg.a(lib_a-realloc.o)
                              CMakeFiles/sound.dir/home/niki/pico-sdk/src/rp2_common/pico_malloc/pico_malloc.c.obj (realloc)
/usr/lib/gcc/arm-none-eabi/9.2.1/../../../arm-none-eabi/lib/thumb/v6-m/nofp/libg.a(lib_a-reallocr.o)
                              /usr/lib/gcc/arm-none-eabi/9.2.1/../../../arm-none-eabi/lib/thumb/v6-m/nofp/libg.a(lib_a-realloc.o) (_realloc_r)
/usr/lib/gcc/arm-none-eabi/9.2.1/../../../arm-none-eabi/lib/thumb/v6-m/nofp/libg.a(lib_a-sbrkr.o)
                              /usr/lib/gcc/arm-none-eabi/9.2.1/../../../arm-none-eabi/lib/thumb/v6-m/nofp/libg.a(lib_a-mallocr.o) (_sbrk_r)
/usr/lib/gcc/arm-none-eabi/9.2.1/../../../arm-none-eabi/lib/thumb/v6-m/nofp/libg.a(lib_a-strlen-stub.o)
                              CMakeFiles/sound.dir/home/niki/pico-sdk/src/rp2_common/pico_stdio/stdio.c.obj (strlen)
/usr/lib/gcc/arm-none-eabi/9.2.1/../../../arm-none-eabi/lib/thumb/v6-m/nofp/libg.a(lib_a-__atexit.o)
                              /usr/lib/gcc/arm-none-eabi/9.2.1/../../../arm-none-eabi/lib/thumb/v6-m/nofp/libg.a(lib_a-atexit.o) (__register_exitproc)
/usr/lib/gcc/arm-none-eabi/9.2.1/../../../arm-none-eabi/lib/thumb/v6-m/nofp/libg.a(lib_a-freer.o)
                              /usr/lib/gcc/arm-none-eabi/9.2.1/../../../arm-none-eabi/lib/thumb/v6-m/nofp/libg.a(lib_a-malloc.o) (_free_r)
/usr/lib/gcc/arm-none-eabi/9.2.1/../../../arm-none-eabi/lib/thumb/v6-m/nofp/libg.a(lib_a-memmove.o)
                              /usr/lib/gcc/arm-none-eabi/9.2.1/../../../arm-none-eabi/lib/thumb/v6-m/nofp/libg.a(lib_a-reallocr.o) (memmove)
/usr/lib/gcc/arm-none-eabi/9.2.1/../../../arm-none-eabi/lib/thumb/v6-m/nofp/libg.a(lib_a-reent.o)
                              /usr/lib/gcc/arm-none-eabi/9.2.1/../../../arm-none-eabi/lib/thumb/v6-m/nofp/libg.a(lib_a-sbrkr.o) (errno)

Allocating common symbols
Common symbol       size              file

sf_table            0x100             CMakeFiles/sound.dir/home/niki/pico-sdk/src/rp2_common/pico_float/float_init_rom.c.obj
errno               0x4               /usr/lib/gcc/arm-none-eabi/9.2.1/../../../arm-none-eabi/lib/thumb/v6-m/nofp/libg.a(lib_a-reent.o)
_usbd_qdef_buf      0xc0              CMakeFiles/sound.dir/home/niki/pico-sdk/lib/tinyusb/src/device/usbd.c.obj
[...]
Memory Configuration

Name             Origin             Length             Attributes
FLASH            0x0000000010000000 0x0000000000200000 xr
RAM              0x0000000020000000 0x0000000000040000 xrw
SCRATCH_X        0x0000000020040000 0x0000000000001000 xrw
SCRATCH_Y        0x0000000020041000 0x0000000000001000 xrw
*default*        0x0000000000000000 0xffffffffffffffff

Linker script and memory map

LOAD /usr/lib/gcc/arm-none-eabi/9.2.1/thumb/v6-m/nofp/crti.o
LOAD /usr/lib/gcc/arm-none-eabi/9.2.1/thumb/v6-m/nofp/crtbegin.o
LOAD /usr/lib/gcc/arm-none-eabi/9.2.1/../../../arm-none-eabi/lib/thumb/v6-m/nofp/crt0.o

.flash_begin    0x0000000010000000        0x0
                0x0000000010000000                __flash_binary_start = .

.boot2          0x0000000010000000      0x100
                0x0000000010000000                __boot2_start__ = .
 *(.boot2)
 .boot2         0x0000000010000000      0x100 /tmp/cc8XAzAy.o
                0x0000000010000100                __boot2_end__ = .
                0x0000000000000001                ASSERT (((__boot2_end__ - __boot2_start__) == 0x100), ERROR: Pico second stage bootloader must be 256 bytes in size)

.text           0x0000000010000100     0x7320
                0x0000000010000100                __logical_binary_start = .
 *(.vectors)
 .vectors       0x0000000010000100       0xd4 CMakeFiles/sound.dir/home/niki/pico-sdk/src/rp2_common/pico_standard_link/crt0.S.obj
                0x0000000010000100                __vectors
                0x0000000010000100                __VECTOR_TABLE
                0x00000000100001c0                isr_invalid
                0x00000000100001c0                __default_isrs_start
                0x00000000100001c2                isr_nmi
                0x00000000100001c4                isr_hardfault
                0x00000000100001c6                isr_svcall
                0x00000000100001c8                isr_pendsv
                0x00000000100001ca                isr_systick
                0x00000000100001cc                isr_irq30
                0x00000000100001cc                __unhandled_user_irq
                0x00000000100001cc                isr_irq13
                0x00000000100001cc                isr_irq27
                0x00000000100001cc                isr_irq31
                0x00000000100001cc                isr_irq5
                0x00000000100001cc                isr_irq11
                0x00000000100001cc                isr_irq23
                0x00000000100001cc                isr_irq18
                0x00000000100001cc                isr_irq28
                0x00000000100001cc                isr_irq19
                0x00000000100001cc                isr_irq0
                0x00000000100001cc                isr_irq6
                0x00000000100001cc                isr_irq22
                0x00000000100001cc                isr_irq17
                0x00000000100001cc                isr_irq14
                0x00000000100001cc                isr_irq2
                0x00000000100001cc                isr_irq10
                0x00000000100001cc                isr_irq8
                0x00000000100001cc                isr_irq24
                0x00000000100001cc                isr_irq1
                0x00000000100001cc                isr_irq7
                0x00000000100001cc                isr_irq21
                0x00000000100001cc                isr_irq20
                0x00000000100001cc                isr_irq15
                0x00000000100001cc                isr_irq25
                0x00000000100001cc                isr_irq4
                0x00000000100001cc                isr_irq16
                0x00000000100001cc                isr_irq29
                0x00000000100001cc                isr_irq26
                0x00000000100001cc                __default_isrs_end
                0x00000000100001cc                isr_irq3
                0x00000000100001cc                isr_irq12
                0x00000000100001cc                isr_irq9
                0x00000000100001d2                unhandled_user_irq_num_in_r0
 *(.binary_info_header)
 .binary_info_header
                0x00000000100001d4       0x14 CMakeFiles/sound.dir/home/niki/pico-sdk/src/rp2_common/pico_standard_link/crt0.S.obj
                0x00000000100001e8                __binary_info_header_end = .
 *(.reset)
 .reset         0x00000000100001e8       0xa8 CMakeFiles/sound.dir/home/niki/pico-sdk/src/rp2_common/pico_standard_link/crt0.S.obj
                0x00000000100001e8                _entry_point
                0x0000000010000266                __get_current_exception
 .reset         0x0000000010000290       0x30 CMakeFiles/sound.dir/home/niki/pico-sdk/src/rp2_common/pico_standard_link/binary_info.c.obj
 *(.init)
 .init          0x00000000100002c0        0x4 /usr/lib/gcc/arm-none-eabi/9.2.1/thumb/v6-m/nofp/crti.o
                0x00000000100002c0                _init
 *(EXCLUDE_FILE(*libm.a: *libc.a:*lib_a-mem*.o *libgcc.a:) .text*)
 .text          0x00000000100002c4       0x98 /usr/lib/gcc/arm-none-eabi/9.2.1/thumb/v6-m/nofp/crtbegin.o
 .text.map      0x000000001000035c       0x1a CMakeFiles/sound.dir/analog_sound.c.obj
                0x000000001000035c                map
 *fill*         0x0000000010000376        0x2 
 .text.main     0x0000000010000378       0x80 CMakeFiles/sound.dir/analog_sound.c.obj
                0x0000000010000378                main
 .text.gpio_set_function
                0x00000000100003f8       0x30 CMakeFiles/sound.dir/home/niki/pico-sdk/src/rp2_common/hardware_gpio/gpio.c.obj
                0x00000000100003f8                gpio_set_function
 .text.gpio_set_pulls
                0x0000000010000428       0x34 CMakeFiles/sound.dir/home/niki/pico-sdk/src/rp2_common/hardware_gpio/gpio.c.obj
                0x0000000010000428                gpio_set_pulls
 .text.gpio_set_input_enabled
                0x000000001000045c       0x30 CMakeFiles/sound.dir/home/niki/pico-sdk/src/rp2_common/hardware_gpio/gpio.c.obj
                0x000000001000045c                gpio_set_input_enabled
 .text.hw_claim_lock
                0x000000001000048c       0x18 CMakeFiles/sound.dir/home/niki/pico-sdk/src/rp2_common/hardware_claim/claim.c.obj
                0x000000001000048c                hw_claim_lock
 .text.hw_claim_unlock
                0x00000000100004a4       0x14 CMakeFiles/sound.dir/home/niki/pico-sdk/src/rp2_common/hardware_claim/claim.c.obj
                0x00000000100004a4                hw_claim_unlock
 .text.hw_claim_or_assert
                0x00000000100004b8       0x32 CMakeFiles/sound.dir/home/niki/pico-sdk/src/rp2_common/hardware_claim/claim.c.obj
                0x00000000100004b8                hw_claim_or_assert
 .text.hw_claim_unused_from_range
                0x00000000100004ea       0x50 CMakeFiles/sound.dir/home/niki/pico-sdk/src/rp2_common/hardware_claim/claim.c.obj
                0x00000000100004ea                hw_claim_unused_from_range
 *fill*         0x000000001000053a        0x2 
 .text.running_on_fpga
                0x000000001000053c       0x14 CMakeFiles/sound.dir/home/niki/pico-sdk/src/rp2_common/pico_platform/platform.c.obj
                0x000000001000053c                running_on_fpga
 .text.spin_locks_reset
                0x0000000010000550       0x20 CMakeFiles/sound.dir/home/niki/pico-sdk/src/rp2_common/hardware_sync/sync.c.obj
                0x0000000010000550                spin_locks_reset
 .text.next_striped_spin_lock_num
                0x0000000010000570       0x1c CMakeFiles/sound.dir/home/niki/pico-sdk/src/rp2_common/hardware_sync/sync.c.obj
                0x0000000010000570                next_striped_spin_lock_num
 .text.spin_lock_claim_unused
                0x000000001000058c       0x20 CMakeFiles/sound.dir/home/niki/pico-sdk/src/rp2_common/hardware_sync/sync.c.obj
                0x000000001000058c                spin_lock_claim_unused
 .text.set_raw_irq_handler_and_unlock
                0x00000000100005ac       0x28 CMakeFiles/sound.dir/home/niki/pico-sdk/src/rp2_common/hardware_irq/irq.c.obj
 .text.make_branch
                0x00000000100005d4       0x48 CMakeFiles/sound.dir/home/niki/pico-sdk/src/rp2_common/hardware_irq/irq.c.obj
 .text.insert_branch_and_link
                0x000000001000061c       0x40 CMakeFiles/sound.dir/home/niki/pico-sdk/src/rp2_common/hardware_irq/irq.c.obj
 .text.irq_is_enabled
                0x000000001000065c       0x18 CMakeFiles/sound.dir/home/niki/pico-sdk/src/rp2_common/hardware_irq/irq.c.obj
                0x000000001000065c                irq_is_enabled
 .text.irq_set_mask_enabled
                0x0000000010000674       0x20 CMakeFiles/sound.dir/home/niki/pico-sdk/src/rp2_common/hardware_irq/irq.c.obj
                0x0000000010000674                irq_set_mask_enabled
 .text.irq_set_enabled
                0x0000000010000694        0xe CMakeFiles/sound.dir/home/niki/pico-sdk/src/rp2_common/hardware_irq/irq.c.obj
                0x0000000010000694                irq_set_enabled
 *fill*         0x00000000100006a2        0x2 
 .text.irq_set_pending
                0x00000000100006a4       0x10 CMakeFiles/sound.dir/home/niki/pico-sdk/src/rp2_common/hardware_irq/irq.c.obj
                0x00000000100006a4                irq_set_pending
 .text.irq_get_vtable_handler
                0x00000000100006b4       0x10 CMakeFiles/sound.dir/home/niki/pico-sdk/src/rp2_common/hardware_irq/irq.c.obj
                0x00000000100006b4                irq_get_vtable_handler
 .text.irq_has_shared_handler
                0x00000000100006c4       0x24 CMakeFiles/sound.dir/home/niki/pico-sdk/src/rp2_common/hardware_irq/irq.c.obj
                0x00000000100006c4                irq_has_shared_handler
 .text.irq_set_exclusive_handler
                0x00000000100006e8       0x54 CMakeFiles/sound.dir/home/niki/pico-sdk/src/rp2_common/hardware_irq/irq.c.obj
                0x00000000100006e8                irq_set_exclusive_handler
 .text.irq_add_shared_handler
                0x000000001000073c      0x230 CMakeFiles/sound.dir/home/niki/pico-sdk/src/rp2_common/hardware_irq/irq.c.obj
                0x000000001000073c                irq_add_shared_handler
 .text.irq_remove_handler
                0x000000001000096c      0x1a8 CMakeFiles/sound.dir/home/niki/pico-sdk/src/rp2_common/hardware_irq/irq.c.obj
                0x000000001000096c                irq_remove_handler
 .text.irq_add_tail_to_free_list
                0x0000000010000b14       0xf0 CMakeFiles/sound.dir/home/niki/pico-sdk/src/rp2_common/hardware_irq/irq.c.obj
                0x0000000010000b14                irq_add_tail_to_free_list
 .text.irq_init_priorities
                0x0000000010000c04       0x1c CMakeFiles/sound.dir/home/niki/pico-sdk/src/rp2_common/hardware_irq/irq.c.obj
                0x0000000010000c04                irq_init_priorities
 .text.user_irq_claim_unused
                0x0000000010000c20       0x30 CMakeFiles/sound.dir/home/niki/pico-sdk/src/rp2_common/hardware_irq/irq.c.obj
                0x0000000010000c20                user_irq_claim_unused
 .text.lock_init
                0x0000000010000c50       0x10 CMakeFiles/sound.dir/home/niki/pico-sdk/src/common/pico_sync/lock_core.c.obj
                0x0000000010000c50                lock_init
 .text.alarm_pool_post_alloc_init
                0x0000000010000c60       0x40 CMakeFiles/sound.dir/home/niki/pico-sdk/src/common/pico_time/time.c.obj
 .text.sleep_until_callback
                0x0000000010000ca0       0x30 CMakeFiles/sound.dir/home/niki/pico-sdk/src/common/pico_time/time.c.obj
 .text.timer_pool_entry_comparator
                0x0000000010000cd0       0x7c CMakeFiles/sound.dir/home/niki/pico-sdk/src/common/pico_time/time.c.obj
                0x0000000010000cd0                timer_pool_entry_comparator
 .text.ph_add_child_node
                0x0000000010000d4c       0xa4 CMakeFiles/sound.dir/home/niki/pico-sdk/src/common/pico_time/time.c.obj
 .text.ph_merge_nodes
                0x0000000010000df0       0x3e CMakeFiles/sound.dir/home/niki/pico-sdk/src/common/pico_time/time.c.obj
 *fill*         0x0000000010000e2e        0x2 
 .text.add_alarm_under_lock
                0x0000000010000e30      0x174 CMakeFiles/sound.dir/home/niki/pico-sdk/src/common/pico_time/time.c.obj
 .text.alarm_pool_alarm_callback
                0x0000000010000fa4      0x32c CMakeFiles/sound.dir/home/niki/pico-sdk/src/common/pico_time/time.c.obj
 .text.alarm_pool_init_default
                0x00000000100012d0       0x38 CMakeFiles/sound.dir/home/niki/pico-sdk/src/common/pico_time/time.c.obj
                0x00000000100012d0                alarm_pool_init_default
 .text.alarm_pool_get_default
                0x0000000010001308       0x2c CMakeFiles/sound.dir/home/niki/pico-sdk/src/common/pico_time/time.c.obj
                0x0000000010001308                alarm_pool_get_default
 .text.alarm_pool_add_alarm_at
                0x0000000010001334      0x170 CMakeFiles/sound.dir/home/niki/pico-sdk/src/common/pico_time/time.c.obj
                0x0000000010001334                alarm_pool_add_alarm_at
 .text.alarm_pool_cancel_alarm
                0x00000000100014a4       0xf0 CMakeFiles/sound.dir/home/niki/pico-sdk/src/common/pico_time/time.c.obj
                0x00000000100014a4                alarm_pool_cancel_alarm
 .text.sleep_until
                0x0000000010001594       0xfc CMakeFiles/sound.dir/home/niki/pico-sdk/src/common/pico_time/time.c.obj
                0x0000000010001594                sleep_until
 .text.sleep_us
                0x0000000010001690       0x58 CMakeFiles/sound.dir/home/niki/pico-sdk/src/common/pico_time/time.c.obj
                0x0000000010001690                sleep_us
 .text.sleep_ms
                0x00000000100016e8       0x14 CMakeFiles/sound.dir/home/niki/pico-sdk/src/common/pico_time/time.c.obj
                0x00000000100016e8                sleep_ms
 .text.best_effort_wfe_or_timeout
                0x00000000100016fc       0x80 CMakeFiles/sound.dir/home/niki/pico-sdk/src/common/pico_time/time.c.obj
                0x00000000100016fc                best_effort_wfe_or_timeout
 .text.hardware_alarm_irq_handler
                0x000000001000177c       0x8c CMakeFiles/sound.dir/home/niki/pico-sdk/src/rp2_common/hardware_timer/timer.c.obj
 .text.hardware_alarm_claim
                0x0000000010001808       0x18 CMakeFiles/sound.dir/home/niki/pico-sdk/src/rp2_common/hardware_timer/timer.c.obj
                0x0000000010001808                hardware_alarm_claim
 .text.time_us_64
                0x0000000010001820       0x18 CMakeFiles/sound.dir/home/niki/pico-sdk/src/rp2_common/hardware_timer/timer.c.obj
                0x0000000010001820                time_us_64
 .text.busy_wait_until
                0x0000000010001838       0x24 CMakeFiles/sound.dir/home/niki/pico-sdk/src/rp2_common/hardware_timer/timer.c.obj
                0x0000000010001838                busy_wait_until
 .text.hardware_alarm_set_callback
                0x000000001000185c       0x90 CMakeFiles/sound.dir/home/niki/pico-sdk/src/rp2_common/hardware_timer/timer.c.obj
                0x000000001000185c                hardware_alarm_set_callback
 .text.hardware_alarm_set_target
                0x00000000100018ec       0xe8 CMakeFiles/sound.dir/home/niki/pico-sdk/src/rp2_common/hardware_timer/timer.c.obj
                0x00000000100018ec                hardware_alarm_set_target
 .text.hardware_alarm_cancel
                0x00000000100019d4       0x40 CMakeFiles/sound.dir/home/niki/pico-sdk/src/rp2_common/hardware_timer/timer.c.obj
                0x00000000100019d4                hardware_alarm_cancel
 .text.ph_add_child_node
                0x0000000010001a14       0xa4 CMakeFiles/sound.dir/home/niki/pico-sdk/src/common/pico_util/pheap.c.obj
 .text.ph_merge_nodes
                0x0000000010001ab8       0x3e CMakeFiles/sound.dir/home/niki/pico-sdk/src/common/pico_util/pheap.c.obj
 *fill*         0x0000000010001af6        0x2 
 .text.ph_clear
                0x0000000010001af8       0x70 CMakeFiles/sound.dir/home/niki/pico-sdk/src/common/pico_util/pheap.c.obj
                0x0000000010001af8                ph_clear
 .text.ph_post_alloc_init
                0x0000000010001b68        0xe CMakeFiles/sound.dir/home/niki/pico-sdk/src/common/pico_util/pheap.c.obj
                0x0000000010001b68                ph_post_alloc_init
 *fill*         0x0000000010001b76        0x2 
 .text.ph_merge_two_pass
                0x0000000010001b78       0xa8 CMakeFiles/sound.dir/home/niki/pico-sdk/src/common/pico_util/pheap.c.obj
                0x0000000010001b78                ph_merge_two_pass
 .text.ph_remove_any_head
                0x0000000010001c20      0x108 CMakeFiles/sound.dir/home/niki/pico-sdk/src/common/pico_util/pheap.c.obj
 .text.ph_remove_head
                0x0000000010001d28       0x14 CMakeFiles/sound.dir/home/niki/pico-sdk/src/common/pico_util/pheap.c.obj
                0x0000000010001d28                ph_remove_head
 .text.ph_remove_and_free_node
                0x0000000010001d3c       0xf8 CMakeFiles/sound.dir/home/niki/pico-sdk/src/common/pico_util/pheap.c.obj
                0x0000000010001d3c                ph_remove_and_free_node
 .text.mutex_init
                0x0000000010001e34       0x1a CMakeFiles/sound.dir/home/niki/pico-sdk/src/common/pico_sync/mutex.c.obj
                0x0000000010001e34                mutex_init
 .text.recursive_mutex_init
                0x0000000010001e4e       0x1e CMakeFiles/sound.dir/home/niki/pico-sdk/src/common/pico_sync/mutex.c.obj
                0x0000000010001e4e                recursive_mutex_init
 .text.critical_section_init_with_lock_num
                0x0000000010001e6c       0x14 CMakeFiles/sound.dir/home/niki/pico-sdk/src/common/pico_sync/critical_section.c.obj
                0x0000000010001e6c                critical_section_init_with_lock_num
 .text.critical_section_init
                0x0000000010001e80       0x14 CMakeFiles/sound.dir/home/niki/pico-sdk/src/common/pico_sync/critical_section.c.obj
                0x0000000010001e80                critical_section_init
 .text._exit    0x0000000010001e94        0x4 CMakeFiles/sound.dir/home/niki/pico-sdk/src/rp2_common/pico_runtime/runtime.c.obj
                0x0000000010001e94                _exit
 .text.exit     0x0000000010001e98        0x6 CMakeFiles/sound.dir/home/niki/pico-sdk/src/rp2_common/pico_runtime/runtime.c.obj
                0x0000000010001e98                exit
 *fill*         0x0000000010001e9e        0x2 
 .text.__assert_func
                0x0000000010001ea0       0x3c CMakeFiles/sound.dir/home/niki/pico-sdk/src/rp2_common/pico_runtime/runtime.c.obj
                0x0000000010001ea0                __assert_func
 .text.runtime_init
                0x0000000010001edc       0xf8 CMakeFiles/sound.dir/home/niki/pico-sdk/src/rp2_common/pico_runtime/runtime.c.obj
                0x0000000010001edc                runtime_init
 .text.panic    0x0000000010001fd4       0x30 CMakeFiles/sound.dir/home/niki/pico-sdk/src/rp2_common/pico_runtime/runtime.c.obj
                0x0000000010001fd4                panic
 .text.clock_configure
                0x0000000010002004      0x104 CMakeFiles/sound.dir/home/niki/pico-sdk/src/rp2_common/hardware_clocks/clocks.c.obj
                0x0000000010002004                clock_configure
 .text.clocks_init
                0x0000000010002108      0x100 CMakeFiles/sound.dir/home/niki/pico-sdk/src/rp2_common/hardware_clocks/clocks.c.obj
                0x0000000010002108                clocks_init
 .text.pll_init
                0x0000000010002208      0x140 CMakeFiles/sound.dir/home/niki/pico-sdk/src/rp2_common/hardware_pll/pll.c.obj
                0x0000000010002208                pll_init
 .text.watchdog_start_tick
                0x0000000010002348       0x10 CMakeFiles/sound.dir/home/niki/pico-sdk/src/rp2_common/hardware_watchdog/watchdog.c.obj
                0x0000000010002348                watchdog_start_tick
 .text.watchdog_update
                0x0000000010002358       0x14 CMakeFiles/sound.dir/home/niki/pico-sdk/src/rp2_common/hardware_watchdog/watchdog.c.obj
                0x0000000010002358                watchdog_update
 .text._watchdog_enable
                0x000000001000236c       0x78 CMakeFiles/sound.dir/home/niki/pico-sdk/src/rp2_common/hardware_watchdog/watchdog.c.obj
                0x000000001000236c                _watchdog_enable
 .text.watchdog_reboot
                0x00000000100023e4       0x48 CMakeFiles/sound.dir/home/niki/pico-sdk/src/rp2_common/hardware_watchdog/watchdog.c.obj
                0x00000000100023e4                watchdog_reboot
 .text.xosc_init
                0x000000001000242c       0x28 CMakeFiles/sound.dir/home/niki/pico-sdk/src/rp2_common/hardware_xosc/xosc.c.obj
                0x000000001000242c                xosc_init
 .text._out_null
                0x0000000010002454        0x2 CMakeFiles/sound.dir/home/niki/pico-sdk/src/rp2_common/pico_printf/printf.c.obj
 .text._out_fct
                0x0000000010002456        0xe CMakeFiles/sound.dir/home/niki/pico-sdk/src/rp2_common/pico_printf/printf.c.obj
 .text._atoi    0x0000000010002464       0x24 CMakeFiles/sound.dir/home/niki/pico-sdk/src/rp2_common/pico_printf/printf.c.obj
 .text._out_rev
                0x0000000010002488       0xae CMakeFiles/sound.dir/home/niki/pico-sdk/src/rp2_common/pico_printf/printf.c.obj
 .text._ntoa_format
                0x0000000010002536      0x110 CMakeFiles/sound.dir/home/niki/pico-sdk/src/rp2_common/pico_printf/printf.c.obj
 .text._ntoa_long
                0x0000000010002646       0xbc CMakeFiles/sound.dir/home/niki/pico-sdk/src/rp2_common/pico_printf/printf.c.obj
 .text._ntoa_long_long
                0x0000000010002702       0xe2 CMakeFiles/sound.dir/home/niki/pico-sdk/src/rp2_common/pico_printf/printf.c.obj
 .text._etoa    0x00000000100027e4      0x40c CMakeFiles/sound.dir/home/niki/pico-sdk/src/rp2_common/pico_printf/printf.c.obj
 .text._ftoa    0x0000000010002bf0      0x354 CMakeFiles/sound.dir/home/niki/pico-sdk/src/rp2_common/pico_printf/printf.c.obj
 .text._vsnprintf
                0x0000000010002f44      0x628 CMakeFiles/sound.dir/home/niki/pico-sdk/src/rp2_common/pico_printf/printf.c.obj
 .text.vfctprintf
                0x000000001000356c       0x20 CMakeFiles/sound.dir/home/niki/pico-sdk/src/rp2_common/pico_printf/printf.c.obj
                0x000000001000356c                vfctprintf
 .text          0x000000001000358c       0x10 CMakeFiles/sound.dir/home/niki/pico-sdk/src/rp2_common/pico_bit_ops/bit_ops_aeabi.S.obj
 .text.rom_func_lookup
                0x000000001000359c       0x10 CMakeFiles/sound.dir/home/niki/pico-sdk/src/rp2_common/pico_bootrom/bootrom.c.obj
                0x000000001000359c                rom_func_lookup
 .text.rom_data_lookup
                0x00000000100035ac       0x10 CMakeFiles/sound.dir/home/niki/pico-sdk/src/rp2_common/pico_bootrom/bootrom.c.obj
                0x00000000100035ac                rom_data_lookup
 .text.rom_funcs_lookup
                0x00000000100035bc       0x36 CMakeFiles/sound.dir/home/niki/pico-sdk/src/rp2_common/pico_bootrom/bootrom.c.obj
                0x00000000100035bc                rom_funcs_lookup
 *fill*         0x00000000100035f2        0x2 
 .text.__wrap___aeabi_idiv
                0x00000000100035f4       0x50 CMakeFiles/sound.dir/home/niki/pico-sdk/src/rp2_common/pico_divider/divider.S.obj
                0x00000000100035f4                __wrap___aeabi_idivmod
                0x00000000100035f4                divmod_s32s32
                0x00000000100035f4                div_s32s32
                0x00000000100035f4                __wrap___aeabi_idiv
                0x00000000100035fc                divmod_s32s32_unsafe
                0x0000000010003628                divmod_s32s32_savestate
 .text.__wrap___aeabi_uidiv
                0x0000000010003644       0x4c CMakeFiles/sound.dir/home/niki/pico-sdk/src/rp2_common/pico_divider/divider.S.obj
                0x0000000010003644                __wrap___aeabi_uidiv
                0x0000000010003644                __wrap___aeabi_uidivmod
                0x0000000010003644                div_u32u32
                0x0000000010003644                divmod_u32u32
                0x000000001000364c                divmod_u32u32_unsafe
                0x0000000010003674                divmod_u32u32_savestate
 .text.__wrap___aeabi_ldiv
                0x0000000010003690      0x434 CMakeFiles/sound.dir/home/niki/pico-sdk/src/rp2_common/pico_divider/divider.S.obj
                0x0000000010003690                div_s64s64
                0x0000000010003690                divmod_s64s64
                0x0000000010003690                __wrap___aeabi_ldivmod
                0x00000000100036c8                div_u64u64
                0x00000000100036c8                divmod_u64u64
                0x00000000100036c8                __wrap___aeabi_uldivmod
                0x00000000100036d8                divmod_u64u64_savestate
                0x0000000010003700                divmod_s64s64_unsafe
                0x0000000010003788                divmod_u64u64_unsafe
 .text.__wrap___aeabi_darithmetic
                0x0000000010003ac4       0x80 CMakeFiles/sound.dir/home/niki/pico-sdk/src/rp2_common/pico_double/double_aeabi.S.obj
                0x0000000010003ac4                __wrap___aeabi_drsub
                0x0000000010003aca                __wrap___aeabi_dsub
                0x0000000010003adc                __wrap___aeabi_dadd
                0x0000000010003aee                __wrap___aeabi_ddiv
                0x0000000010003b2a                __wrap___aeabi_dmul
 .text.__wrap___aeabi_cdcmple
                0x0000000010003b44       0x6c CMakeFiles/sound.dir/home/niki/pico-sdk/src/rp2_common/pico_double/double_aeabi.S.obj
                0x0000000010003b44                __wrap___aeabi_cdrcmple
                0x0000000010003b54                __wrap___aeabi_cdcmple
                0x0000000010003b54                __wrap___aeabi_cdcmpeq
 .text.__wrap___aeabi_dcmplt
                0x0000000010003bb0        0xc CMakeFiles/sound.dir/home/niki/pico-sdk/src/rp2_common/pico_double/double_aeabi.S.obj
                0x0000000010003bb0                __wrap___aeabi_dcmplt
 .text.__wrap___aeabi_dcmple
                0x0000000010003bbc       0x10 CMakeFiles/sound.dir/home/niki/pico-sdk/src/rp2_common/pico_double/double_aeabi.S.obj
                0x0000000010003bbc                __wrap___aeabi_dcmple
 .text.__wrap___aeabi_dcmpge
                0x0000000010003bcc       0x10 CMakeFiles/sound.dir/home/niki/pico-sdk/src/rp2_common/pico_double/double_aeabi.S.obj
                0x0000000010003bcc                __wrap___aeabi_dcmpge
 .text.__wrap___aeabi_dcmpgt
                0x0000000010003bdc        0xa CMakeFiles/sound.dir/home/niki/pico-sdk/src/rp2_common/pico_double/double_aeabi.S.obj
                0x0000000010003bdc                __wrap___aeabi_dcmpgt
 .text.__wrap___aeabi_dcmpun
                0x0000000010003be6       0x1c CMakeFiles/sound.dir/home/niki/pico-sdk/src/rp2_common/pico_double/double_aeabi.S.obj
                0x0000000010003be6                __wrap___aeabi_dcmpun
 *fill*         0x0000000010003c02        0x2 
 .text.__wrap___aeabi_i2d
                0x0000000010003c04       0x38 CMakeFiles/sound.dir/home/niki/pico-sdk/src/rp2_common/pico_double/double_aeabi.S.obj
                0x0000000010003c04                __wrap___aeabi_ui2d
                0x0000000010003c0c                __wrap___aeabi_i2d
 .text.__wrap___aeabi_d2iz
                0x0000000010003c3c       0x48 CMakeFiles/sound.dir/home/niki/pico-sdk/src/rp2_common/pico_double/double_aeabi.S.obj
                0x0000000010003c3c                __wrap___aeabi_d2iz
                0x0000000010003c3c                double2int_z
 .text.__wrap___aeabi_d2uiz
                0x0000000010003c84       0x18 CMakeFiles/sound.dir/home/niki/pico-sdk/src/rp2_common/pico_double/double_aeabi.S.obj
                0x0000000010003c84                double2uint
                0x0000000010003c84                __wrap___aeabi_d2uiz
 .text.__aeabi_double_init
                0x0000000010003c9c       0xc8 CMakeFiles/sound.dir/home/niki/pico-sdk/src/rp2_common/pico_double/double_init_rom.c.obj
                0x0000000010003c9c                __aeabi_double_init
 .text.double_table_shim_on_use_helper
                0x0000000010003d64       0x34 CMakeFiles/sound.dir/home/niki/pico-sdk/src/rp2_common/pico_double/double_v1_rom_shim.S.obj
                0x0000000010003d64                double_table_shim_on_use_helper
 .text.__wrap___aeabi_dsub
                0x0000000010003d98       0x10 CMakeFiles/sound.dir/home/niki/pico-sdk/src/rp2_common/pico_double/double_v1_rom_shim.S.obj
                0x0000000010003d98                drsub_shim
                0x0000000010003d9e                dsub_shim
 .text.dadd_shim
                0x0000000010003da8      0x15c CMakeFiles/sound.dir/home/niki/pico-sdk/src/rp2_common/pico_double/double_v1_rom_shim.S.obj
                0x0000000010003da8                dadd_shim
 .text.dmul_shim
                0x0000000010003f04      0x15c CMakeFiles/sound.dir/home/niki/pico-sdk/src/rp2_common/pico_double/double_v1_rom_shim.S.obj
                0x0000000010003f04                dmul_shim
 .text.ddiv_shim
                0x0000000010004060      0x1b0 CMakeFiles/sound.dir/home/niki/pico-sdk/src/rp2_common/pico_double/double_v1_rom_shim.S.obj
                0x0000000010004060                ddiv_shim
 .text.double2uint_shim
                0x0000000010004210        0xe CMakeFiles/sound.dir/home/niki/pico-sdk/src/rp2_common/pico_double/double_v1_rom_shim.S.obj
                0x0000000010004210                double2uint_shim
                0x0000000010004212                double2ufix_shim
 *fill*         0x000000001000421e        0x2 
 .text.double2uint64_shim
                0x0000000010004220       0x70 CMakeFiles/sound.dir/home/niki/pico-sdk/src/rp2_common/pico_double/double_v1_rom_shim.S.obj
                0x0000000010004220                double2uint64_shim
                0x0000000010004222                double2ufix64_shim
                0x0000000010004242                d2fix_a
 .text.dunpacks
                0x0000000010004290       0x3c CMakeFiles/sound.dir/home/niki/pico-sdk/src/rp2_common/pico_double/double_v1_rom_shim.S.obj
                0x0000000010004290                dunpacks
 .text.__aeabi_lmul
                0x00000000100042cc       0x32 CMakeFiles/sound.dir/home/niki/pico-sdk/src/rp2_common/pico_int64_ops/pico_int64_ops_aeabi.S.obj
                0x00000000100042cc                __wrap___aeabi_lmul
 *fill*         0x00000000100042fe        0x2 
 .text.__aeabi_float_init
                0x0000000010004300       0xfc CMakeFiles/sound.dir/home/niki/pico-sdk/src/rp2_common/pico_float/float_init_rom.c.obj
                0x0000000010004300                __aeabi_float_init
 .text.float_table_shim_on_use_helper
                0x00000000100043fc       0x34 CMakeFiles/sound.dir/home/niki/pico-sdk/src/rp2_common/pico_float/float_v1_rom_shim.S.obj
                0x00000000100043fc                float_table_shim_on_use_helper
 .text          0x0000000010004430       0x10 CMakeFiles/sound.dir/home/niki/pico-sdk/src/rp2_common/pico_mem_ops/mem_ops_aeabi.S.obj
                0x0000000010004430                __aeabi_mem_init
 .text.memset   0x0000000010004440        0xc CMakeFiles/sound.dir/home/niki/pico-sdk/src/rp2_common/pico_mem_ops/mem_ops_aeabi.S.obj
                0x0000000010004440                __wrap_memset
 .text.memcpy   0x000000001000444c        0xc CMakeFiles/sound.dir/home/niki/pico-sdk/src/rp2_common/pico_mem_ops/mem_ops_aeabi.S.obj
                0x000000001000444c                __wrap___aeabi_memcpy
                0x000000001000444c                __wrap_memcpy
 .text.stdio_out_chars_no_crlf
                0x0000000010004458        0xe CMakeFiles/sound.dir/home/niki/pico-sdk/src/rp2_common/pico_stdio/stdio.c.obj
 *fill*         0x0000000010004466        0x2 
 .text.stdio_out_chars_crlf
                0x0000000010004468       0x80 CMakeFiles/sound.dir/home/niki/pico-sdk/src/rp2_common/pico_stdio/stdio.c.obj
 .text.stdio_stack_buffer_flush
                0x00000000100044e8       0x44 CMakeFiles/sound.dir/home/niki/pico-sdk/src/rp2_common/pico_stdio/stdio.c.obj
 .text.stdio_buffered_printer
                0x000000001000452c       0x20 CMakeFiles/sound.dir/home/niki/pico-sdk/src/rp2_common/pico_stdio/stdio.c.obj
 .text.stdout_serialize_begin
                0x000000001000454c       0x30 CMakeFiles/sound.dir/home/niki/pico-sdk/src/rp2_common/pico_stdio/stdio.c.obj
                0x000000001000454c                stdout_serialize_begin
 .text.stdout_serialize_end
                0x000000001000457c       0x10 CMakeFiles/sound.dir/home/niki/pico-sdk/src/rp2_common/pico_stdio/stdio.c.obj
                0x000000001000457c                stdout_serialize_end
 .text.stdio_put_string
                0x000000001000458c       0x98 CMakeFiles/sound.dir/home/niki/pico-sdk/src/rp2_common/pico_stdio/stdio.c.obj
 .text.stdio_set_driver_enabled
                0x0000000010004624       0x2c CMakeFiles/sound.dir/home/niki/pico-sdk/src/rp2_common/pico_stdio/stdio.c.obj
                0x0000000010004624                stdio_set_driver_enabled
 .text.stdio_flush
                0x0000000010004650       0x20 CMakeFiles/sound.dir/home/niki/pico-sdk/src/rp2_common/pico_stdio/stdio.c.obj
                0x0000000010004650                stdio_flush
 .text.__wrap_puts
                0x0000000010004670       0x1e CMakeFiles/sound.dir/home/niki/pico-sdk/src/rp2_common/pico_stdio/stdio.c.obj
                0x0000000010004670                __wrap_puts
 *fill*         0x000000001000468e        0x2 
 .text.__wrap_vprintf
                0x0000000010004690       0x44 CMakeFiles/sound.dir/home/niki/pico-sdk/src/rp2_common/pico_stdio/stdio.c.obj
                0x0000000010004690                __wrap_vprintf
 .text.__wrap_printf
                0x00000000100046d4       0x18 CMakeFiles/sound.dir/home/niki/pico-sdk/src/rp2_common/pico_stdio/stdio.c.obj
                0x00000000100046d4                __wrap_printf
 .text.resetd_init
                0x00000000100046ec        0x2 CMakeFiles/sound.dir/home/niki/pico-sdk/src/rp2_common/pico_stdio_usb/reset_interface.c.obj
 *fill*         0x00000000100046ee        0x2 
 .text.resetd_reset
                0x00000000100046f0        0xc CMakeFiles/sound.dir/home/niki/pico-sdk/src/rp2_common/pico_stdio_usb/reset_interface.c.obj
 .text.resetd_open
                0x00000000100046fc       0x34 CMakeFiles/sound.dir/home/niki/pico-sdk/src/rp2_common/pico_stdio_usb/reset_interface.c.obj
 .text.resetd_xfer_cb
                0x0000000010004730        0x4 CMakeFiles/sound.dir/home/niki/pico-sdk/src/rp2_common/pico_stdio_usb/reset_interface.c.obj
 .text.resetd_control_xfer_cb
                0x0000000010004734       0x6c CMakeFiles/sound.dir/home/niki/pico-sdk/src/rp2_common/pico_stdio_usb/reset_interface.c.obj
 .text.usbd_app_driver_get_cb
                0x00000000100047a0        0xc CMakeFiles/sound.dir/home/niki/pico-sdk/src/rp2_common/pico_stdio_usb/reset_interface.c.obj
                0x00000000100047a0                usbd_app_driver_get_cb
 .text.tud_cdc_line_coding_cb
                0x00000000100047ac       0x34 CMakeFiles/sound.dir/home/niki/pico-sdk/src/rp2_common/pico_stdio_usb/reset_interface.c.obj
                0x00000000100047ac                tud_cdc_line_coding_cb
 .text.stdio_usb_in_chars
                0x00000000100047e0       0x70 CMakeFiles/sound.dir/home/niki/pico-sdk/src/rp2_common/pico_stdio_usb/stdio_usb.c.obj
                0x00000000100047e0                stdio_usb_in_chars
 .text.low_priority_worker_irq
                0x0000000010004850       0x20 CMakeFiles/sound.dir/home/niki/pico-sdk/src/rp2_common/pico_stdio_usb/stdio_usb.c.obj
 .text.stdio_usb_out_chars
                0x0000000010004870       0xd4 CMakeFiles/sound.dir/home/niki/pico-sdk/src/rp2_common/pico_stdio_usb/stdio_usb.c.obj
 .text.timer_task
                0x0000000010004944       0x40 CMakeFiles/sound.dir/home/niki/pico-sdk/src/rp2_common/pico_stdio_usb/stdio_usb.c.obj
 .text.usb_irq  0x0000000010004984       0x10 CMakeFiles/sound.dir/home/niki/pico-sdk/src/rp2_common/pico_stdio_usb/stdio_usb.c.obj
 .text.stdio_usb_init
                0x0000000010004994       0xec CMakeFiles/sound.dir/home/niki/pico-sdk/src/rp2_common/pico_stdio_usb/stdio_usb.c.obj
                0x0000000010004994                stdio_usb_init
 .text.tud_descriptor_device_cb
                0x0000000010004a80        0x8 CMakeFiles/sound.dir/home/niki/pico-sdk/src/rp2_common/pico_stdio_usb/stdio_usb_descriptors.c.obj
                0x0000000010004a80                tud_descriptor_device_cb
 .text.tud_descriptor_configuration_cb
                0x0000000010004a88        0x8 CMakeFiles/sound.dir/home/niki/pico-sdk/src/rp2_common/pico_stdio_usb/stdio_usb_descriptors.c.obj
                0x0000000010004a88                tud_descriptor_configuration_cb
 .text.tud_descriptor_string_cb
                0x0000000010004a90       0x6c CMakeFiles/sound.dir/home/niki/pico-sdk/src/rp2_common/pico_stdio_usb/stdio_usb_descriptors.c.obj
                0x0000000010004a90                tud_descriptor_string_cb
 .text.hw_endpoint_get_by_addr
                0x0000000010004afc       0x18 CMakeFiles/sound.dir/home/niki/pico-sdk/lib/tinyusb/src/portable/raspberrypi/rp2040/dcd_rp2040.c.obj
 .text.reset_ep0_pid
                0x0000000010004b14       0x28 CMakeFiles/sound.dir/home/niki/pico-sdk/lib/tinyusb/src/portable/raspberrypi/rp2040/dcd_rp2040.c.obj
 .text._hw_endpoint_alloc
                0x0000000010004b3c       0x70 CMakeFiles/sound.dir/home/niki/pico-sdk/lib/tinyusb/src/portable/raspberrypi/rp2040/dcd_rp2040.c.obj
 .text.hw_endpoint_init
                0x0000000010004bac       0x88 CMakeFiles/sound.dir/home/niki/pico-sdk/lib/tinyusb/src/portable/raspberrypi/rp2040/dcd_rp2040.c.obj
 .text.reset_non_control_endpoints
                0x0000000010004c34       0x40 CMakeFiles/sound.dir/home/niki/pico-sdk/lib/tinyusb/src/portable/raspberrypi/rp2040/dcd_rp2040.c.obj
 .text.hw_handle_buff_status
                0x0000000010004c74       0x8c CMakeFiles/sound.dir/home/niki/pico-sdk/lib/tinyusb/src/portable/raspberrypi/rp2040/dcd_rp2040.c.obj
 .text.dcd_rp2040_irq
                0x0000000010004d00       0xc0 CMakeFiles/sound.dir/home/niki/pico-sdk/lib/tinyusb/src/portable/raspberrypi/rp2040/dcd_rp2040.c.obj
 .text.hw_endpoint_xfer
                0x0000000010004dc0       0x14 CMakeFiles/sound.dir/home/niki/pico-sdk/lib/tinyusb/src/portable/raspberrypi/rp2040/dcd_rp2040.c.obj
 .text.dcd_int_enable
                0x0000000010004dd4       0x2c CMakeFiles/sound.dir/home/niki/pico-sdk/lib/tinyusb/src/portable/raspberrypi/rp2040/dcd_rp2040.c.obj
                0x0000000010004dd4                dcd_int_enable
 .text.dcd_set_address
                0x0000000010004e00       0x2c CMakeFiles/sound.dir/home/niki/pico-sdk/lib/tinyusb/src/portable/raspberrypi/rp2040/dcd_rp2040.c.obj
                0x0000000010004e00                dcd_set_address
 .text.dcd_connect
                0x0000000010004e2c       0x10 CMakeFiles/sound.dir/home/niki/pico-sdk/lib/tinyusb/src/portable/raspberrypi/rp2040/dcd_rp2040.c.obj
                0x0000000010004e2c                dcd_connect
 .text.dcd_init
                0x0000000010004e3c       0x7c CMakeFiles/sound.dir/home/niki/pico-sdk/lib/tinyusb/src/portable/raspberrypi/rp2040/dcd_rp2040.c.obj
                0x0000000010004e3c                dcd_init
 .text.dcd_edpt0_status_complete
                0x0000000010004eb8       0x1c CMakeFiles/sound.dir/home/niki/pico-sdk/lib/tinyusb/src/portable/raspberrypi/rp2040/dcd_rp2040.c.obj
                0x0000000010004eb8                dcd_edpt0_status_complete
 .text.dcd_edpt_open
                0x0000000010004ed4       0x40 CMakeFiles/sound.dir/home/niki/pico-sdk/lib/tinyusb/src/portable/raspberrypi/rp2040/dcd_rp2040.c.obj
                0x0000000010004ed4                dcd_edpt_open
 .text.dcd_edpt_close_all
                0x0000000010004f14        0x8 CMakeFiles/sound.dir/home/niki/pico-sdk/lib/tinyusb/src/portable/raspberrypi/rp2040/dcd_rp2040.c.obj
                0x0000000010004f14                dcd_edpt_close_all
 .text.dcd_edpt_xfer
                0x0000000010004f1c       0x30 CMakeFiles/sound.dir/home/niki/pico-sdk/lib/tinyusb/src/portable/raspberrypi/rp2040/dcd_rp2040.c.obj
                0x0000000010004f1c                dcd_edpt_xfer
 .text.dcd_edpt_stall
                0x0000000010004f4c       0x2c CMakeFiles/sound.dir/home/niki/pico-sdk/lib/tinyusb/src/portable/raspberrypi/rp2040/dcd_rp2040.c.obj
                0x0000000010004f4c                dcd_edpt_stall
 .text.dcd_edpt_clear_stall
                0x0000000010004f78       0x20 CMakeFiles/sound.dir/home/niki/pico-sdk/lib/tinyusb/src/portable/raspberrypi/rp2040/dcd_rp2040.c.obj
                0x0000000010004f78                dcd_edpt_clear_stall
 .text.prepare_ep_buffer
                0x0000000010004f98       0x70 CMakeFiles/sound.dir/home/niki/pico-sdk/lib/tinyusb/src/portable/raspberrypi/rp2040/rp2040_usb.c.obj
 .text.sync_ep_buffer
                0x0000000010005008       0x7c CMakeFiles/sound.dir/home/niki/pico-sdk/lib/tinyusb/src/portable/raspberrypi/rp2040/rp2040_usb.c.obj
 .text._hw_endpoint_xfer_sync
                0x0000000010005084       0x28 CMakeFiles/sound.dir/home/niki/pico-sdk/lib/tinyusb/src/portable/raspberrypi/rp2040/rp2040_usb.c.obj
 .text.rp2040_usb_init
                0x00000000100050ac       0x4c CMakeFiles/sound.dir/home/niki/pico-sdk/lib/tinyusb/src/portable/raspberrypi/rp2040/rp2040_usb.c.obj
                0x00000000100050ac                rp2040_usb_init
 .text.hw_endpoint_reset_transfer
                0x00000000100050f8        0xc CMakeFiles/sound.dir/home/niki/pico-sdk/lib/tinyusb/src/portable/raspberrypi/rp2040/rp2040_usb.c.obj
                0x00000000100050f8                hw_endpoint_reset_transfer
 .text._hw_endpoint_buffer_control_update32
                0x0000000010005104       0x58 CMakeFiles/sound.dir/home/niki/pico-sdk/lib/tinyusb/src/portable/raspberrypi/rp2040/rp2040_usb.c.obj
                0x0000000010005104                _hw_endpoint_buffer_control_update32
 .text._hw_endpoint_start_next_buffer
                0x000000001000515c       0x74 CMakeFiles/sound.dir/home/niki/pico-sdk/lib/tinyusb/src/portable/raspberrypi/rp2040/rp2040_usb.c.obj
 .text.hw_endpoint_xfer_start
                0x00000000100051d0       0x48 CMakeFiles/sound.dir/home/niki/pico-sdk/lib/tinyusb/src/portable/raspberrypi/rp2040/rp2040_usb.c.obj
                0x00000000100051d0                hw_endpoint_xfer_start
 .text.hw_endpoint_xfer_continue
                0x0000000010005218       0x38 CMakeFiles/sound.dir/home/niki/pico-sdk/lib/tinyusb/src/portable/raspberrypi/rp2040/rp2040_usb.c.obj
                0x0000000010005218                hw_endpoint_xfer_continue
 .text.configuration_reset
                0x0000000010005250       0x84 CMakeFiles/sound.dir/home/niki/pico-sdk/lib/tinyusb/src/device/usbd.c.obj
 .text.usbd_reset
                0x00000000100052d4        0xc CMakeFiles/sound.dir/home/niki/pico-sdk/lib/tinyusb/src/device/usbd.c.obj
 .text.invoke_class_control
                0x00000000100052e0       0x1a CMakeFiles/sound.dir/home/niki/pico-sdk/lib/tinyusb/src/device/usbd.c.obj
 *fill*         0x00000000100052fa        0x2 
 .text.process_set_config
                0x00000000100052fc      0x1ac CMakeFiles/sound.dir/home/niki/pico-sdk/lib/tinyusb/src/device/usbd.c.obj
 .text.process_get_descriptor
                0x00000000100054a8       0xec CMakeFiles/sound.dir/home/niki/pico-sdk/lib/tinyusb/src/device/usbd.c.obj
 .text.tud_mounted
                0x0000000010005594       0x10 CMakeFiles/sound.dir/home/niki/pico-sdk/lib/tinyusb/src/device/usbd.c.obj
                0x0000000010005594                tud_mounted
 .text.tud_suspended
                0x00000000100055a4       0x10 CMakeFiles/sound.dir/home/niki/pico-sdk/lib/tinyusb/src/device/usbd.c.obj
                0x00000000100055a4                tud_suspended
 .text.tud_inited
                0x00000000100055b4        0xc CMakeFiles/sound.dir/home/niki/pico-sdk/lib/tinyusb/src/device/usbd.c.obj
                0x00000000100055b4                tud_inited
 .text.tud_init
                0x00000000100055c0       0xcc CMakeFiles/sound.dir/home/niki/pico-sdk/lib/tinyusb/src/device/usbd.c.obj
                0x00000000100055c0                tud_init
 .text.dcd_event_handler
                0x000000001000568c      0x1e0 CMakeFiles/sound.dir/home/niki/pico-sdk/lib/tinyusb/src/device/usbd.c.obj
                0x000000001000568c                dcd_event_handler
 .text.dcd_event_bus_signal
                0x000000001000586c       0x26 CMakeFiles/sound.dir/home/niki/pico-sdk/lib/tinyusb/src/device/usbd.c.obj
                0x000000001000586c                dcd_event_bus_signal
 .text.dcd_event_bus_reset
                0x0000000010005892       0x2a CMakeFiles/sound.dir/home/niki/pico-sdk/lib/tinyusb/src/device/usbd.c.obj
                0x0000000010005892                dcd_event_bus_reset
 .text.dcd_event_setup_received
                0x00000000100058bc       0x34 CMakeFiles/sound.dir/home/niki/pico-sdk/lib/tinyusb/src/device/usbd.c.obj
                0x00000000100058bc                dcd_event_setup_received
 .text.dcd_event_xfer_complete
                0x00000000100058f0       0x44 CMakeFiles/sound.dir/home/niki/pico-sdk/lib/tinyusb/src/device/usbd.c.obj
                0x00000000100058f0                dcd_event_xfer_complete
 .text.usbd_edpt_open
                0x0000000010005934       0x58 CMakeFiles/sound.dir/home/niki/pico-sdk/lib/tinyusb/src/device/usbd.c.obj
                0x0000000010005934                usbd_edpt_open
 .text.usbd_open_edpt_pair
                0x000000001000598c       0x8c CMakeFiles/sound.dir/home/niki/pico-sdk/lib/tinyusb/src/device/usbd.c.obj
                0x000000001000598c                usbd_open_edpt_pair
 .text.usbd_edpt_claim
                0x0000000010005a18       0x8c CMakeFiles/sound.dir/home/niki/pico-sdk/lib/tinyusb/src/device/usbd.c.obj
                0x0000000010005a18                usbd_edpt_claim
 .text.usbd_edpt_release
                0x0000000010005aa4       0x68 CMakeFiles/sound.dir/home/niki/pico-sdk/lib/tinyusb/src/device/usbd.c.obj
                0x0000000010005aa4                usbd_edpt_release
 .text.usbd_edpt_xfer
                0x0000000010005b0c       0x80 CMakeFiles/sound.dir/home/niki/pico-sdk/lib/tinyusb/src/device/usbd.c.obj
                0x0000000010005b0c                usbd_edpt_xfer
 .text.usbd_edpt_stall
                0x0000000010005b8c       0x40 CMakeFiles/sound.dir/home/niki/pico-sdk/lib/tinyusb/src/device/usbd.c.obj
                0x0000000010005b8c                usbd_edpt_stall
 .text.usbd_edpt_clear_stall
                0x0000000010005bcc       0x40 CMakeFiles/sound.dir/home/niki/pico-sdk/lib/tinyusb/src/device/usbd.c.obj
                0x0000000010005bcc                usbd_edpt_clear_stall
 .text.usbd_edpt_stalled
                0x0000000010005c0c       0x1c CMakeFiles/sound.dir/home/niki/pico-sdk/lib/tinyusb/src/device/usbd.c.obj
                0x0000000010005c0c                usbd_edpt_stalled
 .text.process_control_request
                0x0000000010005c28      0x3b8 CMakeFiles/sound.dir/home/niki/pico-sdk/lib/tinyusb/src/device/usbd.c.obj
 .text.tud_task
                0x0000000010005fe0      0x218 CMakeFiles/sound.dir/home/niki/pico-sdk/lib/tinyusb/src/device/usbd.c.obj
                0x0000000010005fe0                tud_task
 .text._data_stage_xact
                0x00000000100061f8       0x58 CMakeFiles/sound.dir/home/niki/pico-sdk/lib/tinyusb/src/device/usbd_control.c.obj
 .text.tud_control_status
                0x0000000010006250       0x38 CMakeFiles/sound.dir/home/niki/pico-sdk/lib/tinyusb/src/device/usbd_control.c.obj
                0x0000000010006250                tud_control_status
 .text.tud_control_xfer
                0x0000000010006288       0xa8 CMakeFiles/sound.dir/home/niki/pico-sdk/lib/tinyusb/src/device/usbd_control.c.obj
                0x0000000010006288                tud_control_xfer
 .text.usbd_control_reset
                0x0000000010006330       0x14 CMakeFiles/sound.dir/home/niki/pico-sdk/lib/tinyusb/src/device/usbd_control.c.obj
                0x0000000010006330                usbd_control_reset
 .text.usbd_control_set_complete_callback
                0x0000000010006344        0xc CMakeFiles/sound.dir/home/niki/pico-sdk/lib/tinyusb/src/device/usbd_control.c.obj
                0x0000000010006344                usbd_control_set_complete_callback
 .text.usbd_control_set_request
                0x0000000010006350       0x1c CMakeFiles/sound.dir/home/niki/pico-sdk/lib/tinyusb/src/device/usbd_control.c.obj
                0x0000000010006350                usbd_control_set_request
 .text.usbd_control_xfer_cb
                0x000000001000636c       0xfc CMakeFiles/sound.dir/home/niki/pico-sdk/lib/tinyusb/src/device/usbd_control.c.obj
                0x000000001000636c                usbd_control_xfer_cb
 .text._prep_out_transaction
                0x0000000010006468       0x46 CMakeFiles/sound.dir/home/niki/pico-sdk/lib/tinyusb/src/class/cdc/cdc_device.c.obj
 *fill*         0x00000000100064ae        0x2 
 .text.tud_cdc_n_connected
                0x00000000100064b0       0x44 CMakeFiles/sound.dir/home/niki/pico-sdk/lib/tinyusb/src/class/cdc/cdc_device.c.obj
                0x00000000100064b0                tud_cdc_n_connected
 .text.tud_cdc_n_available
                0x00000000100064f4       0x18 CMakeFiles/sound.dir/home/niki/pico-sdk/lib/tinyusb/src/class/cdc/cdc_device.c.obj
                0x00000000100064f4                tud_cdc_n_available
 .text.tud_cdc_n_read
                0x000000001000650c       0x28 CMakeFiles/sound.dir/home/niki/pico-sdk/lib/tinyusb/src/class/cdc/cdc_device.c.obj
                0x000000001000650c                tud_cdc_n_read
 .text.tud_cdc_n_write_flush
                0x0000000010006534       0xcc CMakeFiles/sound.dir/home/niki/pico-sdk/lib/tinyusb/src/class/cdc/cdc_device.c.obj
                0x0000000010006534                tud_cdc_n_write_flush
 .text.tud_cdc_n_write
                0x0000000010006600       0x38 CMakeFiles/sound.dir/home/niki/pico-sdk/lib/tinyusb/src/class/cdc/cdc_device.c.obj
                0x0000000010006600                tud_cdc_n_write
 .text.tud_cdc_n_write_available
                0x0000000010006638       0x1c CMakeFiles/sound.dir/home/niki/pico-sdk/lib/tinyusb/src/class/cdc/cdc_device.c.obj
                0x0000000010006638                tud_cdc_n_write_available
 .text.cdcd_init
                0x0000000010006654       0xbc CMakeFiles/sound.dir/home/niki/pico-sdk/lib/tinyusb/src/class/cdc/cdc_device.c.obj
                0x0000000010006654                cdcd_init
 .text.cdcd_reset
                0x0000000010006710       0x44 CMakeFiles/sound.dir/home/niki/pico-sdk/lib/tinyusb/src/class/cdc/cdc_device.c.obj
                0x0000000010006710                cdcd_reset
 .text.cdcd_open
                0x0000000010006754       0xf8 CMakeFiles/sound.dir/home/niki/pico-sdk/lib/tinyusb/src/class/cdc/cdc_device.c.obj
                0x0000000010006754                cdcd_open
 .text.cdcd_control_xfer_cb
                0x000000001000684c      0x134 CMakeFiles/sound.dir/home/niki/pico-sdk/lib/tinyusb/src/class/cdc/cdc_device.c.obj
                0x000000001000684c                cdcd_control_xfer_cb
 .text.cdcd_xfer_cb
                0x0000000010006980      0x144 CMakeFiles/sound.dir/home/niki/pico-sdk/lib/tinyusb/src/class/cdc/cdc_device.c.obj
                0x0000000010006980                cdcd_xfer_cb
 .text.tusb_init
                0x0000000010006ac4       0x24 CMakeFiles/sound.dir/home/niki/pico-sdk/lib/tinyusb/src/tusb.c.obj
                0x0000000010006ac4                tusb_init
 .text.tusb_inited
                0x0000000010006ae8        0xe CMakeFiles/sound.dir/home/niki/pico-sdk/lib/tinyusb/src/tusb.c.obj
                0x0000000010006ae8                tusb_inited
 *fill*         0x0000000010006af6        0x2 
 .text.tu_edpt_validate
                0x0000000010006af8       0xa8 CMakeFiles/sound.dir/home/niki/pico-sdk/lib/tinyusb/src/tusb.c.obj
                0x0000000010006af8                tu_edpt_validate
 .text.tu_edpt_bind_driver
                0x0000000010006ba0       0x2a CMakeFiles/sound.dir/home/niki/pico-sdk/lib/tinyusb/src/tusb.c.obj
                0x0000000010006ba0                tu_edpt_bind_driver
 .text.advance_pointer
                0x0000000010006bca       0x18 CMakeFiles/sound.dir/home/niki/pico-sdk/lib/tinyusb/src/common/tusb_fifo.c.obj
 .text.backward_pointer
                0x0000000010006be2       0x1e CMakeFiles/sound.dir/home/niki/pico-sdk/lib/tinyusb/src/common/tusb_fifo.c.obj
 .text.get_relative_pointer
                0x0000000010006c00       0x10 CMakeFiles/sound.dir/home/niki/pico-sdk/lib/tinyusb/src/common/tusb_fifo.c.obj
 .text._tu_fifo_peek
                0x0000000010006c10       0x50 CMakeFiles/sound.dir/home/niki/pico-sdk/lib/tinyusb/src/common/tusb_fifo.c.obj
 .text._ff_pull_const_addr
                0x0000000010006c60       0x4c CMakeFiles/sound.dir/home/niki/pico-sdk/lib/tinyusb/src/common/tusb_fifo.c.obj
 .text._ff_pull_n
                0x0000000010006cac      0x10c CMakeFiles/sound.dir/home/niki/pico-sdk/lib/tinyusb/src/common/tusb_fifo.c.obj
 .text._tu_fifo_peek_n
                0x0000000010006db8       0x5e CMakeFiles/sound.dir/home/niki/pico-sdk/lib/tinyusb/src/common/tusb_fifo.c.obj
 .text._tu_fifo_read_n
                0x0000000010006e16       0x4e CMakeFiles/sound.dir/home/niki/pico-sdk/lib/tinyusb/src/common/tusb_fifo.c.obj
 .text._ff_push_const_addr
                0x0000000010006e64       0x40 CMakeFiles/sound.dir/home/niki/pico-sdk/lib/tinyusb/src/common/tusb_fifo.c.obj
 .text._ff_push_n
                0x0000000010006ea4      0x106 CMakeFiles/sound.dir/home/niki/pico-sdk/lib/tinyusb/src/common/tusb_fifo.c.obj
 .text._tu_fifo_write_n
                0x0000000010006faa       0x9e CMakeFiles/sound.dir/home/niki/pico-sdk/lib/tinyusb/src/common/tusb_fifo.c.obj
 .text.tu_fifo_config
                0x0000000010007048       0x72 CMakeFiles/sound.dir/home/niki/pico-sdk/lib/tinyusb/src/common/tusb_fifo.c.obj
                0x0000000010007048                tu_fifo_config
 .text.tu_fifo_count
                0x00000000100070ba       0x26 CMakeFiles/sound.dir/home/niki/pico-sdk/lib/tinyusb/src/common/tusb_fifo.c.obj
                0x00000000100070ba                tu_fifo_count
 .text.tu_fifo_empty
                0x00000000100070e0        0xe CMakeFiles/sound.dir/home/niki/pico-sdk/lib/tinyusb/src/common/tusb_fifo.c.obj
                0x00000000100070e0                tu_fifo_empty
 .text.tu_fifo_remaining
                0x00000000100070ee       0x20 CMakeFiles/sound.dir/home/niki/pico-sdk/lib/tinyusb/src/common/tusb_fifo.c.obj
                0x00000000100070ee                tu_fifo_remaining
 .text.tu_fifo_read
                0x000000001000710e       0x42 CMakeFiles/sound.dir/home/niki/pico-sdk/lib/tinyusb/src/common/tusb_fifo.c.obj
                0x000000001000710e                tu_fifo_read
 .text.tu_fifo_read_n
                0x0000000010007150        0xa CMakeFiles/sound.dir/home/niki/pico-sdk/lib/tinyusb/src/common/tusb_fifo.c.obj
                0x0000000010007150                tu_fifo_read_n
 .text.tu_fifo_write
                0x000000001000715a       0x6c CMakeFiles/sound.dir/home/niki/pico-sdk/lib/tinyusb/src/common/tusb_fifo.c.obj
                0x000000001000715a                tu_fifo_write
 .text.tu_fifo_write_n
                0x00000000100071c6        0xa CMakeFiles/sound.dir/home/niki/pico-sdk/lib/tinyusb/src/common/tusb_fifo.c.obj
                0x00000000100071c6                tu_fifo_write_n
 .text.tu_fifo_clear
                0x00000000100071d0       0x4c CMakeFiles/sound.dir/home/niki/pico-sdk/lib/tinyusb/src/common/tusb_fifo.c.obj
                0x00000000100071d0                tu_fifo_clear
 .text.tu_fifo_set_overwritable
                0x000000001000721c       0x3c CMakeFiles/sound.dir/home/niki/pico-sdk/lib/tinyusb/src/common/tusb_fifo.c.obj
                0x000000001000721c                tu_fifo_set_overwritable
 .text._retrieve_unique_id_on_boot
                0x0000000010007258       0x10 CMakeFiles/sound.dir/home/niki/pico-sdk/src/rp2_common/pico_unique_id/unique_id.c.obj
 .text.pico_get_unique_board_id_string
                0x0000000010007268       0x60 CMakeFiles/sound.dir/home/niki/pico-sdk/src/rp2_common/pico_unique_id/unique_id.c.obj
                0x0000000010007268                pico_get_unique_board_id_string
 .text.flash_get_unique_id
                0x00000000100072c8       0x46 CMakeFiles/sound.dir/home/niki/pico-sdk/src/rp2_common/hardware_flash/flash.c.obj
                0x00000000100072c8                flash_get_unique_id
 *fill*         0x000000001000730e        0x2 
 .text.adc_init
                0x0000000010007310       0x34 CMakeFiles/sound.dir/home/niki/pico-sdk/src/rp2_common/hardware_adc/adc.c.obj
                0x0000000010007310                adc_init
 .text          0x0000000010007344       0x68 /usr/lib/gcc/arm-none-eabi/9.2.1/../../../arm-none-eabi/lib/thumb/v6-m/nofp/libg.a(lib_a-strlen-stub.o)
                0x0000000010007344                strlen
 *(.fini)
 .fini          0x00000000100073ac        0x4 /usr/lib/gcc/arm-none-eabi/9.2.1/thumb/v6-m/nofp/crti.o
                0x00000000100073ac                _fini
 .fini.__stub   0x00000000100073b0       0x70 linker stubs
 *crtbegin.o(.ctors)
 *crtbegin?.o(.ctors)
 *(EXCLUDE_FILE(*crtend.o *crtend?.o) .ctors)
 *(SORT_BY_NAME(.ctors.*))
 *(.ctors)
 *crtbegin.o(.dtors)
 *crtbegin?.o(.dtors)
 *(EXCLUDE_FILE(*crtend.o *crtend?.o) .dtors)
 *(SORT_BY_NAME(.dtors.*))
 *(.dtors)
 *(.eh_frame*)
 .eh_frame      0x0000000010007420        0x0 /usr/lib/gcc/arm-none-eabi/9.2.1/thumb/v6-m/nofp/crtbegin.o
                0x0000000010007420                . = ALIGN (0x4)

.glue_7         0x0000000010007420        0x0
 .glue_7        0x0000000010007420        0x0 linker stubs

.glue_7t        0x0000000010007420        0x0
 .glue_7t       0x0000000010007420        0x0 linker stubs

.vfp11_veneer   0x0000000010007420        0x0
 .vfp11_veneer  0x0000000010007420        0x0 linker stubs

.v4_bx          0x0000000010007420        0x0
 .v4_bx         0x0000000010007420        0x0 linker stubs

.iplt           0x0000000010007420        0x0
 .iplt          0x0000000010007420        0x0 /usr/lib/gcc/arm-none-eabi/9.2.1/thumb/v6-m/nofp/crtbegin.o

.rodata         0x0000000010007420     0x1668
 *(EXCLUDE_FILE(*libm.a: *libc.a:*lib_a-mem*.o *libgcc.a:) .rodata*)
 .rodata.main.str1.4
                0x0000000010007420        0x9 CMakeFiles/sound.dir/analog_sound.c.obj
 *fill*         0x0000000010007429        0x3 
 .rodata.spin_lock_claim_unused.str1.4
                0x000000001000742c       0x1b CMakeFiles/sound.dir/home/niki/pico-sdk/src/rp2_common/hardware_sync/sync.c.obj
 *fill*         0x0000000010007447        0x1 
 .rodata.make_branch.str1.4
                0x0000000010007448       0x66 CMakeFiles/sound.dir/home/niki/pico-sdk/src/rp2_common/hardware_irq/irq.c.obj
 *fill*         0x00000000100074ae        0x2 
 .rodata.insert_branch_and_link.str1.4
                0x00000000100074b0       0x10 CMakeFiles/sound.dir/home/niki/pico-sdk/src/rp2_common/hardware_irq/irq.c.obj
 .rodata.irq_set_exclusive_handler.str1.4
                0x00000000100074c0       0x36 CMakeFiles/sound.dir/home/niki/pico-sdk/src/rp2_common/hardware_irq/irq.c.obj
 *fill*         0x00000000100074f6        0x2 
 .rodata.irq_add_shared_handler.str1.4
                0x00000000100074f8       0xd9 CMakeFiles/sound.dir/home/niki/pico-sdk/src/rp2_common/hardware_irq/irq.c.obj
 *fill*         0x00000000100075d1        0x3 
 .rodata.irq_remove_handler.str1.4
                0x00000000100075d4       0x2a CMakeFiles/sound.dir/home/niki/pico-sdk/src/rp2_common/hardware_irq/irq.c.obj
 *fill*         0x00000000100075fe        0x2 
 .rodata.irq_add_tail_to_free_list.str1.4
                0x0000000010007600       0x3a CMakeFiles/sound.dir/home/niki/pico-sdk/src/rp2_common/hardware_irq/irq.c.obj
 *fill*         0x000000001000763a        0x2 
 .rodata.user_irq_claim_unused.str1.4
                0x000000001000763c       0x1b CMakeFiles/sound.dir/home/niki/pico-sdk/src/rp2_common/hardware_irq/irq.c.obj
 *fill*         0x0000000010007657        0x1 
 .rodata.__func__.4777
                0x0000000010007658       0x1a CMakeFiles/sound.dir/home/niki/pico-sdk/src/rp2_common/hardware_irq/irq.c.obj
 *fill*         0x0000000010007672        0x2 
 .rodata.__func__.4791
                0x0000000010007674        0xc CMakeFiles/sound.dir/home/niki/pico-sdk/src/rp2_common/hardware_irq/irq.c.obj
 .rodata.__func__.4799
                0x0000000010007680       0x17 CMakeFiles/sound.dir/home/niki/pico-sdk/src/rp2_common/hardware_irq/irq.c.obj
 *fill*         0x0000000010007697        0x1 
 .rodata.__func__.4803
                0x0000000010007698        0xf CMakeFiles/sound.dir/home/niki/pico-sdk/src/rp2_common/hardware_irq/irq.c.obj
 *fill*         0x00000000100076a7        0x1 
 .rodata.__func__.4820
                0x00000000100076a8       0x17 CMakeFiles/sound.dir/home/niki/pico-sdk/src/rp2_common/hardware_irq/irq.c.obj
 *fill*         0x00000000100076bf        0x1 
 .rodata.__func__.4842
                0x00000000100076c0       0x13 CMakeFiles/sound.dir/home/niki/pico-sdk/src/rp2_common/hardware_irq/irq.c.obj
 *fill*         0x00000000100076d3        0x1 
 .rodata.__func__.4864
                0x00000000100076d4       0x1a CMakeFiles/sound.dir/home/niki/pico-sdk/src/rp2_common/hardware_irq/irq.c.obj
 *fill*         0x00000000100076ee        0x2 
 .rodata.repeating_timer_callback.str1.4
                0x00000000100076f0       0x44 CMakeFiles/sound.dir/home/niki/pico-sdk/src/common/pico_time/time.c.obj
 .rodata.alarm_pool_dump_key.str1.4
                0x0000000010007734       0x33 CMakeFiles/sound.dir/home/niki/pico-sdk/src/common/pico_time/time.c.obj
 *fill*         0x0000000010007767        0x1 
 .rodata.ph_add_child_node.str1.4
                0x0000000010007768       0x8e CMakeFiles/sound.dir/home/niki/pico-sdk/src/common/pico_time/time.c.obj
 *fill*         0x00000000100077f6        0x2 
 .rodata.add_alarm_under_lock.str1.4
                0x00000000100077f8       0x28 CMakeFiles/sound.dir/home/niki/pico-sdk/src/common/pico_time/time.c.obj
                                         0x2b (size before relaxing)
 .rodata.alarm_pool_alarm_callback.str1.4
                0x0000000010007820       0xde CMakeFiles/sound.dir/home/niki/pico-sdk/src/common/pico_time/time.c.obj
 *fill*         0x00000000100078fe        0x2 
 .rodata.alarm_pool_get_default.str1.4
                0x0000000010007900       0x21 CMakeFiles/sound.dir/home/niki/pico-sdk/src/common/pico_time/time.c.obj
 *fill*         0x0000000010007921        0x3 
 .rodata.alarm_pool_cancel_alarm.str1.4
                0x0000000010007924       0x27 CMakeFiles/sound.dir/home/niki/pico-sdk/src/common/pico_time/time.c.obj
 *fill*         0x000000001000794b        0x1 
 .rodata.sleep_until.str1.4
                0x000000001000794c       0x4d CMakeFiles/sound.dir/home/niki/pico-sdk/src/common/pico_time/time.c.obj
 *fill*         0x0000000010007999        0x3 
 .rodata.__func__.5701
                0x000000001000799c       0x15 CMakeFiles/sound.dir/home/niki/pico-sdk/src/common/pico_time/time.c.obj
 *fill*         0x00000000100079b1        0x3 
 .rodata.__func__.6019
                0x00000000100079b4        0xc CMakeFiles/sound.dir/home/niki/pico-sdk/src/common/pico_time/time.c.obj
 .rodata.__func__.6026
                0x00000000100079c0       0x12 CMakeFiles/sound.dir/home/niki/pico-sdk/src/common/pico_time/time.c.obj
 *fill*         0x00000000100079d2        0x2 
 .rodata.__func__.6042
                0x00000000100079d4        0xf CMakeFiles/sound.dir/home/niki/pico-sdk/src/common/pico_time/time.c.obj
 *fill*         0x00000000100079e3        0x1 
 .rodata.__func__.6064
                0x00000000100079e4        0xd CMakeFiles/sound.dir/home/niki/pico-sdk/src/common/pico_time/time.c.obj
 *fill*         0x00000000100079f1        0x3 
 .rodata.__func__.6287
                0x00000000100079f4        0xa CMakeFiles/sound.dir/home/niki/pico-sdk/src/common/pico_time/time.c.obj
 *fill*         0x00000000100079fe        0x2 
 .rodata.__func__.6292
                0x0000000010007a00       0x12 CMakeFiles/sound.dir/home/niki/pico-sdk/src/common/pico_time/time.c.obj
 *fill*         0x0000000010007a12        0x2 
 .rodata.__func__.6307
                0x0000000010007a14       0x17 CMakeFiles/sound.dir/home/niki/pico-sdk/src/common/pico_time/time.c.obj
 *fill*         0x0000000010007a2b        0x1 
 .rodata.__func__.6318
                0x0000000010007a2c       0x15 CMakeFiles/sound.dir/home/niki/pico-sdk/src/common/pico_time/time.c.obj
 *fill*         0x0000000010007a41        0x3 
 .rodata.__func__.6335
                0x0000000010007a44       0x1a CMakeFiles/sound.dir/home/niki/pico-sdk/src/common/pico_time/time.c.obj
 *fill*         0x0000000010007a5e        0x2 
 .rodata.__func__.6374
                0x0000000010007a60       0x18 CMakeFiles/sound.dir/home/niki/pico-sdk/src/common/pico_time/time.c.obj
 .rodata.hardware_alarm_claim.str1.4
                0x0000000010007a78       0x22 CMakeFiles/sound.dir/home/niki/pico-sdk/src/rp2_common/hardware_timer/timer.c.obj
 *fill*         0x0000000010007a9a        0x2 
 .rodata.hardware_alarm_set_target.str1.4
                0x0000000010007a9c       0x5e CMakeFiles/sound.dir/home/niki/pico-sdk/src/rp2_common/hardware_timer/timer.c.obj
 *fill*         0x0000000010007afa        0x2 
 .rodata.__func__.4575
                0x0000000010007afc       0x1a CMakeFiles/sound.dir/home/niki/pico-sdk/src/rp2_common/hardware_timer/timer.c.obj
 .rodata.ph_add_child_node.str1.4
                0x0000000010007b16       0x8e CMakeFiles/sound.dir/home/niki/pico-sdk/src/common/pico_util/pheap.c.obj
 *fill*         0x0000000010007b16        0x2 
 .rodata.ph_remove_any_head.str1.4
                0x0000000010007b18       0x88 CMakeFiles/sound.dir/home/niki/pico-sdk/src/common/pico_util/pheap.c.obj
 .rodata.ph_remove_and_free_node.str1.4
                0x0000000010007ba0       0x1e CMakeFiles/sound.dir/home/niki/pico-sdk/src/common/pico_util/pheap.c.obj
                                         0x26 (size before relaxing)
 *fill*         0x0000000010007bbe        0x2 
 .rodata.__func__.5717
                0x0000000010007bc0        0xc CMakeFiles/sound.dir/home/niki/pico-sdk/src/common/pico_util/pheap.c.obj
 .rodata.__func__.5724
                0x0000000010007bcc       0x12 CMakeFiles/sound.dir/home/niki/pico-sdk/src/common/pico_util/pheap.c.obj
 *fill*         0x0000000010007bde        0x2 
 .rodata.__func__.5810
                0x0000000010007be0       0x13 CMakeFiles/sound.dir/home/niki/pico-sdk/src/common/pico_util/pheap.c.obj
 *fill*         0x0000000010007bf3        0x1 
 .rodata.__func__.5828
                0x0000000010007bf4       0x18 CMakeFiles/sound.dir/home/niki/pico-sdk/src/common/pico_util/pheap.c.obj
 .rodata.str1.4
                0x0000000010007c0c       0x85 CMakeFiles/sound.dir/home/niki/pico-sdk/src/common/pico_sync/mutex.c.obj
                                         0xe1 (size before relaxing)
 *fill*         0x0000000010007c91        0x3 
 .rodata.__func__.4193
                0x0000000010007c94       0x15 CMakeFiles/sound.dir/home/niki/pico-sdk/src/common/pico_sync/mutex.c.obj
 *fill*         0x0000000010007ca9        0x3 
 .rodata.__func__.4690
                0x0000000010007cac       0x18 CMakeFiles/sound.dir/home/niki/pico-sdk/src/common/pico_sync/mutex.c.obj
 .rodata.__func__.4709
                0x0000000010007cc4        0xb CMakeFiles/sound.dir/home/niki/pico-sdk/src/common/pico_sync/mutex.c.obj
 *fill*         0x0000000010007ccf        0x1 
 .rodata.__assert_func.str1.4
                0x0000000010007cd0       0x3f CMakeFiles/sound.dir/home/niki/pico-sdk/src/rp2_common/pico_runtime/runtime.c.obj
                                         0x43 (size before relaxing)
 *fill*         0x0000000010007d0f        0x1 
 .rodata.runtime_init.str1.4
                0x0000000010007d10       0x5a CMakeFiles/sound.dir/home/niki/pico-sdk/src/rp2_common/pico_runtime/runtime.c.obj
 *fill*         0x0000000010007d6a        0x2 
 .rodata.panic.str1.4
                0x0000000010007d6c       0x12 CMakeFiles/sound.dir/home/niki/pico-sdk/src/rp2_common/pico_runtime/runtime.c.obj
 *fill*         0x0000000010007d7e        0x2 
 .rodata.__func__.5835
                0x0000000010007d80        0xd CMakeFiles/sound.dir/home/niki/pico-sdk/src/rp2_common/pico_runtime/runtime.c.obj
 *fill*         0x0000000010007d8d        0x3 
 .rodata.clock_configure.str1.4
                0x0000000010007d90       0x50 CMakeFiles/sound.dir/home/niki/pico-sdk/src/rp2_common/hardware_clocks/clocks.c.obj
 .rodata.__func__.4759
                0x0000000010007de0       0x10 CMakeFiles/sound.dir/home/niki/pico-sdk/src/rp2_common/hardware_clocks/clocks.c.obj
 .rodata.pll_init.str1.4
                0x0000000010007df0      0x133 CMakeFiles/sound.dir/home/niki/pico-sdk/src/rp2_common/hardware_pll/pll.c.obj
 *fill*         0x0000000010007f23        0x1 
 .rodata.__func__.4416
                0x0000000010007f24        0x9 CMakeFiles/sound.dir/home/niki/pico-sdk/src/rp2_common/hardware_pll/pll.c.obj
 *fill*         0x0000000010007f2d        0x3 
 .rodata._ftoa.str1.4
                0x0000000010007f30       0x15 CMakeFiles/sound.dir/home/niki/pico-sdk/src/rp2_common/pico_printf/printf.c.obj
 *fill*         0x0000000010007f45        0x3 
 .rodata._vsnprintf
                0x0000000010007f48      0x1e0 CMakeFiles/sound.dir/home/niki/pico-sdk/src/rp2_common/pico_printf/printf.c.obj
 .rodata.pow10.5431
                0x0000000010008128       0x50 CMakeFiles/sound.dir/home/niki/pico-sdk/src/rp2_common/pico_printf/printf.c.obj
 .rodata.__aeabi_double_init.str1.4
                0x0000000010008178       0xa1 CMakeFiles/sound.dir/home/niki/pico-sdk/src/rp2_common/pico_double/double_init_rom.c.obj
 *fill*         0x0000000010008219        0x3 
 .rodata.__func__.4728
                0x000000001000821c       0x14 CMakeFiles/sound.dir/home/niki/pico-sdk/src/rp2_common/pico_double/double_init_rom.c.obj
 .rodata.__aeabi_float_init.str1.4
                0x0000000010008230       0x73 CMakeFiles/sound.dir/home/niki/pico-sdk/src/rp2_common/pico_float/float_init_rom.c.obj
                                         0x77 (size before relaxing)
 *fill*         0x00000000100082a3        0x1 
 .rodata.__func__.4729
                0x00000000100082a4       0x13 CMakeFiles/sound.dir/home/niki/pico-sdk/src/rp2_common/pico_float/float_init_rom.c.obj
 *fill*         0x00000000100082b7        0x1 
 .rodata.str1.4
                0x00000000100082b8       0x3c CMakeFiles/sound.dir/home/niki/pico-sdk/src/rp2_common/pico_standard_link/binary_info.c.obj
 .rodata.__bi_44
                0x00000000100082f4        0xc CMakeFiles/sound.dir/home/niki/pico-sdk/src/rp2_common/pico_standard_link/binary_info.c.obj
 .rodata.__bi_75
                0x0000000010008300        0xc CMakeFiles/sound.dir/home/niki/pico-sdk/src/rp2_common/pico_standard_link/binary_info.c.obj
 .rodata.__bi_81
                0x000000001000830c        0xc CMakeFiles/sound.dir/home/niki/pico-sdk/src/rp2_common/pico_standard_link/binary_info.c.obj
 .rodata.crlf_str.5910
                0x0000000010008318        0x2 CMakeFiles/sound.dir/home/niki/pico-sdk/src/rp2_common/pico_stdio/stdio.c.obj
 *fill*         0x000000001000831a        0x2 
 .rodata._resetd_driver
                0x000000001000831c       0x18 CMakeFiles/sound.dir/home/niki/pico-sdk/src/rp2_common/pico_stdio_usb/reset_interface.c.obj
 .rodata.timer_task.str1.4
                0x0000000010008334       0x66 CMakeFiles/sound.dir/home/niki/pico-sdk/src/rp2_common/pico_stdio_usb/stdio_usb.c.obj
 .rodata.stdio_usb_init.str1.4
                0x000000001000839a       0x5a CMakeFiles/sound.dir/home/niki/pico-sdk/src/rp2_common/pico_stdio_usb/stdio_usb.c.obj
 *fill*         0x000000001000839a        0x2 
 .rodata.str1.4
                0x000000001000839c       0x13 CMakeFiles/sound.dir/home/niki/pico-sdk/src/rp2_common/pico_stdio_usb/stdio_usb.c.obj
 *fill*         0x00000000100083af        0x1 
 .rodata.__bi_118.7243
                0x00000000100083b0        0xc CMakeFiles/sound.dir/home/niki/pico-sdk/src/rp2_common/pico_stdio_usb/stdio_usb.c.obj
 .rodata.__func__.5424
                0x00000000100083bc       0x15 CMakeFiles/sound.dir/home/niki/pico-sdk/src/rp2_common/pico_stdio_usb/stdio_usb.c.obj
 *fill*         0x00000000100083d1        0x3 
 .rodata.__func__.7217
                0x00000000100083d4        0xb CMakeFiles/sound.dir/home/niki/pico-sdk/src/rp2_common/pico_stdio_usb/stdio_usb.c.obj
 *fill*         0x00000000100083df        0x1 
 .rodata.str1.4
                0x00000000100083e0       0x2a CMakeFiles/sound.dir/home/niki/pico-sdk/src/rp2_common/pico_stdio_usb/stdio_usb_descriptors.c.obj
 *fill*         0x000000001000840a        0x2 
 .rodata.usbd_desc_cfg
                0x000000001000840c       0x54 CMakeFiles/sound.dir/home/niki/pico-sdk/src/rp2_common/pico_stdio_usb/stdio_usb_descriptors.c.obj
 .rodata.usbd_desc_device
                0x0000000010008460       0x12 CMakeFiles/sound.dir/home/niki/pico-sdk/src/rp2_common/pico_stdio_usb/stdio_usb_descriptors.c.obj
 *fill*         0x0000000010008472        0x2 
 .rodata.usbd_desc_str
                0x0000000010008474       0x18 CMakeFiles/sound.dir/home/niki/pico-sdk/src/rp2_common/pico_stdio_usb/stdio_usb_descriptors.c.obj
 .rodata._hw_endpoint_alloc.str1.4
                0x000000001000848c       0xb1 CMakeFiles/sound.dir/home/niki/pico-sdk/lib/tinyusb/src/portable/raspberrypi/rp2040/dcd_rp2040.c.obj
 *fill*         0x000000001000853d        0x3 
 .rodata.dcd_rp2040_irq.str1.4
                0x0000000010008540       0x14 CMakeFiles/sound.dir/home/niki/pico-sdk/lib/tinyusb/src/portable/raspberrypi/rp2040/dcd_rp2040.c.obj
 .rodata.dcd_int_enable.str1.4
                0x0000000010008554        0xc CMakeFiles/sound.dir/home/niki/pico-sdk/lib/tinyusb/src/portable/raspberrypi/rp2040/dcd_rp2040.c.obj
 .rodata.__func__.6909
                0x0000000010008560       0x13 CMakeFiles/sound.dir/home/niki/pico-sdk/lib/tinyusb/src/portable/raspberrypi/rp2040/dcd_rp2040.c.obj
 *fill*         0x0000000010008573        0x1 
 .rodata.__func__.6962
                0x0000000010008574        0x9 CMakeFiles/sound.dir/home/niki/pico-sdk/lib/tinyusb/src/portable/raspberrypi/rp2040/dcd_rp2040.c.obj
 *fill*         0x000000001000857d        0x3 
 .rodata.__func__.6966
                0x0000000010008580        0xf CMakeFiles/sound.dir/home/niki/pico-sdk/lib/tinyusb/src/portable/raspberrypi/rp2040/dcd_rp2040.c.obj
 *fill*         0x000000001000858f        0x1 
 .rodata.__func__.6975
                0x0000000010008590       0x10 CMakeFiles/sound.dir/home/niki/pico-sdk/lib/tinyusb/src/portable/raspberrypi/rp2040/dcd_rp2040.c.obj
 .rodata.__func__.6994
                0x00000000100085a0        0xe CMakeFiles/sound.dir/home/niki/pico-sdk/lib/tinyusb/src/portable/raspberrypi/rp2040/dcd_rp2040.c.obj
 *fill*         0x00000000100085ae        0x2 
 .rodata.__func__.7004
                0x00000000100085b0        0xe CMakeFiles/sound.dir/home/niki/pico-sdk/lib/tinyusb/src/portable/raspberrypi/rp2040/dcd_rp2040.c.obj
 *fill*         0x00000000100085be        0x2 
 .rodata.sync_ep_buffer.str1.4
                0x00000000100085c0       0x8d CMakeFiles/sound.dir/home/niki/pico-sdk/lib/tinyusb/src/portable/raspberrypi/rp2040/rp2040_usb.c.obj
 *fill*         0x000000001000864d        0x3 
 .rodata._hw_endpoint_buffer_control_update32.str1.4
                0x0000000010008650       0x1f CMakeFiles/sound.dir/home/niki/pico-sdk/lib/tinyusb/src/portable/raspberrypi/rp2040/rp2040_usb.c.obj
 *fill*         0x000000001000866f        0x1 
 .rodata.hw_endpoint_xfer_start.str1.4
                0x0000000010008670       0x38 CMakeFiles/sound.dir/home/niki/pico-sdk/lib/tinyusb/src/portable/raspberrypi/rp2040/rp2040_usb.c.obj
 .rodata.hw_endpoint_xfer_continue.str1.4
                0x00000000100086a8       0x29 CMakeFiles/sound.dir/home/niki/pico-sdk/lib/tinyusb/src/portable/raspberrypi/rp2040/rp2040_usb.c.obj
 *fill*         0x00000000100086d1        0x3 
 .rodata.str1.4
                0x00000000100086d4        0x7 CMakeFiles/sound.dir/home/niki/pico-sdk/lib/tinyusb/src/portable/raspberrypi/rp2040/rp2040_usb.c.obj
 *fill*         0x00000000100086db        0x1 
 .rodata.__func__.6674
                0x00000000100086dc        0xf CMakeFiles/sound.dir/home/niki/pico-sdk/lib/tinyusb/src/portable/raspberrypi/rp2040/rp2040_usb.c.obj
 *fill*         0x00000000100086eb        0x1 
 .rodata.process_set_config.str1.4
                0x00000000100086ec       0x17 CMakeFiles/sound.dir/home/niki/pico-sdk/lib/tinyusb/src/device/usbd.c.obj
 *fill*         0x0000000010008703        0x1 
 .rodata.process_get_descriptor
                0x0000000010008704       0x40 CMakeFiles/sound.dir/home/niki/pico-sdk/lib/tinyusb/src/device/usbd.c.obj
 .rodata.process_control_request
                0x0000000010008744       0x28 CMakeFiles/sound.dir/home/niki/pico-sdk/lib/tinyusb/src/device/usbd.c.obj
 .rodata.tud_task
                0x000000001000876c       0x24 CMakeFiles/sound.dir/home/niki/pico-sdk/lib/tinyusb/src/device/usbd.c.obj
 .rodata.__func__.6575
                0x0000000010008790       0x10 CMakeFiles/sound.dir/home/niki/pico-sdk/lib/tinyusb/src/device/usbd.c.obj
 .rodata.__func__.7373
                0x00000000100087a0        0x9 CMakeFiles/sound.dir/home/niki/pico-sdk/lib/tinyusb/src/device/usbd.c.obj
 *fill*         0x00000000100087a9        0x3 
 .rodata.__func__.7394
                0x00000000100087ac       0x18 CMakeFiles/sound.dir/home/niki/pico-sdk/lib/tinyusb/src/device/usbd.c.obj
 .rodata.__func__.7437
                0x00000000100087c4       0x13 CMakeFiles/sound.dir/home/niki/pico-sdk/lib/tinyusb/src/device/usbd.c.obj
 *fill*         0x00000000100087d7        0x1 
 .rodata.__func__.7472
                0x00000000100087d8       0x17 CMakeFiles/sound.dir/home/niki/pico-sdk/lib/tinyusb/src/device/usbd.c.obj
 *fill*         0x00000000100087ef        0x1 
 .rodata.__func__.7526
                0x00000000100087f0       0x14 CMakeFiles/sound.dir/home/niki/pico-sdk/lib/tinyusb/src/device/usbd.c.obj
 .rodata.__func__.7540
                0x0000000010008804        0xf CMakeFiles/sound.dir/home/niki/pico-sdk/lib/tinyusb/src/device/usbd.c.obj
 *fill*         0x0000000010008813        0x1 
 .rodata.__func__.7563
                0x0000000010008814        0xf CMakeFiles/sound.dir/home/niki/pico-sdk/lib/tinyusb/src/device/usbd.c.obj
 *fill*         0x0000000010008823        0x1 
 .rodata._usbd_driver
                0x0000000010008824       0x18 CMakeFiles/sound.dir/home/niki/pico-sdk/lib/tinyusb/src/device/usbd.c.obj
 .rodata.tud_control_xfer.str1.4
                0x000000001000883c       0x17 CMakeFiles/sound.dir/home/niki/pico-sdk/lib/tinyusb/src/device/usbd_control.c.obj
 .rodata.__func__.7288
                0x000000001000883c       0x11 CMakeFiles/sound.dir/home/niki/pico-sdk/lib/tinyusb/src/device/usbd_control.c.obj
 *fill*         0x000000001000884d        0x3 
 .rodata.__func__.7315
                0x0000000010008850       0x15 CMakeFiles/sound.dir/home/niki/pico-sdk/lib/tinyusb/src/device/usbd_control.c.obj
 .rodata.tud_cdc_n_write_flush.str1.4
                0x0000000010008865       0x17 CMakeFiles/sound.dir/home/niki/pico-sdk/lib/tinyusb/src/class/cdc/cdc_device.c.obj
 *fill*         0x0000000010008865        0x3 
 .rodata.__func__.7224
                0x0000000010008868       0x16 CMakeFiles/sound.dir/home/niki/pico-sdk/lib/tinyusb/src/class/cdc/cdc_device.c.obj
 *fill*         0x000000001000887e        0x2 
 .rodata.__func__.7257
                0x0000000010008880        0xa CMakeFiles/sound.dir/home/niki/pico-sdk/lib/tinyusb/src/class/cdc/cdc_device.c.obj
 *fill*         0x000000001000888a        0x2 
 .rodata.__func__.7292
                0x000000001000888c        0xd CMakeFiles/sound.dir/home/niki/pico-sdk/lib/tinyusb/src/class/cdc/cdc_device.c.obj
 .rodata.tusb_init.str1.4
                0x0000000010008899       0x17 CMakeFiles/sound.dir/home/niki/pico-sdk/lib/tinyusb/src/tusb.c.obj
 *fill*         0x0000000010008899        0x3 
 .rodata.__func__.7161
                0x000000001000889c        0xa CMakeFiles/sound.dir/home/niki/pico-sdk/lib/tinyusb/src/tusb.c.obj
 *fill*         0x00000000100088a6        0x2 
 .rodata.__func__.7173
                0x00000000100088a8       0x11 CMakeFiles/sound.dir/home/niki/pico-sdk/lib/tinyusb/src/tusb.c.obj
 *fill*         0x00000000100088b9        0x3 
 .rodata.pico_get_unique_board_id_string.str1.4
                0x00000000100088bc       0x46 CMakeFiles/sound.dir/home/niki/pico-sdk/src/rp2_common/pico_unique_id/unique_id.c.obj
 *fill*         0x0000000010008902        0x2 
 .rodata.__func__.4296
                0x0000000010008904       0x20 CMakeFiles/sound.dir/home/niki/pico-sdk/src/rp2_common/pico_unique_id/unique_id.c.obj
 .rodata.str1.4
                0x0000000010008924      0x152 CMakeFiles/sound.dir/home/niki/pico-sdk/src/rp2_common/hardware_flash/flash.c.obj
 *fill*         0x0000000010008a76        0x2 
 .rodata.__func__.4470
                0x0000000010008a78        0xd CMakeFiles/sound.dir/home/niki/pico-sdk/src/rp2_common/hardware_flash/flash.c.obj
                0x0000000010008a88                . = ALIGN (0x4)
 *fill*         0x0000000010008a85        0x3 
 *(SORT_BY_ALIGNMENT(SORT_BY_NAME(.flashdata*)))
                0x0000000010008a88                . = ALIGN (0x4)

.rel.dyn        0x0000000010008a88        0x0
 .rel.iplt      0x0000000010008a88        0x0 /usr/lib/gcc/arm-none-eabi/9.2.1/thumb/v6-m/nofp/crtbegin.o

.ARM.extab
 *(.ARM.extab* .gnu.linkonce.armextab.*)
                0x0000000010008a88                __exidx_start = .

.ARM.exidx
 *(.ARM.exidx* .gnu.linkonce.armexidx.*)
                0x0000000010008a88                __exidx_end = .
                0x0000000010008a88                . = ALIGN (0x4)
                0x0000000010008a88                __binary_info_start = .

.binary_info    0x0000000010008a88       0x20
 *(.binary_info.keep.*)
 .binary_info.keep.__bi_ptr22
                0x0000000010008a88        0x4 CMakeFiles/sound.dir/home/niki/pico-sdk/src/rp2_common/pico_standard_link/binary_info.c.obj
 .binary_info.keep.__bi_ptr30
                0x0000000010008a8c        0x4 CMakeFiles/sound.dir/home/niki/pico-sdk/src/rp2_common/pico_standard_link/binary_info.c.obj
 .binary_info.keep.__bi_ptr38
                0x0000000010008a90        0x4 CMakeFiles/sound.dir/home/niki/pico-sdk/src/rp2_common/pico_standard_link/binary_info.c.obj
 .binary_info.keep.__bi_ptr44
                0x0000000010008a94        0x4 CMakeFiles/sound.dir/home/niki/pico-sdk/src/rp2_common/pico_standard_link/binary_info.c.obj
 .binary_info.keep.__bi_ptr50
                0x0000000010008a98        0x4 CMakeFiles/sound.dir/home/niki/pico-sdk/src/rp2_common/pico_standard_link/binary_info.c.obj
 .binary_info.keep.__bi_ptr75
                0x0000000010008a9c        0x4 CMakeFiles/sound.dir/home/niki/pico-sdk/src/rp2_common/pico_standard_link/binary_info.c.obj
 .binary_info.keep.__bi_ptr81
                0x0000000010008aa0        0x4 CMakeFiles/sound.dir/home/niki/pico-sdk/src/rp2_common/pico_standard_link/binary_info.c.obj
 *(.binary_info.*)
 .binary_info.__bi_ptr118
                0x0000000010008aa4        0x4 CMakeFiles/sound.dir/home/niki/pico-sdk/src/rp2_common/pico_stdio_usb/stdio_usb.c.obj
                0x0000000010008aa8                __binary_info_end = .
                0x0000000010008aa8                . = ALIGN (0x4)
                0x0000000010008aa8                __etext = .

.ram_vector_table
                0x0000000020000000       0xc0
 *(.ram_vector_table)
 .ram_vector_table
                0x0000000020000000       0xc0 CMakeFiles/sound.dir/home/niki/pico-sdk/src/rp2_common/pico_runtime/runtime.c.obj
                0x0000000020000000                ram_vector_table

.data           0x00000000200000c0      0x460 load address 0x0000000010008aa8
                0x00000000200000c0                __data_start__ = .
 *(vtable)
 *(.time_critical*)
 .time_critical.mutex_enter_blocking
                0x00000000200000c0       0x48 CMakeFiles/sound.dir/home/niki/pico-sdk/src/common/pico_sync/mutex.c.obj
                0x00000000200000c0                mutex_enter_blocking
 .time_critical.mutex_try_enter
                0x0000000020000108       0x48 CMakeFiles/sound.dir/home/niki/pico-sdk/src/common/pico_sync/mutex.c.obj
                0x0000000020000108                mutex_try_enter
 .time_critical.mutex_enter_block_until
                0x0000000020000150       0x88 CMakeFiles/sound.dir/home/niki/pico-sdk/src/common/pico_sync/mutex.c.obj
                0x0000000020000150                mutex_enter_block_until
 .time_critical.mutex_enter_timeout_ms
                0x00000000200001d8       0x78 CMakeFiles/sound.dir/home/niki/pico-sdk/src/common/pico_sync/mutex.c.obj
                0x00000000200001d8                mutex_enter_timeout_ms
 .time_critical.mutex_exit
                0x0000000020000250       0x4c CMakeFiles/sound.dir/home/niki/pico-sdk/src/common/pico_sync/mutex.c.obj
                0x0000000020000250                mutex_exit
 .time_critical.flash_init_boot2_copyout
                0x000000002000029c       0x30 CMakeFiles/sound.dir/home/niki/pico-sdk/src/rp2_common/hardware_flash/flash.c.obj
 .time_critical.flash_enable_xip_via_boot2
                0x00000000200002cc       0x10 CMakeFiles/sound.dir/home/niki/pico-sdk/src/rp2_common/hardware_flash/flash.c.obj
 .time_critical.flash_cs_force
                0x00000000200002dc       0x28 CMakeFiles/sound.dir/home/niki/pico-sdk/src/rp2_common/hardware_flash/flash.c.obj
 .time_critical.flash_do_cmd
                0x0000000020000304       0xd8 CMakeFiles/sound.dir/home/niki/pico-sdk/src/rp2_common/hardware_flash/flash.c.obj
                0x0000000020000304                flash_do_cmd
 *(.text*)
 .text          0x00000000200003dc        0x4 /usr/lib/gcc/arm-none-eabi/9.2.1/thumb/v6-m/nofp/libgcc.a(_dvmd_tls.o)
                0x00000000200003dc                __aeabi_ldiv0
                0x00000000200003dc                __aeabi_idiv0
 .text.__stub   0x00000000200003e0       0x40 linker stubs
                0x0000000020000420                . = ALIGN (0x4)
 *(.rodata*)
                0x0000000020000420                . = ALIGN (0x4)
 *(.data*)
 .data.striped_spin_lock_num
                0x0000000020000420        0x1 CMakeFiles/sound.dir/home/niki/pico-sdk/src/rp2_common/hardware_sync/sync.c.obj
 *fill*         0x0000000020000421        0x3 
 .data          0x0000000020000424       0x48 CMakeFiles/sound.dir/home/niki/pico-sdk/src/rp2_common/hardware_irq/irq_handler_chain.S.obj
                0x0000000020000424                irq_handler_chain_slots
                0x0000000020000454                irq_handler_chain_first_slot
                0x000000002000045e                irq_handler_chain_remove_tail
 .data.default_alarm_pool
                0x000000002000046c       0x18 CMakeFiles/sound.dir/home/niki/pico-sdk/src/common/pico_time/time.c.obj
 .data.default_alarm_pool_heap
                0x0000000020000484       0x10 CMakeFiles/sound.dir/home/niki/pico-sdk/src/common/pico_time/time.c.obj
 *fill*         0x0000000020000494        0xc 
 .data.aeabi_bits_funcs
                0x00000000200004a0       0x10 CMakeFiles/sound.dir/home/niki/pico-sdk/src/rp2_common/pico_bit_ops/bit_ops_aeabi.S.obj
                0x00000000200004a0                aeabi_bits_funcs
                0x00000000200004b0                aeabi_bits_funcs_end
 .data.aeabi_mem_funcs
                0x00000000200004b0       0x10 CMakeFiles/sound.dir/home/niki/pico-sdk/src/rp2_common/pico_mem_ops/mem_ops_aeabi.S.obj
                0x00000000200004b0                aeabi_mem_funcs
                0x00000000200004c0                aeabi_mem_funcs_end
 .data.stdio_usb
                0x00000000200004c0       0x14 CMakeFiles/sound.dir/home/niki/pico-sdk/src/rp2_common/pico_stdio_usb/stdio_usb.c.obj
                0x00000000200004c0                stdio_usb
 .data.ep_dir_string
                0x00000000200004d4        0x8 CMakeFiles/sound.dir/home/niki/pico-sdk/lib/tinyusb/src/portable/raspberrypi/rp2040/rp2040_usb.c.obj
                0x00000000200004d4                ep_dir_string
 .data._usbd_qdef
                0x00000000200004dc       0x24 CMakeFiles/sound.dir/home/niki/pico-sdk/lib/tinyusb/src/device/usbd.c.obj
                0x00000000200004dc                _usbd_qdef
                0x0000000020000500                . = ALIGN (0x4)
 *(.after_data.*)
                0x0000000020000500                . = ALIGN (0x4)
                0x0000000020000500                PROVIDE (__mutex_array_start = .)
 *(SORT_BY_NAME(.mutex_array.*))
 *(.mutex_array)
 .mutex_array   0x0000000020000500        0x8 CMakeFiles/sound.dir/home/niki/pico-sdk/src/rp2_common/pico_stdio/stdio.c.obj
                0x0000000020000508                PROVIDE (__mutex_array_end = .)
                0x0000000020000508                . = ALIGN (0x4)
                0x0000000020000508                PROVIDE (__preinit_array_start = .)
 *(SORT_BY_NAME(.preinit_array.*))
 .preinit_array.00001
                0x0000000020000508        0x4 CMakeFiles/sound.dir/home/niki/pico-sdk/src/rp2_common/pico_mem_ops/mem_ops_aeabi.S.obj
 .preinit_array.00010
                0x000000002000050c        0x4 CMakeFiles/sound.dir/home/niki/pico-sdk/src/rp2_common/pico_bit_ops/bit_ops_aeabi.S.obj
 .preinit_array.00020
                0x0000000020000510        0x4 CMakeFiles/sound.dir/home/niki/pico-sdk/src/rp2_common/pico_double/double_aeabi.S.obj
 .preinit_array.00020
                0x0000000020000514        0x4 CMakeFiles/sound.dir/home/niki/pico-sdk/src/rp2_common/pico_float/float_aeabi.S.obj
 *(.preinit_array)
                0x0000000020000518                PROVIDE (__preinit_array_end = .)
                0x0000000020000518                . = ALIGN (0x4)
                0x0000000020000518                PROVIDE (__init_array_start = .)
 *(SORT_BY_NAME(.init_array.*))
 *(.init_array)
 .init_array    0x0000000020000518        0x4 /usr/lib/gcc/arm-none-eabi/9.2.1/thumb/v6-m/nofp/crtbegin.o
 .init_array    0x000000002000051c        0x4 CMakeFiles/sound.dir/home/niki/pico-sdk/src/rp2_common/pico_unique_id/unique_id.c.obj
                0x0000000020000520                PROVIDE (__init_array_end = .)
                0x0000000020000520                . = ALIGN (0x4)
                0x0000000020000520                PROVIDE (__fini_array_start = .)
 *(SORT_BY_NAME(.fini_array.*))
 *(.fini_array)
                0x0000000020000520                PROVIDE (__fini_array_end = .)
 *(.jcr)
                0x0000000020000520                . = ALIGN (0x4)
                0x0000000020000520                __data_end__ = .

.tm_clone_table
                0x0000000020000520        0x0 load address 0x0000000010008f08
 .tm_clone_table
                0x0000000020000520        0x0 /usr/lib/gcc/arm-none-eabi/9.2.1/thumb/v6-m/nofp/crtbegin.o
 .tm_clone_table
                0x0000000020000520        0x0 /usr/lib/gcc/arm-none-eabi/9.2.1/thumb/v6-m/nofp/crtend.o

.igot.plt       0x0000000020000520        0x0 load address 0x0000000010008f08
 .igot.plt      0x0000000020000520        0x0 /usr/lib/gcc/arm-none-eabi/9.2.1/thumb/v6-m/nofp/crtbegin.o

.uninitialized_data
                0x0000000020000520        0x0 load address 0x0000000010008f08
                0x0000000020000520                . = ALIGN (0x4)
 *(.uninitialized_data*)

.scratch_x      0x0000000020040000        0x0 load address 0x0000000010008f08
                0x0000000020040000                __scratch_x_start__ = .
 *(.scratch_x.*)
                0x0000000020040000                . = ALIGN (0x4)
                0x0000000020040000                __scratch_x_end__ = .
                0x0000000010008f08                __scratch_x_source__ = LOADADDR (.scratch_x)

.scratch_y      0x0000000020041000        0x0 load address 0x0000000010008f08
                0x0000000020041000                __scratch_y_start__ = .
 *(.scratch_y.*)
                0x0000000020041000                . = ALIGN (0x4)
                0x0000000020041000                __scratch_y_end__ = .
                0x0000000010008f08                __scratch_y_source__ = LOADADDR (.scratch_y)

.bss            0x0000000020000520      0xd84
                0x0000000020000520                . = ALIGN (0x4)
                0x0000000020000520                __bss_start__ = .
 *(SORT_BY_ALIGNMENT(SORT_BY_NAME(.bss*)))
 .bss.default_alarm_pool_entries
                0x0000000020000520      0x100 CMakeFiles/sound.dir/home/niki/pico-sdk/src/common/pico_time/time.c.obj
 .bss.last_avail_time.7222
                0x0000000020000620        0x8 CMakeFiles/sound.dir/home/niki/pico-sdk/src/rp2_common/pico_stdio_usb/stdio_usb.c.obj
 .bss           0x0000000020000628       0x1c /usr/lib/gcc/arm-none-eabi/9.2.1/thumb/v6-m/nofp/crtbegin.o
 .bss._app_driver
                0x0000000020000644        0x4 CMakeFiles/sound.dir/home/niki/pico-sdk/lib/tinyusb/src/device/usbd.c.obj
 .bss._cdcd_itf
                0x0000000020000648      0x2d8 CMakeFiles/sound.dir/home/niki/pico-sdk/lib/tinyusb/src/class/cdc/cdc_device.c.obj
 .bss._ctrl_xfer
                0x0000000020000920       0x14 CMakeFiles/sound.dir/home/niki/pico-sdk/lib/tinyusb/src/device/usbd_control.c.obj
 .bss._ubsd_mutexdef
                0x0000000020000934        0x8 CMakeFiles/sound.dir/home/niki/pico-sdk/lib/tinyusb/src/device/usbd.c.obj
 .bss._usbd_ctrl_buf
                0x000000002000093c       0x40 CMakeFiles/sound.dir/home/niki/pico-sdk/lib/tinyusb/src/device/usbd_control.c.obj
 .bss._usbd_dev
                0x000000002000097c       0x53 CMakeFiles/sound.dir/home/niki/pico-sdk/lib/tinyusb/src/device/usbd.c.obj
 *fill*         0x00000000200009cf        0x1 
 .bss._usbd_mutex