Archive member included to satisfy reference by file (symbol)

/usr/lib/gcc/arm-none-eabi/9.2.1/thumb/v6-m/nofp/libgcc.a(_dvmd_tls.o)
                              CMakeFiles/sound.dir/home/niki/pico-sdk/src/rp2_common/pico_divider/divider.S.obj (__aeabi_idiv0)
/usr/lib/gcc/arm-none-eabi/9.2.1/../../../arm-none-eabi/lib/thumb/v6-m/nofp/libg.a(lib_a-atexit.o)
                              /usr/lib/gcc/arm-none-eabi/9.2.1/../../../arm-none-eabi/lib/thumb/v6-m/nofp/crt0.o (atexit)
/usr/lib/gcc/arm-none-eabi/9.2.1/../../../arm-none-eabi/lib/thumb/v6-m/nofp/libg.a(lib_a-calloc.o)
                              CMakeFiles/sound.dir/home/niki/pico-sdk/src/rp2_common/pico_malloc/pico_malloc.c.obj (calloc)
/usr/lib/gcc/arm-none-eabi/9.2.1/../../../arm-none-eabi/lib/thumb/v6-m/nofp/libg.a(lib_a-callocr.o)
                              /usr/lib/gcc/arm-none-eabi/9.2.1/../../../arm-none-eabi/lib/thumb/v6-m/nofp/libg.a(lib_a-calloc.o) (_calloc_r)
/usr/lib/gcc/arm-none-eabi/9.2.1/../../../arm-none-eabi/lib/thumb/v6-m/nofp/libg.a(lib_a-ctype_.o)
                              CMakeFiles/sound.dir/home/niki/pico-sdk/lib/tinyusb/src/tusb.c.obj (_ctype_)
/usr/lib/gcc/arm-none-eabi/9.2.1/../../../arm-none-eabi/lib/thumb/v6-m/nofp/libg.a(lib_a-fini.o)
                              /usr/lib/gcc/arm-none-eabi/9.2.1/../../../arm-none-eabi/lib/thumb/v6-m/nofp/crt0.o (__libc_fini_array)
/usr/lib/gcc/arm-none-eabi/9.2.1/../../../arm-none-eabi/lib/thumb/v6-m/nofp/libg.a(lib_a-impure.o)
                              /usr/lib/gcc/arm-none-eabi/9.2.1/../../../arm-none-eabi/lib/thumb/v6-m/nofp/libg.a(lib_a-calloc.o) (_impure_ptr)
/usr/lib/gcc/arm-none-eabi/9.2.1/../../../arm-none-eabi/lib/thumb/v6-m/nofp/libg.a(lib_a-init.o)
                              /usr/lib/gcc/arm-none-eabi/9.2.1/../../../arm-none-eabi/lib/thumb/v6-m/nofp/crt0.o (__libc_init_array)
/usr/lib/gcc/arm-none-eabi/9.2.1/../../../arm-none-eabi/lib/thumb/v6-m/nofp/libg.a(lib_a-malloc.o)
                              CMakeFiles/sound.dir/home/niki/pico-sdk/src/rp2_common/pico_malloc/pico_malloc.c.obj (malloc)
/usr/lib/gcc/arm-none-eabi/9.2.1/../../../arm-none-eabi/lib/thumb/v6-m/nofp/libg.a(lib_a-mallocr.o)
                              /usr/lib/gcc/arm-none-eabi/9.2.1/../../../arm-none-eabi/lib/thumb/v6-m/nofp/libg.a(lib_a-callocr.o) (_malloc_r)
/usr/lib/gcc/arm-none-eabi/9.2.1/../../../arm-none-eabi/lib/thumb/v6-m/nofp/libg.a(lib_a-mlock.o)
                              /usr/lib/gcc/arm-none-eabi/9.2.1/../../../arm-none-eabi/lib/thumb/v6-m/nofp/libg.a(lib_a-mallocr.o) (__malloc_lock)
/usr/lib/gcc/arm-none-eabi/9.2.1/../../../arm-none-eabi/lib/thumb/v6-m/nofp/libg.a(lib_a-realloc.o)
                              CMakeFiles/sound.dir/home/niki/pico-sdk/src/rp2_common/pico_malloc/pico_malloc.c.obj (realloc)
/usr/lib/gcc/arm-none-eabi/9.2.1/../../../arm-none-eabi/lib/thumb/v6-m/nofp/libg.a(lib_a-reallocr.o)
                              /usr/lib/gcc/arm-none-eabi/9.2.1/../../../arm-none-eabi/lib/thumb/v6-m/nofp/libg.a(lib_a-realloc.o) (_realloc_r)
/usr/lib/gcc/arm-none-eabi/9.2.1/../../../arm-none-eabi/lib/thumb/v6-m/nofp/libg.a(lib_a-sbrkr.o)
                              /usr/lib/gcc/arm-none-eabi/9.2.1/../../../arm-none-eabi/lib/thumb/v6-m/nofp/libg.a(lib_a-mallocr.o) (_sbrk_r)
/usr/lib/gcc/arm-none-eabi/9.2.1/../../../arm-none-eabi/lib/thumb/v6-m/nofp/libg.a(lib_a-strlen-stub.o)
                              CMakeFiles/sound.dir/home/niki/pico-sdk/src/rp2_common/pico_stdio/stdio.c.obj (strlen)
/usr/lib/gcc/arm-none-eabi/9.2.1/../../../arm-none-eabi/lib/thumb/v6-m/nofp/libg.a(lib_a-__atexit.o)
                              /usr/lib/gcc/arm-none-eabi/9.2.1/../../../arm-none-eabi/lib/thumb/v6-m/nofp/libg.a(lib_a-atexit.o) (__register_exitproc)
/usr/lib/gcc/arm-none-eabi/9.2.1/../../../arm-none-eabi/lib/thumb/v6-m/nofp/libg.a(lib_a-freer.o)
                              /usr/lib/gcc/arm-none-eabi/9.2.1/../../../arm-none-eabi/lib/thumb/v6-m/nofp/libg.a(lib_a-malloc.o) (_free_r)
/usr/lib/gcc/arm-none-eabi/9.2.1/../../../arm-none-eabi/lib/thumb/v6-m/nofp/libg.a(lib_a-memmove.o)
                              /usr/lib/gcc/arm-none-eabi/9.2.1/../../../arm-none-eabi/lib/thumb/v6-m/nofp/libg.a(lib_a-reallocr.o) (memmove)
/usr/lib/gcc/arm-none-eabi/9.2.1/../../../arm-none-eabi/lib/thumb/v6-m/nofp/libg.a(lib_a-reent.o)
                              /usr/lib/gcc/arm-none-eabi/9.2.1/../../../arm-none-eabi/lib/thumb/v6-m/nofp/libg.a(lib_a-sbrkr.o) (errno)

Allocating common symbols
Common symbol       size              file

sf_table            0x100             CMakeFiles/sound.dir/home/niki/pico-sdk/src/rp2_common/pico_float/float_init_rom.c.obj
errno               0x4               /usr/lib/gcc/arm-none-eabi/9.2.1/../../../arm-none-eabi/lib/thumb/v6-m/nofp/libg.a(lib_a-reent.o)
_usbd_qdef_buf      0xc0              CMakeFiles/sound.dir/home/niki/pico-sdk/lib/tinyusb/src/device/usbd.c.obj
[...]
Memory Configuration

Name             Origin             Length             Attributes
FLASH            0x0000000010000000 0x0000000000200000 xr
RAM              0x0000000020000000 0x0000000000040000 xrw
SCRATCH_X        0x0000000020040000 0x0000000000001000 xrw
SCRATCH_Y        0x0000000020041000 0x0000000000001000 xrw
*default*        0x0000000000000000 0xffffffffffffffff

Linker script and memory map

LOAD /usr/lib/gcc/arm-none-eabi/9.2.1/thumb/v6-m/nofp/crti.o
LOAD /usr/lib/gcc/arm-none-eabi/9.2.1/thumb/v6-m/nofp/crtbegin.o
LOAD /usr/lib/gcc/arm-none-eabi/9.2.1/../../../arm-none-eabi/lib/thumb/v6-m/nofp/crt0.o

.flash_begin    0x0000000010000000        0x0
                0x0000000010000000                __flash_binary_start = .

.boot2          0x0000000010000000      0x100
                0x0000000010000000                __boot2_start__ = .
 *(.boot2)
 .boot2         0x0000000010000000      0x100 /tmp/cc7jfu2u.o
                0x0000000010000100                __boot2_end__ = .
                0x0000000000000001                ASSERT (((__boot2_end__ - __boot2_start__) == 0x100), ERROR: Pico second stage bootloader must be 256 bytes in size)

.text           0x0000000010000100     0x71b0
                0x0000000010000100                __logical_binary_start = .
 *(.vectors)
 .vectors       0x0000000010000100       0xd4 CMakeFiles/sound.dir/home/niki/pico-sdk/src/rp2_common/pico_standard_link/crt0.S.obj
                0x0000000010000100                __vectors
                0x0000000010000100                __VECTOR_TABLE
                0x00000000100001c0                isr_invalid
                0x00000000100001c0                __default_isrs_start
                0x00000000100001c2                isr_nmi
                0x00000000100001c4                isr_hardfault
                0x00000000100001c6                isr_svcall
                0x00000000100001c8                isr_pendsv
                0x00000000100001ca                isr_systick
                0x00000000100001cc                isr_irq30
                0x00000000100001cc                __unhandled_user_irq
                0x00000000100001cc                isr_irq13
                0x00000000100001cc                isr_irq27
                0x00000000100001cc                isr_irq31
                0x00000000100001cc                isr_irq5
                0x00000000100001cc                isr_irq11
                0x00000000100001cc                isr_irq23
                0x00000000100001cc                isr_irq18
                0x00000000100001cc                isr_irq28
                0x00000000100001cc                isr_irq19
                0x00000000100001cc                isr_irq0
                0x00000000100001cc                isr_irq6
                0x00000000100001cc                isr_irq22
                0x00000000100001cc                isr_irq17
                0x00000000100001cc                isr_irq14
                0x00000000100001cc                isr_irq2
                0x00000000100001cc                isr_irq10
                0x00000000100001cc                isr_irq8
                0x00000000100001cc                isr_irq24
                0x00000000100001cc                isr_irq1
                0x00000000100001cc                isr_irq7
                0x00000000100001cc                isr_irq21
                0x00000000100001cc                isr_irq20
                0x00000000100001cc                isr_irq15
                0x00000000100001cc                isr_irq25
                0x00000000100001cc                isr_irq4
                0x00000000100001cc                isr_irq16
                0x00000000100001cc                isr_irq29
                0x00000000100001cc                isr_irq26
                0x00000000100001cc                __default_isrs_end
                0x00000000100001cc                isr_irq3
                0x00000000100001cc                isr_irq12
                0x00000000100001cc                isr_irq9
                0x00000000100001d2                unhandled_user_irq_num_in_r0
 *(.binary_info_header)
 .binary_info_header
                0x00000000100001d4       0x14 CMakeFiles/sound.dir/home/niki/pico-sdk/src/rp2_common/pico_standard_link/crt0.S.obj
                0x00000000100001e8                __binary_info_header_end = .
 *(.reset)
 .reset         0x00000000100001e8       0xa8 CMakeFiles/sound.dir/home/niki/pico-sdk/src/rp2_common/pico_standard_link/crt0.S.obj
                0x00000000100001e8                _entry_point
                0x0000000010000266                __get_current_exception
 .reset         0x0000000010000290       0x30 CMakeFiles/sound.dir/home/niki/pico-sdk/src/rp2_common/pico_standard_link/binary_info.c.obj
 *(.init)
 .init          0x00000000100002c0        0x4 /usr/lib/gcc/arm-none-eabi/9.2.1/thumb/v6-m/nofp/crti.o
                0x00000000100002c0                _init
 *(EXCLUDE_FILE(*libm.a: *libc.a:*lib_a-mem*.o *libgcc.a:) .text*)
 .text          0x00000000100002c4       0x98 /usr/lib/gcc/arm-none-eabi/9.2.1/thumb/v6-m/nofp/crtbegin.o
 .text.main     0x000000001000035c       0x9c CMakeFiles/sound.dir/analog_sound.c.obj
                0x000000001000035c                main
 .text.gpio_set_function
                0x00000000100003f8       0x30 CMakeFiles/sound.dir/home/niki/pico-sdk/src/rp2_common/hardware_gpio/gpio.c.obj
                0x00000000100003f8                gpio_set_function
 .text.gpio_set_pulls
                0x0000000010000428       0x34 CMakeFiles/sound.dir/home/niki/pico-sdk/src/rp2_common/hardware_gpio/gpio.c.obj
                0x0000000010000428                gpio_set_pulls
 .text.gpio_set_input_enabled
                0x000000001000045c       0x30 CMakeFiles/sound.dir/home/niki/pico-sdk/src/rp2_common/hardware_gpio/gpio.c.obj
                0x000000001000045c                gpio_set_input_enabled
 .text.gpio_init
                0x000000001000048c       0x16 CMakeFiles/sound.dir/home/niki/pico-sdk/src/rp2_common/hardware_gpio/gpio.c.obj
                0x000000001000048c                gpio_init
 *fill*         0x00000000100004a2        0x2 
 .text.hw_claim_lock
                0x00000000100004a4       0x18 CMakeFiles/sound.dir/home/niki/pico-sdk/src/rp2_common/hardware_claim/claim.c.obj
                0x00000000100004a4                hw_claim_lock
 .text.hw_claim_unlock
                0x00000000100004bc       0x14 CMakeFiles/sound.dir/home/niki/pico-sdk/src/rp2_common/hardware_claim/claim.c.obj
                0x00000000100004bc                hw_claim_unlock
 .text.hw_claim_or_assert
                0x00000000100004d0       0x32 CMakeFiles/sound.dir/home/niki/pico-sdk/src/rp2_common/hardware_claim/claim.c.obj
                0x00000000100004d0                hw_claim_or_assert
 .text.hw_claim_unused_from_range
                0x0000000010000502       0x50 CMakeFiles/sound.dir/home/niki/pico-sdk/src/rp2_common/hardware_claim/claim.c.obj
                0x0000000010000502                hw_claim_unused_from_range
 *fill*         0x0000000010000552        0x2 
 .text.running_on_fpga
                0x0000000010000554       0x14 CMakeFiles/sound.dir/home/niki/pico-sdk/src/rp2_common/pico_platform/platform.c.obj
                0x0000000010000554                running_on_fpga
 .text.spin_locks_reset
                0x0000000010000568       0x20 CMakeFiles/sound.dir/home/niki/pico-sdk/src/rp2_common/hardware_sync/sync.c.obj
                0x0000000010000568                spin_locks_reset
 .text.next_striped_spin_lock_num
                0x0000000010000588       0x1c CMakeFiles/sound.dir/home/niki/pico-sdk/src/rp2_common/hardware_sync/sync.c.obj
                0x0000000010000588                next_striped_spin_lock_num
 .text.spin_lock_claim_unused
                0x00000000100005a4       0x20 CMakeFiles/sound.dir/home/niki/pico-sdk/src/rp2_common/hardware_sync/sync.c.obj
                0x00000000100005a4                spin_lock_claim_unused
 .text.set_raw_irq_handler_and_unlock
                0x00000000100005c4       0x28 CMakeFiles/sound.dir/home/niki/pico-sdk/src/rp2_common/hardware_irq/irq.c.obj
 .text.make_branch
                0x00000000100005ec       0x48 CMakeFiles/sound.dir/home/niki/pico-sdk/src/rp2_common/hardware_irq/irq.c.obj
 .text.insert_branch_and_link
                0x0000000010000634       0x40 CMakeFiles/sound.dir/home/niki/pico-sdk/src/rp2_common/hardware_irq/irq.c.obj
 .text.irq_is_enabled
                0x0000000010000674       0x18 CMakeFiles/sound.dir/home/niki/pico-sdk/src/rp2_common/hardware_irq/irq.c.obj
                0x0000000010000674                irq_is_enabled
 .text.irq_set_mask_enabled
                0x000000001000068c       0x20 CMakeFiles/sound.dir/home/niki/pico-sdk/src/rp2_common/hardware_irq/irq.c.obj
                0x000000001000068c                irq_set_mask_enabled
 .text.irq_set_enabled
                0x00000000100006ac        0xe CMakeFiles/sound.dir/home/niki/pico-sdk/src/rp2_common/hardware_irq/irq.c.obj
                0x00000000100006ac                irq_set_enabled
 *fill*         0x00000000100006ba        0x2 
 .text.irq_set_pending
                0x00000000100006bc       0x10 CMakeFiles/sound.dir/home/niki/pico-sdk/src/rp2_common/hardware_irq/irq.c.obj
                0x00000000100006bc                irq_set_pending
 .text.irq_get_vtable_handler
                0x00000000100006cc       0x10 CMakeFiles/sound.dir/home/niki/pico-sdk/src/rp2_common/hardware_irq/irq.c.obj
                0x00000000100006cc                irq_get_vtable_handler
 .text.irq_has_shared_handler
                0x00000000100006dc       0x24 CMakeFiles/sound.dir/home/niki/pico-sdk/src/rp2_common/hardware_irq/irq.c.obj
                0x00000000100006dc                irq_has_shared_handler
 .text.irq_set_exclusive_handler
                0x0000000010000700       0x54 CMakeFiles/sound.dir/home/niki/pico-sdk/src/rp2_common/hardware_irq/irq.c.obj
                0x0000000010000700                irq_set_exclusive_handler
 .text.irq_add_shared_handler
                0x0000000010000754      0x230 CMakeFiles/sound.dir/home/niki/pico-sdk/src/rp2_common/hardware_irq/irq.c.obj
                0x0000000010000754                irq_add_shared_handler
 .text.irq_remove_handler
                0x0000000010000984      0x1a8 CMakeFiles/sound.dir/home/niki/pico-sdk/src/rp2_common/hardware_irq/irq.c.obj
                0x0000000010000984                irq_remove_handler
 .text.irq_add_tail_to_free_list
                0x0000000010000b2c       0xf0 CMakeFiles/sound.dir/home/niki/pico-sdk/src/rp2_common/hardware_irq/irq.c.obj
                0x0000000010000b2c                irq_add_tail_to_free_list
 .text.irq_init_priorities
                0x0000000010000c1c       0x1c CMakeFiles/sound.dir/home/niki/pico-sdk/src/rp2_common/hardware_irq/irq.c.obj
                0x0000000010000c1c                irq_init_priorities
 .text.user_irq_claim_unused
                0x0000000010000c38       0x30 CMakeFiles/sound.dir/home/niki/pico-sdk/src/rp2_common/hardware_irq/irq.c.obj
                0x0000000010000c38                user_irq_claim_unused
 .text.lock_init
                0x0000000010000c68       0x10 CMakeFiles/sound.dir/home/niki/pico-sdk/src/common/pico_sync/lock_core.c.obj
                0x0000000010000c68                lock_init
 .text.alarm_pool_post_alloc_init
                0x0000000010000c78       0x40 CMakeFiles/sound.dir/home/niki/pico-sdk/src/common/pico_time/time.c.obj
 .text.sleep_until_callback
                0x0000000010000cb8       0x30 CMakeFiles/sound.dir/home/niki/pico-sdk/src/common/pico_time/time.c.obj
 .text.timer_pool_entry_comparator
                0x0000000010000ce8       0x7c CMakeFiles/sound.dir/home/niki/pico-sdk/src/common/pico_time/time.c.obj
                0x0000000010000ce8                timer_pool_entry_comparator
 .text.ph_add_child_node
                0x0000000010000d64       0xa4 CMakeFiles/sound.dir/home/niki/pico-sdk/src/common/pico_time/time.c.obj
 .text.ph_merge_nodes
                0x0000000010000e08       0x3e CMakeFiles/sound.dir/home/niki/pico-sdk/src/common/pico_time/time.c.obj
 *fill*         0x0000000010000e46        0x2 
 .text.add_alarm_under_lock
                0x0000000010000e48      0x174 CMakeFiles/sound.dir/home/niki/pico-sdk/src/common/pico_time/time.c.obj
 .text.alarm_pool_alarm_callback
                0x0000000010000fbc      0x32c CMakeFiles/sound.dir/home/niki/pico-sdk/src/common/pico_time/time.c.obj
 .text.alarm_pool_init_default
                0x00000000100012e8       0x38 CMakeFiles/sound.dir/home/niki/pico-sdk/src/common/pico_time/time.c.obj
                0x00000000100012e8                alarm_pool_init_default
 .text.alarm_pool_get_default
                0x0000000010001320       0x2c CMakeFiles/sound.dir/home/niki/pico-sdk/src/common/pico_time/time.c.obj
                0x0000000010001320                alarm_pool_get_default
 .text.alarm_pool_add_alarm_at
                0x000000001000134c      0x170 CMakeFiles/sound.dir/home/niki/pico-sdk/src/common/pico_time/time.c.obj
                0x000000001000134c                alarm_pool_add_alarm_at
 .text.alarm_pool_cancel_alarm
                0x00000000100014bc       0xf0 CMakeFiles/sound.dir/home/niki/pico-sdk/src/common/pico_time/time.c.obj
                0x00000000100014bc                alarm_pool_cancel_alarm
 .text.best_effort_wfe_or_timeout
                0x00000000100015ac       0x80 CMakeFiles/sound.dir/home/niki/pico-sdk/src/common/pico_time/time.c.obj
                0x00000000100015ac                best_effort_wfe_or_timeout
 .text.hardware_alarm_irq_handler
                0x000000001000162c       0x8c CMakeFiles/sound.dir/home/niki/pico-sdk/src/rp2_common/hardware_timer/timer.c.obj
 .text.hardware_alarm_claim
                0x00000000100016b8       0x18 CMakeFiles/sound.dir/home/niki/pico-sdk/src/rp2_common/hardware_timer/timer.c.obj
                0x00000000100016b8                hardware_alarm_claim
 .text.time_us_64
                0x00000000100016d0       0x18 CMakeFiles/sound.dir/home/niki/pico-sdk/src/rp2_common/hardware_timer/timer.c.obj
                0x00000000100016d0                time_us_64
 .text.hardware_alarm_set_callback
                0x00000000100016e8       0x90 CMakeFiles/sound.dir/home/niki/pico-sdk/src/rp2_common/hardware_timer/timer.c.obj
                0x00000000100016e8                hardware_alarm_set_callback
 .text.hardware_alarm_set_target
                0x0000000010001778       0xe8 CMakeFiles/sound.dir/home/niki/pico-sdk/src/rp2_common/hardware_timer/timer.c.obj
                0x0000000010001778                hardware_alarm_set_target
 .text.hardware_alarm_cancel
                0x0000000010001860       0x40 CMakeFiles/sound.dir/home/niki/pico-sdk/src/rp2_common/hardware_timer/timer.c.obj
                0x0000000010001860                hardware_alarm_cancel
 .text.ph_add_child_node
                0x00000000100018a0       0xa4 CMakeFiles/sound.dir/home/niki/pico-sdk/src/common/pico_util/pheap.c.obj
 .text.ph_merge_nodes
                0x0000000010001944       0x3e CMakeFiles/sound.dir/home/niki/pico-sdk/src/common/pico_util/pheap.c.obj
 *fill*         0x0000000010001982        0x2 
 .text.ph_clear
                0x0000000010001984       0x70 CMakeFiles/sound.dir/home/niki/pico-sdk/src/common/pico_util/pheap.c.obj
                0x0000000010001984                ph_clear
 .text.ph_post_alloc_init
                0x00000000100019f4        0xe CMakeFiles/sound.dir/home/niki/pico-sdk/src/common/pico_util/pheap.c.obj
                0x00000000100019f4                ph_post_alloc_init
 *fill*         0x0000000010001a02        0x2 
 .text.ph_merge_two_pass
                0x0000000010001a04       0xa8 CMakeFiles/sound.dir/home/niki/pico-sdk/src/common/pico_util/pheap.c.obj
                0x0000000010001a04                ph_merge_two_pass
 .text.ph_remove_any_head
                0x0000000010001aac      0x108 CMakeFiles/sound.dir/home/niki/pico-sdk/src/common/pico_util/pheap.c.obj
 .text.ph_remove_head
                0x0000000010001bb4       0x14 CMakeFiles/sound.dir/home/niki/pico-sdk/src/common/pico_util/pheap.c.obj
                0x0000000010001bb4                ph_remove_head
 .text.ph_remove_and_free_node
                0x0000000010001bc8       0xf8 CMakeFiles/sound.dir/home/niki/pico-sdk/src/common/pico_util/pheap.c.obj
                0x0000000010001bc8                ph_remove_and_free_node
 .text.mutex_init
                0x0000000010001cc0       0x1a CMakeFiles/sound.dir/home/niki/pico-sdk/src/common/pico_sync/mutex.c.obj
                0x0000000010001cc0                mutex_init
 .text.recursive_mutex_init
                0x0000000010001cda       0x1e CMakeFiles/sound.dir/home/niki/pico-sdk/src/common/pico_sync/mutex.c.obj
                0x0000000010001cda                recursive_mutex_init
 .text.critical_section_init_with_lock_num
                0x0000000010001cf8       0x14 CMakeFiles/sound.dir/home/niki/pico-sdk/src/common/pico_sync/critical_section.c.obj
                0x0000000010001cf8                critical_section_init_with_lock_num
 .text.critical_section_init
                0x0000000010001d0c       0x14 CMakeFiles/sound.dir/home/niki/pico-sdk/src/common/pico_sync/critical_section.c.obj
                0x0000000010001d0c                critical_section_init
 .text._exit    0x0000000010001d20        0x4 CMakeFiles/sound.dir/home/niki/pico-sdk/src/rp2_common/pico_runtime/runtime.c.obj
                0x0000000010001d20                _exit
 .text.exit     0x0000000010001d24        0x6 CMakeFiles/sound.dir/home/niki/pico-sdk/src/rp2_common/pico_runtime/runtime.c.obj
                0x0000000010001d24                exit
 *fill*         0x0000000010001d2a        0x2 
 .text.__assert_func
                0x0000000010001d2c       0x3c CMakeFiles/sound.dir/home/niki/pico-sdk/src/rp2_common/pico_runtime/runtime.c.obj
                0x0000000010001d2c                __assert_func
 .text.runtime_init
                0x0000000010001d68       0xf8 CMakeFiles/sound.dir/home/niki/pico-sdk/src/rp2_common/pico_runtime/runtime.c.obj
                0x0000000010001d68                runtime_init
 .text.panic    0x0000000010001e60       0x30 CMakeFiles/sound.dir/home/niki/pico-sdk/src/rp2_common/pico_runtime/runtime.c.obj
                0x0000000010001e60                panic
 .text.clock_configure
                0x0000000010001e90      0x104 CMakeFiles/sound.dir/home/niki/pico-sdk/src/rp2_common/hardware_clocks/clocks.c.obj
                0x0000000010001e90                clock_configure
 .text.clocks_init
                0x0000000010001f94      0x100 CMakeFiles/sound.dir/home/niki/pico-sdk/src/rp2_common/hardware_clocks/clocks.c.obj
                0x0000000010001f94                clocks_init
 .text.pll_init
                0x0000000010002094      0x140 CMakeFiles/sound.dir/home/niki/pico-sdk/src/rp2_common/hardware_pll/pll.c.obj
                0x0000000010002094                pll_init
 .text.watchdog_start_tick
                0x00000000100021d4       0x10 CMakeFiles/sound.dir/home/niki/pico-sdk/src/rp2_common/hardware_watchdog/watchdog.c.obj
                0x00000000100021d4                watchdog_start_tick
 .text.watchdog_update
                0x00000000100021e4       0x14 CMakeFiles/sound.dir/home/niki/pico-sdk/src/rp2_common/hardware_watchdog/watchdog.c.obj
                0x00000000100021e4                watchdog_update
 .text._watchdog_enable
                0x00000000100021f8       0x78 CMakeFiles/sound.dir/home/niki/pico-sdk/src/rp2_common/hardware_watchdog/watchdog.c.obj
                0x00000000100021f8                _watchdog_enable
 .text.watchdog_reboot
                0x0000000010002270       0x48 CMakeFiles/sound.dir/home/niki/pico-sdk/src/rp2_common/hardware_watchdog/watchdog.c.obj
                0x0000000010002270                watchdog_reboot
 .text.xosc_init
                0x00000000100022b8       0x28 CMakeFiles/sound.dir/home/niki/pico-sdk/src/rp2_common/hardware_xosc/xosc.c.obj
                0x00000000100022b8                xosc_init
 .text._out_null
                0x00000000100022e0        0x2 CMakeFiles/sound.dir/home/niki/pico-sdk/src/rp2_common/pico_printf/printf.c.obj
 .text._out_fct
                0x00000000100022e2        0xe CMakeFiles/sound.dir/home/niki/pico-sdk/src/rp2_common/pico_printf/printf.c.obj
 .text._atoi    0x00000000100022f0       0x24 CMakeFiles/sound.dir/home/niki/pico-sdk/src/rp2_common/pico_printf/printf.c.obj
 .text._out_rev
                0x0000000010002314       0xae CMakeFiles/sound.dir/home/niki/pico-sdk/src/rp2_common/pico_printf/printf.c.obj
 .text._ntoa_format
                0x00000000100023c2      0x110 CMakeFiles/sound.dir/home/niki/pico-sdk/src/rp2_common/pico_printf/printf.c.obj
 .text._ntoa_long
                0x00000000100024d2       0xbc CMakeFiles/sound.dir/home/niki/pico-sdk/src/rp2_common/pico_printf/printf.c.obj
 .text._ntoa_long_long
                0x000000001000258e       0xe2 CMakeFiles/sound.dir/home/niki/pico-sdk/src/rp2_common/pico_printf/printf.c.obj
 .text._etoa    0x0000000010002670      0x40c CMakeFiles/sound.dir/home/niki/pico-sdk/src/rp2_common/pico_printf/printf.c.obj
 .text._ftoa    0x0000000010002a7c      0x354 CMakeFiles/sound.dir/home/niki/pico-sdk/src/rp2_common/pico_printf/printf.c.obj
 .text._vsnprintf
                0x0000000010002dd0      0x628 CMakeFiles/sound.dir/home/niki/pico-sdk/src/rp2_common/pico_printf/printf.c.obj
 .text.vfctprintf
                0x00000000100033f8       0x20 CMakeFiles/sound.dir/home/niki/pico-sdk/src/rp2_common/pico_printf/printf.c.obj
                0x00000000100033f8                vfctprintf
 .text          0x0000000010003418       0x10 CMakeFiles/sound.dir/home/niki/pico-sdk/src/rp2_common/pico_bit_ops/bit_ops_aeabi.S.obj
 .text.rom_func_lookup
                0x0000000010003428       0x10 CMakeFiles/sound.dir/home/niki/pico-sdk/src/rp2_common/pico_bootrom/bootrom.c.obj
                0x0000000010003428                rom_func_lookup
 .text.rom_data_lookup
                0x0000000010003438       0x10 CMakeFiles/sound.dir/home/niki/pico-sdk/src/rp2_common/pico_bootrom/bootrom.c.obj
                0x0000000010003438                rom_data_lookup
 .text.rom_funcs_lookup
                0x0000000010003448       0x36 CMakeFiles/sound.dir/home/niki/pico-sdk/src/rp2_common/pico_bootrom/bootrom.c.obj
                0x0000000010003448                rom_funcs_lookup
 *fill*         0x000000001000347e        0x2 
 .text.__wrap___aeabi_idiv
                0x0000000010003480       0x50 CMakeFiles/sound.dir/home/niki/pico-sdk/src/rp2_common/pico_divider/divider.S.obj
                0x0000000010003480                __wrap___aeabi_idivmod
                0x0000000010003480                divmod_s32s32
                0x0000000010003480                div_s32s32
                0x0000000010003480                __wrap___aeabi_idiv
                0x0000000010003488                divmod_s32s32_unsafe
                0x00000000100034b4                divmod_s32s32_savestate
 .text.__wrap___aeabi_uidiv
                0x00000000100034d0       0x4c CMakeFiles/sound.dir/home/niki/pico-sdk/src/rp2_common/pico_divider/divider.S.obj
                0x00000000100034d0                __wrap___aeabi_uidiv
                0x00000000100034d0                __wrap___aeabi_uidivmod
                0x00000000100034d0                div_u32u32
                0x00000000100034d0                divmod_u32u32
                0x00000000100034d8                divmod_u32u32_unsafe
                0x0000000010003500                divmod_u32u32_savestate
 .text.__wrap___aeabi_ldiv
                0x000000001000351c      0x434 CMakeFiles/sound.dir/home/niki/pico-sdk/src/rp2_common/pico_divider/divider.S.obj
                0x000000001000351c                div_s64s64
                0x000000001000351c                divmod_s64s64
                0x000000001000351c                __wrap___aeabi_ldivmod
                0x0000000010003554                div_u64u64
                0x0000000010003554                divmod_u64u64
                0x0000000010003554                __wrap___aeabi_uldivmod
                0x0000000010003564                divmod_u64u64_savestate
                0x000000001000358c                divmod_s64s64_unsafe
                0x0000000010003614                divmod_u64u64_unsafe
 .text.__wrap___aeabi_darithmetic
                0x0000000010003950       0x80 CMakeFiles/sound.dir/home/niki/pico-sdk/src/rp2_common/pico_double/double_aeabi.S.obj
                0x0000000010003950                __wrap___aeabi_drsub
                0x0000000010003956                __wrap___aeabi_dsub
                0x0000000010003968                __wrap___aeabi_dadd
                0x000000001000397a                __wrap___aeabi_ddiv
                0x00000000100039b6                __wrap___aeabi_dmul
 .text.__wrap___aeabi_cdcmple
                0x00000000100039d0       0x6c CMakeFiles/sound.dir/home/niki/pico-sdk/src/rp2_common/pico_double/double_aeabi.S.obj
                0x00000000100039d0                __wrap___aeabi_cdrcmple
                0x00000000100039e0                __wrap___aeabi_cdcmple
                0x00000000100039e0                __wrap___aeabi_cdcmpeq
 .text.__wrap___aeabi_dcmplt
                0x0000000010003a3c        0xc CMakeFiles/sound.dir/home/niki/pico-sdk/src/rp2_common/pico_double/double_aeabi.S.obj
                0x0000000010003a3c                __wrap___aeabi_dcmplt
 .text.__wrap___aeabi_dcmple
                0x0000000010003a48       0x10 CMakeFiles/sound.dir/home/niki/pico-sdk/src/rp2_common/pico_double/double_aeabi.S.obj
                0x0000000010003a48                __wrap___aeabi_dcmple
 .text.__wrap___aeabi_dcmpge
                0x0000000010003a58       0x10 CMakeFiles/sound.dir/home/niki/pico-sdk/src/rp2_common/pico_double/double_aeabi.S.obj
                0x0000000010003a58                __wrap___aeabi_dcmpge
 .text.__wrap___aeabi_dcmpgt
                0x0000000010003a68        0xa CMakeFiles/sound.dir/home/niki/pico-sdk/src/rp2_common/pico_double/double_aeabi.S.obj
                0x0000000010003a68                __wrap___aeabi_dcmpgt
 .text.__wrap___aeabi_dcmpun
                0x0000000010003a72       0x1c CMakeFiles/sound.dir/home/niki/pico-sdk/src/rp2_common/pico_double/double_aeabi.S.obj
                0x0000000010003a72                __wrap___aeabi_dcmpun
 *fill*         0x0000000010003a8e        0x2 
 .text.__wrap___aeabi_i2d
                0x0000000010003a90       0x38 CMakeFiles/sound.dir/home/niki/pico-sdk/src/rp2_common/pico_double/double_aeabi.S.obj
                0x0000000010003a90                __wrap___aeabi_ui2d
                0x0000000010003a98                __wrap___aeabi_i2d
 .text.__wrap___aeabi_d2iz
                0x0000000010003ac8       0x48 CMakeFiles/sound.dir/home/niki/pico-sdk/src/rp2_common/pico_double/double_aeabi.S.obj
                0x0000000010003ac8                __wrap___aeabi_d2iz
                0x0000000010003ac8                double2int_z
 .text.__wrap___aeabi_d2uiz
                0x0000000010003b10       0x18 CMakeFiles/sound.dir/home/niki/pico-sdk/src/rp2_common/pico_double/double_aeabi.S.obj
                0x0000000010003b10                double2uint
                0x0000000010003b10                __wrap___aeabi_d2uiz
 .text.__aeabi_double_init
                0x0000000010003b28       0xc8 CMakeFiles/sound.dir/home/niki/pico-sdk/src/rp2_common/pico_double/double_init_rom.c.obj
                0x0000000010003b28                __aeabi_double_init
 .text.double_table_shim_on_use_helper
                0x0000000010003bf0       0x34 CMakeFiles/sound.dir/home/niki/pico-sdk/src/rp2_common/pico_double/double_v1_rom_shim.S.obj
                0x0000000010003bf0                double_table_shim_on_use_helper
 .text.__wrap___aeabi_dsub
                0x0000000010003c24       0x10 CMakeFiles/sound.dir/home/niki/pico-sdk/src/rp2_common/pico_double/double_v1_rom_shim.S.obj
                0x0000000010003c24                drsub_shim
                0x0000000010003c2a                dsub_shim
 .text.dadd_shim
                0x0000000010003c34      0x15c CMakeFiles/sound.dir/home/niki/pico-sdk/src/rp2_common/pico_double/double_v1_rom_shim.S.obj
                0x0000000010003c34                dadd_shim
 .text.dmul_shim
                0x0000000010003d90      0x15c CMakeFiles/sound.dir/home/niki/pico-sdk/src/rp2_common/pico_double/double_v1_rom_shim.S.obj
                0x0000000010003d90                dmul_shim
 .text.ddiv_shim
                0x0000000010003eec      0x1b0 CMakeFiles/sound.dir/home/niki/pico-sdk/src/rp2_common/pico_double/double_v1_rom_shim.S.obj
                0x0000000010003eec                ddiv_shim
 .text.double2uint_shim
                0x000000001000409c        0xe CMakeFiles/sound.dir/home/niki/pico-sdk/src/rp2_common/pico_double/double_v1_rom_shim.S.obj
                0x000000001000409c                double2uint_shim
                0x000000001000409e                double2ufix_shim
 *fill*         0x00000000100040aa        0x2 
 .text.double2uint64_shim
                0x00000000100040ac       0x70 CMakeFiles/sound.dir/home/niki/pico-sdk/src/rp2_common/pico_double/double_v1_rom_shim.S.obj
                0x00000000100040ac                double2uint64_shim
                0x00000000100040ae                double2ufix64_shim
                0x00000000100040ce                d2fix_a
 .text.dunpacks
                0x000000001000411c       0x3c CMakeFiles/sound.dir/home/niki/pico-sdk/src/rp2_common/pico_double/double_v1_rom_shim.S.obj
                0x000000001000411c                dunpacks
 .text.__aeabi_lmul
                0x0000000010004158       0x32 CMakeFiles/sound.dir/home/niki/pico-sdk/src/rp2_common/pico_int64_ops/pico_int64_ops_aeabi.S.obj
                0x0000000010004158                __wrap___aeabi_lmul
 *fill*         0x000000001000418a        0x2 
 .text.__aeabi_float_init
                0x000000001000418c       0xfc CMakeFiles/sound.dir/home/niki/pico-sdk/src/rp2_common/pico_float/float_init_rom.c.obj
                0x000000001000418c                __aeabi_float_init
 .text.float_table_shim_on_use_helper
                0x0000000010004288       0x34 CMakeFiles/sound.dir/home/niki/pico-sdk/src/rp2_common/pico_float/float_v1_rom_shim.S.obj
                0x0000000010004288                float_table_shim_on_use_helper
 .text          0x00000000100042bc       0x10 CMakeFiles/sound.dir/home/niki/pico-sdk/src/rp2_common/pico_mem_ops/mem_ops_aeabi.S.obj
                0x00000000100042bc                __aeabi_mem_init
 .text.memset   0x00000000100042cc        0xc CMakeFiles/sound.dir/home/niki/pico-sdk/src/rp2_common/pico_mem_ops/mem_ops_aeabi.S.obj
                0x00000000100042cc                __wrap_memset
 .text.memcpy   0x00000000100042d8        0xc CMakeFiles/sound.dir/home/niki/pico-sdk/src/rp2_common/pico_mem_ops/mem_ops_aeabi.S.obj
                0x00000000100042d8                __wrap___aeabi_memcpy
                0x00000000100042d8                __wrap_memcpy
 .text.stdio_out_chars_no_crlf
                0x00000000100042e4        0xe CMakeFiles/sound.dir/home/niki/pico-sdk/src/rp2_common/pico_stdio/stdio.c.obj
 *fill*         0x00000000100042f2        0x2 
 .text.stdio_out_chars_crlf
                0x00000000100042f4       0x80 CMakeFiles/sound.dir/home/niki/pico-sdk/src/rp2_common/pico_stdio/stdio.c.obj
 .text.stdio_stack_buffer_flush
                0x0000000010004374       0x44 CMakeFiles/sound.dir/home/niki/pico-sdk/src/rp2_common/pico_stdio/stdio.c.obj
 .text.stdio_buffered_printer
                0x00000000100043b8       0x20 CMakeFiles/sound.dir/home/niki/pico-sdk/src/rp2_common/pico_stdio/stdio.c.obj
 .text.stdout_serialize_begin
                0x00000000100043d8       0x30 CMakeFiles/sound.dir/home/niki/pico-sdk/src/rp2_common/pico_stdio/stdio.c.obj
                0x00000000100043d8                stdout_serialize_begin
 .text.stdout_serialize_end
                0x0000000010004408       0x10 CMakeFiles/sound.dir/home/niki/pico-sdk/src/rp2_common/pico_stdio/stdio.c.obj
                0x0000000010004408                stdout_serialize_end
 .text.stdio_put_string
                0x0000000010004418       0x98 CMakeFiles/sound.dir/home/niki/pico-sdk/src/rp2_common/pico_stdio/stdio.c.obj
 .text.stdio_set_driver_enabled
                0x00000000100044b0       0x2c CMakeFiles/sound.dir/home/niki/pico-sdk/src/rp2_common/pico_stdio/stdio.c.obj
                0x00000000100044b0                stdio_set_driver_enabled
 .text.stdio_flush
                0x00000000100044dc       0x20 CMakeFiles/sound.dir/home/niki/pico-sdk/src/rp2_common/pico_stdio/stdio.c.obj
                0x00000000100044dc                stdio_flush
 .text.__wrap_puts
                0x00000000100044fc       0x1e CMakeFiles/sound.dir/home/niki/pico-sdk/src/rp2_common/pico_stdio/stdio.c.obj
                0x00000000100044fc                __wrap_puts
 *fill*         0x000000001000451a        0x2 
 .text.__wrap_vprintf
                0x000000001000451c       0x44 CMakeFiles/sound.dir/home/niki/pico-sdk/src/rp2_common/pico_stdio/stdio.c.obj
                0x000000001000451c                __wrap_vprintf
 .text.__wrap_printf
                0x0000000010004560       0x18 CMakeFiles/sound.dir/home/niki/pico-sdk/src/rp2_common/pico_stdio/stdio.c.obj
                0x0000000010004560                __wrap_printf
 .text.resetd_init
                0x0000000010004578        0x2 CMakeFiles/sound.dir/home/niki/pico-sdk/src/rp2_common/pico_stdio_usb/reset_interface.c.obj
 *fill*         0x000000001000457a        0x2 
 .text.resetd_reset
                0x000000001000457c        0xc CMakeFiles/sound.dir/home/niki/pico-sdk/src/rp2_common/pico_stdio_usb/reset_interface.c.obj
 .text.resetd_open
                0x0000000010004588       0x34 CMakeFiles/sound.dir/home/niki/pico-sdk/src/rp2_common/pico_stdio_usb/reset_interface.c.obj
 .text.resetd_xfer_cb
                0x00000000100045bc        0x4 CMakeFiles/sound.dir/home/niki/pico-sdk/src/rp2_common/pico_stdio_usb/reset_interface.c.obj
 .text.resetd_control_xfer_cb
                0x00000000100045c0       0x6c CMakeFiles/sound.dir/home/niki/pico-sdk/src/rp2_common/pico_stdio_usb/reset_interface.c.obj
 .text.usbd_app_driver_get_cb
                0x000000001000462c        0xc CMakeFiles/sound.dir/home/niki/pico-sdk/src/rp2_common/pico_stdio_usb/reset_interface.c.obj
                0x000000001000462c                usbd_app_driver_get_cb
 .text.tud_cdc_line_coding_cb
                0x0000000010004638       0x34 CMakeFiles/sound.dir/home/niki/pico-sdk/src/rp2_common/pico_stdio_usb/reset_interface.c.obj
                0x0000000010004638                tud_cdc_line_coding_cb
 .text.stdio_usb_in_chars
                0x000000001000466c       0x70 CMakeFiles/sound.dir/home/niki/pico-sdk/src/rp2_common/pico_stdio_usb/stdio_usb.c.obj
                0x000000001000466c                stdio_usb_in_chars
 .text.low_priority_worker_irq
                0x00000000100046dc       0x20 CMakeFiles/sound.dir/home/niki/pico-sdk/src/rp2_common/pico_stdio_usb/stdio_usb.c.obj
 .text.stdio_usb_out_chars
                0x00000000100046fc       0xd4 CMakeFiles/sound.dir/home/niki/pico-sdk/src/rp2_common/pico_stdio_usb/stdio_usb.c.obj
 .text.timer_task
                0x00000000100047d0       0x40 CMakeFiles/sound.dir/home/niki/pico-sdk/src/rp2_common/pico_stdio_usb/stdio_usb.c.obj
 .text.usb_irq  0x0000000010004810       0x10 CMakeFiles/sound.dir/home/niki/pico-sdk/src/rp2_common/pico_stdio_usb/stdio_usb.c.obj
 .text.stdio_usb_init
                0x0000000010004820       0xec CMakeFiles/sound.dir/home/niki/pico-sdk/src/rp2_common/pico_stdio_usb/stdio_usb.c.obj
                0x0000000010004820                stdio_usb_init
 .text.tud_descriptor_device_cb
                0x000000001000490c        0x8 CMakeFiles/sound.dir/home/niki/pico-sdk/src/rp2_common/pico_stdio_usb/stdio_usb_descriptors.c.obj
                0x000000001000490c                tud_descriptor_device_cb
 .text.tud_descriptor_configuration_cb
                0x0000000010004914        0x8 CMakeFiles/sound.dir/home/niki/pico-sdk/src/rp2_common/pico_stdio_usb/stdio_usb_descriptors.c.obj
                0x0000000010004914                tud_descriptor_configuration_cb
 .text.tud_descriptor_string_cb
                0x000000001000491c       0x6c CMakeFiles/sound.dir/home/niki/pico-sdk/src/rp2_common/pico_stdio_usb/stdio_usb_descriptors.c.obj
                0x000000001000491c                tud_descriptor_string_cb
 .text.hw_endpoint_get_by_addr
                0x0000000010004988       0x18 CMakeFiles/sound.dir/home/niki/pico-sdk/lib/tinyusb/src/portable/raspberrypi/rp2040/dcd_rp2040.c.obj
 .text.reset_ep0_pid
                0x00000000100049a0       0x28 CMakeFiles/sound.dir/home/niki/pico-sdk/lib/tinyusb/src/portable/raspberrypi/rp2040/dcd_rp2040.c.obj
 .text._hw_endpoint_alloc
                0x00000000100049c8       0x70 CMakeFiles/sound.dir/home/niki/pico-sdk/lib/tinyusb/src/portable/raspberrypi/rp2040/dcd_rp2040.c.obj
 .text.hw_endpoint_init
                0x0000000010004a38       0x88 CMakeFiles/sound.dir/home/niki/pico-sdk/lib/tinyusb/src/portable/raspberrypi/rp2040/dcd_rp2040.c.obj
 .text.reset_non_control_endpoints
                0x0000000010004ac0       0x40 CMakeFiles/sound.dir/home/niki/pico-sdk/lib/tinyusb/src/portable/raspberrypi/rp2040/dcd_rp2040.c.obj
 .text.hw_handle_buff_status
                0x0000000010004b00       0x8c CMakeFiles/sound.dir/home/niki/pico-sdk/lib/tinyusb/src/portable/raspberrypi/rp2040/dcd_rp2040.c.obj
 .text.dcd_rp2040_irq
                0x0000000010004b8c       0xc0 CMakeFiles/sound.dir/home/niki/pico-sdk/lib/tinyusb/src/portable/raspberrypi/rp2040/dcd_rp2040.c.obj
 .text.hw_endpoint_xfer
                0x0000000010004c4c       0x14 CMakeFiles/sound.dir/home/niki/pico-sdk/lib/tinyusb/src/portable/raspberrypi/rp2040/dcd_rp2040.c.obj
 .text.dcd_int_enable
                0x0000000010004c60       0x2c CMakeFiles/sound.dir/home/niki/pico-sdk/lib/tinyusb/src/portable/raspberrypi/rp2040/dcd_rp2040.c.obj
                0x0000000010004c60                dcd_int_enable
 .text.dcd_set_address
                0x0000000010004c8c       0x2c CMakeFiles/sound.dir/home/niki/pico-sdk/lib/tinyusb/src/portable/raspberrypi/rp2040/dcd_rp2040.c.obj
                0x0000000010004c8c                dcd_set_address
 .text.dcd_connect
                0x0000000010004cb8       0x10 CMakeFiles/sound.dir/home/niki/pico-sdk/lib/tinyusb/src/portable/raspberrypi/rp2040/dcd_rp2040.c.obj
                0x0000000010004cb8                dcd_connect
 .text.dcd_init
                0x0000000010004cc8       0x7c CMakeFiles/sound.dir/home/niki/pico-sdk/lib/tinyusb/src/portable/raspberrypi/rp2040/dcd_rp2040.c.obj
                0x0000000010004cc8                dcd_init
 .text.dcd_edpt0_status_complete
                0x0000000010004d44       0x1c CMakeFiles/sound.dir/home/niki/pico-sdk/lib/tinyusb/src/portable/raspberrypi/rp2040/dcd_rp2040.c.obj
                0x0000000010004d44                dcd_edpt0_status_complete
 .text.dcd_edpt_open
                0x0000000010004d60       0x40 CMakeFiles/sound.dir/home/niki/pico-sdk/lib/tinyusb/src/portable/raspberrypi/rp2040/dcd_rp2040.c.obj
                0x0000000010004d60                dcd_edpt_open
 .text.dcd_edpt_close_all
                0x0000000010004da0        0x8 CMakeFiles/sound.dir/home/niki/pico-sdk/lib/tinyusb/src/portable/raspberrypi/rp2040/dcd_rp2040.c.obj
                0x0000000010004da0                dcd_edpt_close_all
 .text.dcd_edpt_xfer
                0x0000000010004da8       0x30 CMakeFiles/sound.dir/home/niki/pico-sdk/lib/tinyusb/src/portable/raspberrypi/rp2040/dcd_rp2040.c.obj
                0x0000000010004da8                dcd_edpt_xfer
 .text.dcd_edpt_stall
                0x0000000010004dd8       0x2c CMakeFiles/sound.dir/home/niki/pico-sdk/lib/tinyusb/src/portable/raspberrypi/rp2040/dcd_rp2040.c.obj
                0x0000000010004dd8                dcd_edpt_stall
 .text.dcd_edpt_clear_stall
                0x0000000010004e04       0x20 CMakeFiles/sound.dir/home/niki/pico-sdk/lib/tinyusb/src/portable/raspberrypi/rp2040/dcd_rp2040.c.obj
                0x0000000010004e04                dcd_edpt_clear_stall
 .text.prepare_ep_buffer
                0x0000000010004e24       0x70 CMakeFiles/sound.dir/home/niki/pico-sdk/lib/tinyusb/src/portable/raspberrypi/rp2040/rp2040_usb.c.obj
 .text.sync_ep_buffer
                0x0000000010004e94       0x7c CMakeFiles/sound.dir/home/niki/pico-sdk/lib/tinyusb/src/portable/raspberrypi/rp2040/rp2040_usb.c.obj
 .text._hw_endpoint_xfer_sync
                0x0000000010004f10       0x28 CMakeFiles/sound.dir/home/niki/pico-sdk/lib/tinyusb/src/portable/raspberrypi/rp2040/rp2040_usb.c.obj
 .text.rp2040_usb_init
                0x0000000010004f38       0x4c CMakeFiles/sound.dir/home/niki/pico-sdk/lib/tinyusb/src/portable/raspberrypi/rp2040/rp2040_usb.c.obj
                0x0000000010004f38                rp2040_usb_init
 .text.hw_endpoint_reset_transfer
                0x0000000010004f84        0xc CMakeFiles/sound.dir/home/niki/pico-sdk/lib/tinyusb/src/portable/raspberrypi/rp2040/rp2040_usb.c.obj
                0x0000000010004f84                hw_endpoint_reset_transfer
 .text._hw_endpoint_buffer_control_update32
                0x0000000010004f90       0x58 CMakeFiles/sound.dir/home/niki/pico-sdk/lib/tinyusb/src/portable/raspberrypi/rp2040/rp2040_usb.c.obj
                0x0000000010004f90                _hw_endpoint_buffer_control_update32
 .text._hw_endpoint_start_next_buffer
                0x0000000010004fe8       0x74 CMakeFiles/sound.dir/home/niki/pico-sdk/lib/tinyusb/src/portable/raspberrypi/rp2040/rp2040_usb.c.obj
 .text.hw_endpoint_xfer_start
                0x000000001000505c       0x48 CMakeFiles/sound.dir/home/niki/pico-sdk/lib/tinyusb/src/portable/raspberrypi/rp2040/rp2040_usb.c.obj
                0x000000001000505c                hw_endpoint_xfer_start
 .text.hw_endpoint_xfer_continue
                0x00000000100050a4       0x38 CMakeFiles/sound.dir/home/niki/pico-sdk/lib/tinyusb/src/portable/raspberrypi/rp2040/rp2040_usb.c.obj
                0x00000000100050a4                hw_endpoint_xfer_continue
 .text.configuration_reset
                0x00000000100050dc       0x84 CMakeFiles/sound.dir/home/niki/pico-sdk/lib/tinyusb/src/device/usbd.c.obj
 .text.usbd_reset
                0x0000000010005160        0xc CMakeFiles/sound.dir/home/niki/pico-sdk/lib/tinyusb/src/device/usbd.c.obj
 .text.invoke_class_control
                0x000000001000516c       0x1a CMakeFiles/sound.dir/home/niki/pico-sdk/lib/tinyusb/src/device/usbd.c.obj
 *fill*         0x0000000010005186        0x2 
 .text.process_set_config
                0x0000000010005188      0x1ac CMakeFiles/sound.dir/home/niki/pico-sdk/lib/tinyusb/src/device/usbd.c.obj
 .text.process_get_descriptor
                0x0000000010005334       0xec CMakeFiles/sound.dir/home/niki/pico-sdk/lib/tinyusb/src/device/usbd.c.obj
 .text.tud_mounted
                0x0000000010005420       0x10 CMakeFiles/sound.dir/home/niki/pico-sdk/lib/tinyusb/src/device/usbd.c.obj
                0x0000000010005420                tud_mounted
 .text.tud_suspended
                0x0000000010005430       0x10 CMakeFiles/sound.dir/home/niki/pico-sdk/lib/tinyusb/src/device/usbd.c.obj
                0x0000000010005430                tud_suspended
 .text.tud_inited
                0x0000000010005440        0xc CMakeFiles/sound.dir/home/niki/pico-sdk/lib/tinyusb/src/device/usbd.c.obj
                0x0000000010005440                tud_inited
 .text.tud_init
                0x000000001000544c       0xcc CMakeFiles/sound.dir/home/niki/pico-sdk/lib/tinyusb/src/device/usbd.c.obj
                0x000000001000544c                tud_init
 .text.dcd_event_handler
                0x0000000010005518      0x1e0 CMakeFiles/sound.dir/home/niki/pico-sdk/lib/tinyusb/src/device/usbd.c.obj
                0x0000000010005518                dcd_event_handler
 .text.dcd_event_bus_signal
                0x00000000100056f8       0x26 CMakeFiles/sound.dir/home/niki/pico-sdk/lib/tinyusb/src/device/usbd.c.obj
                0x00000000100056f8                dcd_event_bus_signal
 .text.dcd_event_bus_reset
                0x000000001000571e       0x2a CMakeFiles/sound.dir/home/niki/pico-sdk/lib/tinyusb/src/device/usbd.c.obj
                0x000000001000571e                dcd_event_bus_reset
 .text.dcd_event_setup_received
                0x0000000010005748       0x34 CMakeFiles/sound.dir/home/niki/pico-sdk/lib/tinyusb/src/device/usbd.c.obj
                0x0000000010005748                dcd_event_setup_received
 .text.dcd_event_xfer_complete
                0x000000001000577c       0x44 CMakeFiles/sound.dir/home/niki/pico-sdk/lib/tinyusb/src/device/usbd.c.obj
                0x000000001000577c                dcd_event_xfer_complete
 .text.usbd_edpt_open
                0x00000000100057c0       0x58 CMakeFiles/sound.dir/home/niki/pico-sdk/lib/tinyusb/src/device/usbd.c.obj
                0x00000000100057c0                usbd_edpt_open
 .text.usbd_open_edpt_pair
                0x0000000010005818       0x8c CMakeFiles/sound.dir/home/niki/pico-sdk/lib/tinyusb/src/device/usbd.c.obj
                0x0000000010005818                usbd_open_edpt_pair
 .text.usbd_edpt_claim
                0x00000000100058a4       0x8c CMakeFiles/sound.dir/home/niki/pico-sdk/lib/tinyusb/src/device/usbd.c.obj
                0x00000000100058a4                usbd_edpt_claim
 .text.usbd_edpt_release
                0x0000000010005930       0x68 CMakeFiles/sound.dir/home/niki/pico-sdk/lib/tinyusb/src/device/usbd.c.obj
                0x0000000010005930                usbd_edpt_release
 .text.usbd_edpt_xfer
                0x0000000010005998       0x80 CMakeFiles/sound.dir/home/niki/pico-sdk/lib/tinyusb/src/device/usbd.c.obj
                0x0000000010005998                usbd_edpt_xfer
 .text.usbd_edpt_stall
                0x0000000010005a18       0x40 CMakeFiles/sound.dir/home/niki/pico-sdk/lib/tinyusb/src/device/usbd.c.obj
                0x0000000010005a18                usbd_edpt_stall
 .text.usbd_edpt_clear_stall
                0x0000000010005a58       0x40 CMakeFiles/sound.dir/home/niki/pico-sdk/lib/tinyusb/src/device/usbd.c.obj
                0x0000000010005a58                usbd_edpt_clear_stall
 .text.usbd_edpt_stalled
                0x0000000010005a98       0x1c CMakeFiles/sound.dir/home/niki/pico-sdk/lib/tinyusb/src/device/usbd.c.obj
                0x0000000010005a98                usbd_edpt_stalled
 .text.process_control_request
                0x0000000010005ab4      0x3b8 CMakeFiles/sound.dir/home/niki/pico-sdk/lib/tinyusb/src/device/usbd.c.obj
 .text.tud_task
                0x0000000010005e6c      0x218 CMakeFiles/sound.dir/home/niki/pico-sdk/lib/tinyusb/src/device/usbd.c.obj
                0x0000000010005e6c                tud_task
 .text._data_stage_xact
                0x0000000010006084       0x58 CMakeFiles/sound.dir/home/niki/pico-sdk/lib/tinyusb/src/device/usbd_control.c.obj
 .text.tud_control_status
                0x00000000100060dc       0x38 CMakeFiles/sound.dir/home/niki/pico-sdk/lib/tinyusb/src/device/usbd_control.c.obj
                0x00000000100060dc                tud_control_status
 .text.tud_control_xfer
                0x0000000010006114       0xa8 CMakeFiles/sound.dir/home/niki/pico-sdk/lib/tinyusb/src/device/usbd_control.c.obj
                0x0000000010006114                tud_control_xfer
 .text.usbd_control_reset
                0x00000000100061bc       0x14 CMakeFiles/sound.dir/home/niki/pico-sdk/lib/tinyusb/src/device/usbd_control.c.obj
                0x00000000100061bc                usbd_control_reset
 .text.usbd_control_set_complete_callback
                0x00000000100061d0        0xc CMakeFiles/sound.dir/home/niki/pico-sdk/lib/tinyusb/src/device/usbd_control.c.obj
                0x00000000100061d0                usbd_control_set_complete_callback
 .text.usbd_control_set_request
                0x00000000100061dc       0x1c CMakeFiles/sound.dir/home/niki/pico-sdk/lib/tinyusb/src/device/usbd_control.c.obj
                0x00000000100061dc                usbd_control_set_request
 .text.usbd_control_xfer_cb
                0x00000000100061f8       0xfc CMakeFiles/sound.dir/home/niki/pico-sdk/lib/tinyusb/src/device/usbd_control.c.obj
                0x00000000100061f8                usbd_control_xfer_cb
 .text._prep_out_transaction
                0x00000000100062f4       0x46 CMakeFiles/sound.dir/home/niki/pico-sdk/lib/tinyusb/src/class/cdc/cdc_device.c.obj
 *fill*         0x000000001000633a        0x2 
 .text.tud_cdc_n_connected
                0x000000001000633c       0x44 CMakeFiles/sound.dir/home/niki/pico-sdk/lib/tinyusb/src/class/cdc/cdc_device.c.obj
                0x000000001000633c                tud_cdc_n_connected
 .text.tud_cdc_n_available
                0x0000000010006380       0x18 CMakeFiles/sound.dir/home/niki/pico-sdk/lib/tinyusb/src/class/cdc/cdc_device.c.obj
                0x0000000010006380                tud_cdc_n_available
 .text.tud_cdc_n_read
                0x0000000010006398       0x28 CMakeFiles/sound.dir/home/niki/pico-sdk/lib/tinyusb/src/class/cdc/cdc_device.c.obj
                0x0000000010006398                tud_cdc_n_read
 .text.tud_cdc_n_write_flush
                0x00000000100063c0       0xcc CMakeFiles/sound.dir/home/niki/pico-sdk/lib/tinyusb/src/class/cdc/cdc_device.c.obj
                0x00000000100063c0                tud_cdc_n_write_flush
 .text.tud_cdc_n_write
                0x000000001000648c       0x38 CMakeFiles/sound.dir/home/niki/pico-sdk/lib/tinyusb/src/class/cdc/cdc_device.c.obj
                0x000000001000648c                tud_cdc_n_write
 .text.tud_cdc_n_write_available
                0x00000000100064c4       0x1c CMakeFiles/sound.dir/home/niki/pico-sdk/lib/tinyusb/src/class/cdc/cdc_device.c.obj
                0x00000000100064c4                tud_cdc_n_write_available
 .text.cdcd_init
                0x00000000100064e0       0xbc CMakeFiles/sound.dir/home/niki/pico-sdk/lib/tinyusb/src/class/cdc/cdc_device.c.obj
                0x00000000100064e0                cdcd_init
 .text.cdcd_reset
                0x000000001000659c       0x44 CMakeFiles/sound.dir/home/niki/pico-sdk/lib/tinyusb/src/class/cdc/cdc_device.c.obj
                0x000000001000659c                cdcd_reset
 .text.cdcd_open
                0x00000000100065e0       0xf8 CMakeFiles/sound.dir/home/niki/pico-sdk/lib/tinyusb/src/class/cdc/cdc_device.c.obj
                0x00000000100065e0                cdcd_open
 .text.cdcd_control_xfer_cb
                0x00000000100066d8      0x134 CMakeFiles/sound.dir/home/niki/pico-sdk/lib/tinyusb/src/class/cdc/cdc_device.c.obj
                0x00000000100066d8                cdcd_control_xfer_cb
 .text.cdcd_xfer_cb
                0x000000001000680c      0x144 CMakeFiles/sound.dir/home/niki/pico-sdk/lib/tinyusb/src/class/cdc/cdc_device.c.obj
                0x000000001000680c                cdcd_xfer_cb
 .text.tusb_init
                0x0000000010006950       0x24 CMakeFiles/sound.dir/home/niki/pico-sdk/lib/tinyusb/src/tusb.c.obj
                0x0000000010006950                tusb_init
 .text.tusb_inited
                0x0000000010006974        0xe CMakeFiles/sound.dir/home/niki/pico-sdk/lib/tinyusb/src/tusb.c.obj
                0x0000000010006974                tusb_inited
 *fill*         0x0000000010006982        0x2 
 .text.tu_edpt_validate
                0x0000000010006984       0xa8 CMakeFiles/sound.dir/home/niki/pico-sdk/lib/tinyusb/src/tusb.c.obj
                0x0000000010006984                tu_edpt_validate
 .text.tu_edpt_bind_driver
                0x0000000010006a2c       0x2a CMakeFiles/sound.dir/home/niki/pico-sdk/lib/tinyusb/src/tusb.c.obj
                0x0000000010006a2c                tu_edpt_bind_driver
 .text.advance_pointer
                0x0000000010006a56       0x18 CMakeFiles/sound.dir/home/niki/pico-sdk/lib/tinyusb/src/common/tusb_fifo.c.obj
 .text.backward_pointer
                0x0000000010006a6e       0x1e CMakeFiles/sound.dir/home/niki/pico-sdk/lib/tinyusb/src/common/tusb_fifo.c.obj
 .text.get_relative_pointer
                0x0000000010006a8c       0x10 CMakeFiles/sound.dir/home/niki/pico-sdk/lib/tinyusb/src/common/tusb_fifo.c.obj
 .text._tu_fifo_peek
                0x0000000010006a9c       0x50 CMakeFiles/sound.dir/home/niki/pico-sdk/lib/tinyusb/src/common/tusb_fifo.c.obj
 .text._ff_pull_const_addr
                0x0000000010006aec       0x4c CMakeFiles/sound.dir/home/niki/pico-sdk/lib/tinyusb/src/common/tusb_fifo.c.obj
 .text._ff_pull_n
                0x0000000010006b38      0x10c CMakeFiles/sound.dir/home/niki/pico-sdk/lib/tinyusb/src/common/tusb_fifo.c.obj
 .text._tu_fifo_peek_n
                0x0000000010006c44       0x5e CMakeFiles/sound.dir/home/niki/pico-sdk/lib/tinyusb/src/common/tusb_fifo.c.obj
 .text._tu_fifo_read_n
                0x0000000010006ca2       0x4e CMakeFiles/sound.dir/home/niki/pico-sdk/lib/tinyusb/src/common/tusb_fifo.c.obj
 .text._ff_push_const_addr
                0x0000000010006cf0       0x40 CMakeFiles/sound.dir/home/niki/pico-sdk/lib/tinyusb/src/common/tusb_fifo.c.obj
 .text._ff_push_n
                0x0000000010006d30      0x106 CMakeFiles/sound.dir/home/niki/pico-sdk/lib/tinyusb/src/common/tusb_fifo.c.obj
 .text._tu_fifo_write_n
                0x0000000010006e36       0x9e CMakeFiles/sound.dir/home/niki/pico-sdk/lib/tinyusb/src/common/tusb_fifo.c.obj
 .text.tu_fifo_config
                0x0000000010006ed4       0x72 CMakeFiles/sound.dir/home/niki/pico-sdk/lib/tinyusb/src/common/tusb_fifo.c.obj
                0x0000000010006ed4                tu_fifo_config
 .text.tu_fifo_count
                0x0000000010006f46       0x26 CMakeFiles/sound.dir/home/niki/pico-sdk/lib/tinyusb/src/common/tusb_fifo.c.obj
                0x0000000010006f46                tu_fifo_count
 .text.tu_fifo_empty
                0x0000000010006f6c        0xe CMakeFiles/sound.dir/home/niki/pico-sdk/lib/tinyusb/src/common/tusb_fifo.c.obj
                0x0000000010006f6c                tu_fifo_empty
 .text.tu_fifo_remaining
                0x0000000010006f7a       0x20 CMakeFiles/sound.dir/home/niki/pico-sdk/lib/tinyusb/src/common/tusb_fifo.c.obj
                0x0000000010006f7a                tu_fifo_remaining
 .text.tu_fifo_read
                0x0000000010006f9a       0x42 CMakeFiles/sound.dir/home/niki/pico-sdk/lib/tinyusb/src/common/tusb_fifo.c.obj
                0x0000000010006f9a                tu_fifo_read
 .text.tu_fifo_read_n
                0x0000000010006fdc        0xa CMakeFiles/sound.dir/home/niki/pico-sdk/lib/tinyusb/src/common/tusb_fifo.c.obj
                0x0000000010006fdc                tu_fifo_read_n
 .text.tu_fifo_write
                0x0000000010006fe6       0x6c CMakeFiles/sound.dir/home/niki/pico-sdk/lib/tinyusb/src/common/tusb_fifo.c.obj
                0x0000000010006fe6                tu_fifo_write
 .text.tu_fifo_write_n
                0x0000000010007052        0xa CMakeFiles/sound.dir/home/niki/pico-sdk/lib/tinyusb/src/common/tusb_fifo.c.obj
                0x0000000010007052                tu_fifo_write_n
 .text.tu_fifo_clear
                0x000000001000705c       0x4c CMakeFiles/sound.dir/home/niki/pico-sdk/lib/tinyusb/src/common/tusb_fifo.c.obj
                0x000000001000705c                tu_fifo_clear
 .text.tu_fifo_set_overwritable
                0x00000000100070a8       0x3c CMakeFiles/sound.dir/home/niki/pico-sdk/lib/tinyusb/src/common/tusb_fifo.c.obj
                0x00000000100070a8                tu_fifo_set_overwritable
 .text._retrieve_unique_id_on_boot
                0x00000000100070e4       0x10 CMakeFiles/sound.dir/home/niki/pico-sdk/src/rp2_common/pico_unique_id/unique_id.c.obj
 .text.pico_get_unique_board_id_string
                0x00000000100070f4       0x60 CMakeFiles/sound.dir/home/niki/pico-sdk/src/rp2_common/pico_unique_id/unique_id.c.obj
                0x00000000100070f4                pico_get_unique_board_id_string
 .text.flash_get_unique_id
                0x0000000010007154       0x46 CMakeFiles/sound.dir/home/niki/pico-sdk/src/rp2_common/hardware_flash/flash.c.obj
                0x0000000010007154                flash_get_unique_id
 *fill*         0x000000001000719a        0x2 
 .text.adc_init
                0x000000001000719c       0x34 CMakeFiles/sound.dir/home/niki/pico-sdk/src/rp2_common/hardware_adc/adc.c.obj
                0x000000001000719c                adc_init
 .text          0x00000000100071d0       0x68 /usr/lib/gcc/arm-none-eabi/9.2.1/../../../arm-none-eabi/lib/thumb/v6-m/nofp/libg.a(lib_a-strlen-stub.o)
                0x00000000100071d0                strlen
 *(.fini)
 .fini          0x0000000010007238        0x4 /usr/lib/gcc/arm-none-eabi/9.2.1/thumb/v6-m/nofp/crti.o
                0x0000000010007238                _fini
 *fill*         0x000000001000723c        0x4 
 .fini.__stub   0x0000000010007240       0x70 linker stubs
 *crtbegin.o(.ctors)
 *crtbegin?.o(.ctors)
 *(EXCLUDE_FILE(*crtend.o *crtend?.o) .ctors)
 *(SORT_BY_NAME(.ctors.*))
 *(.ctors)
 *crtbegin.o(.dtors)
 *crtbegin?.o(.dtors)
 *(EXCLUDE_FILE(*crtend.o *crtend?.o) .dtors)
 *(SORT_BY_NAME(.dtors.*))
 *(.dtors)
 *(.eh_frame*)
 .eh_frame      0x00000000100072b0        0x0 /usr/lib/gcc/arm-none-eabi/9.2.1/thumb/v6-m/nofp/crtbegin.o
                0x00000000100072b0                . = ALIGN (0x4)

.glue_7         0x00000000100072b0        0x0
 .glue_7        0x00000000100072b0        0x0 linker stubs

.glue_7t        0x00000000100072b0        0x0
 .glue_7t       0x00000000100072b0        0x0 linker stubs

.vfp11_veneer   0x00000000100072b0        0x0
 .vfp11_veneer  0x00000000100072b0        0x0 linker stubs

.v4_bx          0x00000000100072b0        0x0
 .v4_bx         0x00000000100072b0        0x0 linker stubs

.iplt           0x00000000100072b0        0x0
 .iplt          0x00000000100072b0        0x0 /usr/lib/gcc/arm-none-eabi/9.2.1/thumb/v6-m/nofp/crtbegin.o

.rodata         0x00000000100072b0     0x1610
 *(EXCLUDE_FILE(*libm.a: *libc.a:*lib_a-mem*.o *libgcc.a:) .rodata*)
 .rodata.main.str1.4
                0x00000000100072b0        0x4 CMakeFiles/sound.dir/analog_sound.c.obj
 .rodata.spin_lock_claim_unused.str1.4
                0x00000000100072b4       0x1b CMakeFiles/sound.dir/home/niki/pico-sdk/src/rp2_common/hardware_sync/sync.c.obj
 *fill*         0x00000000100072cf        0x1 
 .rodata.make_branch.str1.4
                0x00000000100072d0       0x66 CMakeFiles/sound.dir/home/niki/pico-sdk/src/rp2_common/hardware_irq/irq.c.obj
 *fill*         0x0000000010007336        0x2 
 .rodata.insert_branch_and_link.str1.4
                0x0000000010007338       0x10 CMakeFiles/sound.dir/home/niki/pico-sdk/src/rp2_common/hardware_irq/irq.c.obj
 .rodata.irq_set_exclusive_handler.str1.4
                0x0000000010007348       0x36 CMakeFiles/sound.dir/home/niki/pico-sdk/src/rp2_common/hardware_irq/irq.c.obj
 *fill*         0x000000001000737e        0x2 
 .rodata.irq_add_shared_handler.str1.4
                0x0000000010007380       0xd9 CMakeFiles/sound.dir/home/niki/pico-sdk/src/rp2_common/hardware_irq/irq.c.obj
 *fill*         0x0000000010007459        0x3 
 .rodata.irq_remove_handler.str1.4
                0x000000001000745c       0x2a CMakeFiles/sound.dir/home/niki/pico-sdk/src/rp2_common/hardware_irq/irq.c.obj
 *fill*         0x0000000010007486        0x2 
 .rodata.irq_add_tail_to_free_list.str1.4
                0x0000000010007488       0x3a CMakeFiles/sound.dir/home/niki/pico-sdk/src/rp2_common/hardware_irq/irq.c.obj
 *fill*         0x00000000100074c2        0x2 
 .rodata.user_irq_claim_unused.str1.4
                0x00000000100074c4       0x1b CMakeFiles/sound.dir/home/niki/pico-sdk/src/rp2_common/hardware_irq/irq.c.obj
 *fill*         0x00000000100074df        0x1 
 .rodata.__func__.4777
                0x00000000100074e0       0x1a CMakeFiles/sound.dir/home/niki/pico-sdk/src/rp2_common/hardware_irq/irq.c.obj
 *fill*         0x00000000100074fa        0x2 
 .rodata.__func__.4791
                0x00000000100074fc        0xc CMakeFiles/sound.dir/home/niki/pico-sdk/src/rp2_common/hardware_irq/irq.c.obj
 .rodata.__func__.4799
                0x0000000010007508       0x17 CMakeFiles/sound.dir/home/niki/pico-sdk/src/rp2_common/hardware_irq/irq.c.obj
 *fill*         0x000000001000751f        0x1 
 .rodata.__func__.4803
                0x0000000010007520        0xf CMakeFiles/sound.dir/home/niki/pico-sdk/src/rp2_common/hardware_irq/irq.c.obj
 *fill*         0x000000001000752f        0x1 
 .rodata.__func__.4820
                0x0000000010007530       0x17 CMakeFiles/sound.dir/home/niki/pico-sdk/src/rp2_common/hardware_irq/irq.c.obj
 *fill*         0x0000000010007547        0x1 
 .rodata.__func__.4842
                0x0000000010007548       0x13 CMakeFiles/sound.dir/home/niki/pico-sdk/src/rp2_common/hardware_irq/irq.c.obj
 *fill*         0x000000001000755b        0x1 
 .rodata.__func__.4864
                0x000000001000755c       0x1a CMakeFiles/sound.dir/home/niki/pico-sdk/src/rp2_common/hardware_irq/irq.c.obj
 *fill*         0x0000000010007576        0x2 
 .rodata.repeating_timer_callback.str1.4
                0x0000000010007578       0x44 CMakeFiles/sound.dir/home/niki/pico-sdk/src/common/pico_time/time.c.obj
 .rodata.alarm_pool_dump_key.str1.4
                0x00000000100075bc       0x33 CMakeFiles/sound.dir/home/niki/pico-sdk/src/common/pico_time/time.c.obj
 *fill*         0x00000000100075ef        0x1 
 .rodata.ph_add_child_node.str1.4
                0x00000000100075f0       0x8e CMakeFiles/sound.dir/home/niki/pico-sdk/src/common/pico_time/time.c.obj
 *fill*         0x000000001000767e        0x2 
 .rodata.add_alarm_under_lock.str1.4
                0x0000000010007680       0x28 CMakeFiles/sound.dir/home/niki/pico-sdk/src/common/pico_time/time.c.obj
                                         0x2b (size before relaxing)
 .rodata.alarm_pool_alarm_callback.str1.4
                0x00000000100076a8       0xde CMakeFiles/sound.dir/home/niki/pico-sdk/src/common/pico_time/time.c.obj
 *fill*         0x0000000010007786        0x2 
 .rodata.alarm_pool_get_default.str1.4
                0x0000000010007788       0x21 CMakeFiles/sound.dir/home/niki/pico-sdk/src/common/pico_time/time.c.obj
 *fill*         0x00000000100077a9        0x3 
 .rodata.alarm_pool_cancel_alarm.str1.4
                0x00000000100077ac       0x27 CMakeFiles/sound.dir/home/niki/pico-sdk/src/common/pico_time/time.c.obj
 *fill*         0x00000000100077d3        0x1 
 .rodata.__func__.5701
                0x00000000100077d4       0x15 CMakeFiles/sound.dir/home/niki/pico-sdk/src/common/pico_time/time.c.obj
 *fill*         0x00000000100077e9        0x3 
 .rodata.__func__.6019
                0x00000000100077ec        0xc CMakeFiles/sound.dir/home/niki/pico-sdk/src/common/pico_time/time.c.obj
 .rodata.__func__.6026
                0x00000000100077f8       0x12 CMakeFiles/sound.dir/home/niki/pico-sdk/src/common/pico_time/time.c.obj
 *fill*         0x000000001000780a        0x2 
 .rodata.__func__.6042
                0x000000001000780c        0xf CMakeFiles/sound.dir/home/niki/pico-sdk/src/common/pico_time/time.c.obj
 *fill*         0x000000001000781b        0x1 
 .rodata.__func__.6064
                0x000000001000781c        0xd CMakeFiles/sound.dir/home/niki/pico-sdk/src/common/pico_time/time.c.obj
 *fill*         0x0000000010007829        0x3 
 .rodata.__func__.6287
                0x000000001000782c        0xa CMakeFiles/sound.dir/home/niki/pico-sdk/src/common/pico_time/time.c.obj
 *fill*         0x0000000010007836        0x2 
 .rodata.__func__.6292
                0x0000000010007838       0x12 CMakeFiles/sound.dir/home/niki/pico-sdk/src/common/pico_time/time.c.obj
 *fill*         0x000000001000784a        0x2 
 .rodata.__func__.6307
                0x000000001000784c       0x17 CMakeFiles/sound.dir/home/niki/pico-sdk/src/common/pico_time/time.c.obj
 *fill*         0x0000000010007863        0x1 
 .rodata.__func__.6318
                0x0000000010007864       0x15 CMakeFiles/sound.dir/home/niki/pico-sdk/src/common/pico_time/time.c.obj
 *fill*         0x0000000010007879        0x3 
 .rodata.__func__.6335
                0x000000001000787c       0x1a CMakeFiles/sound.dir/home/niki/pico-sdk/src/common/pico_time/time.c.obj
 *fill*         0x0000000010007896        0x2 
 .rodata.__func__.6374
                0x0000000010007898       0x18 CMakeFiles/sound.dir/home/niki/pico-sdk/src/common/pico_time/time.c.obj
 .rodata.hardware_alarm_claim.str1.4
                0x00000000100078b0       0x22 CMakeFiles/sound.dir/home/niki/pico-sdk/src/rp2_common/hardware_timer/timer.c.obj
 *fill*         0x00000000100078d2        0x2 
 .rodata.hardware_alarm_set_target.str1.4
                0x00000000100078d4       0x5e CMakeFiles/sound.dir/home/niki/pico-sdk/src/rp2_common/hardware_timer/timer.c.obj
 *fill*         0x0000000010007932        0x2 
 .rodata.__func__.4575
                0x0000000010007934       0x1a CMakeFiles/sound.dir/home/niki/pico-sdk/src/rp2_common/hardware_timer/timer.c.obj
 .rodata.ph_add_child_node.str1.4
                0x000000001000794e       0x8e CMakeFiles/sound.dir/home/niki/pico-sdk/src/common/pico_util/pheap.c.obj
 *fill*         0x000000001000794e        0x2 
 .rodata.ph_remove_any_head.str1.4
                0x0000000010007950       0x88 CMakeFiles/sound.dir/home/niki/pico-sdk/src/common/pico_util/pheap.c.obj
 .rodata.ph_remove_and_free_node.str1.4
                0x00000000100079d8       0x1e CMakeFiles/sound.dir/home/niki/pico-sdk/src/common/pico_util/pheap.c.obj
                                         0x26 (size before relaxing)
 *fill*         0x00000000100079f6        0x2 
 .rodata.__func__.5717
                0x00000000100079f8        0xc CMakeFiles/sound.dir/home/niki/pico-sdk/src/common/pico_util/pheap.c.obj
 .rodata.__func__.5724
                0x0000000010007a04       0x12 CMakeFiles/sound.dir/home/niki/pico-sdk/src/common/pico_util/pheap.c.obj
 *fill*         0x0000000010007a16        0x2 
 .rodata.__func__.5810
                0x0000000010007a18       0x13 CMakeFiles/sound.dir/home/niki/pico-sdk/src/common/pico_util/pheap.c.obj
 *fill*         0x0000000010007a2b        0x1 
 .rodata.__func__.5828
                0x0000000010007a2c       0x18 CMakeFiles/sound.dir/home/niki/pico-sdk/src/common/pico_util/pheap.c.obj
 .rodata.str1.4
                0x0000000010007a44       0x85 CMakeFiles/sound.dir/home/niki/pico-sdk/src/common/pico_sync/mutex.c.obj
                                         0xe1 (size before relaxing)
 *fill*         0x0000000010007ac9        0x3 
 .rodata.__func__.4193
                0x0000000010007acc       0x15 CMakeFiles/sound.dir/home/niki/pico-sdk/src/common/pico_sync/mutex.c.obj
 *fill*         0x0000000010007ae1        0x3 
 .rodata.__func__.4690
                0x0000000010007ae4       0x18 CMakeFiles/sound.dir/home/niki/pico-sdk/src/common/pico_sync/mutex.c.obj
 .rodata.__func__.4709
                0x0000000010007afc        0xb CMakeFiles/sound.dir/home/niki/pico-sdk/src/common/pico_sync/mutex.c.obj
 *fill*         0x0000000010007b07        0x1 
 .rodata.__assert_func.str1.4
                0x0000000010007b08       0x3f CMakeFiles/sound.dir/home/niki/pico-sdk/src/rp2_common/pico_runtime/runtime.c.obj
                                         0x43 (size before relaxing)
 *fill*         0x0000000010007b47        0x1 
 .rodata.runtime_init.str1.4
                0x0000000010007b48       0x5a CMakeFiles/sound.dir/home/niki/pico-sdk/src/rp2_common/pico_runtime/runtime.c.obj
 *fill*         0x0000000010007ba2        0x2 
 .rodata.panic.str1.4
                0x0000000010007ba4       0x12 CMakeFiles/sound.dir/home/niki/pico-sdk/src/rp2_common/pico_runtime/runtime.c.obj
 *fill*         0x0000000010007bb6        0x2 
 .rodata.__func__.5835
                0x0000000010007bb8        0xd CMakeFiles/sound.dir/home/niki/pico-sdk/src/rp2_common/pico_runtime/runtime.c.obj
 *fill*         0x0000000010007bc5        0x3 
 .rodata.clock_configure.str1.4
                0x0000000010007bc8       0x50 CMakeFiles/sound.dir/home/niki/pico-sdk/src/rp2_common/hardware_clocks/clocks.c.obj
 .rodata.__func__.4759
                0x0000000010007c18       0x10 CMakeFiles/sound.dir/home/niki/pico-sdk/src/rp2_common/hardware_clocks/clocks.c.obj
 .rodata.pll_init.str1.4
                0x0000000010007c28      0x133 CMakeFiles/sound.dir/home/niki/pico-sdk/src/rp2_common/hardware_pll/pll.c.obj
 *fill*         0x0000000010007d5b        0x1 
 .rodata.__func__.4416
                0x0000000010007d5c        0x9 CMakeFiles/sound.dir/home/niki/pico-sdk/src/rp2_common/hardware_pll/pll.c.obj
 *fill*         0x0000000010007d65        0x3 
 .rodata._ftoa.str1.4
                0x0000000010007d68       0x15 CMakeFiles/sound.dir/home/niki/pico-sdk/src/rp2_common/pico_printf/printf.c.obj
 *fill*         0x0000000010007d7d        0x3 
 .rodata._vsnprintf
                0x0000000010007d80      0x1e0 CMakeFiles/sound.dir/home/niki/pico-sdk/src/rp2_common/pico_printf/printf.c.obj
 .rodata.pow10.5431
                0x0000000010007f60       0x50 CMakeFiles/sound.dir/home/niki/pico-sdk/src/rp2_common/pico_printf/printf.c.obj
 .rodata.__aeabi_double_init.str1.4
                0x0000000010007fb0       0xa1 CMakeFiles/sound.dir/home/niki/pico-sdk/src/rp2_common/pico_double/double_init_rom.c.obj
 *fill*         0x0000000010008051        0x3 
 .rodata.__func__.4728
                0x0000000010008054       0x14 CMakeFiles/sound.dir/home/niki/pico-sdk/src/rp2_common/pico_double/double_init_rom.c.obj
 .rodata.__aeabi_float_init.str1.4
                0x0000000010008068       0x73 CMakeFiles/sound.dir/home/niki/pico-sdk/src/rp2_common/pico_float/float_init_rom.c.obj
                                         0x77 (size before relaxing)
 *fill*         0x00000000100080db        0x1 
 .rodata.__func__.4729
                0x00000000100080dc       0x13 CMakeFiles/sound.dir/home/niki/pico-sdk/src/rp2_common/pico_float/float_init_rom.c.obj
 *fill*         0x00000000100080ef        0x1 
 .rodata.str1.4
                0x00000000100080f0       0x3c CMakeFiles/sound.dir/home/niki/pico-sdk/src/rp2_common/pico_standard_link/binary_info.c.obj
 .rodata.__bi_44
                0x000000001000812c        0xc CMakeFiles/sound.dir/home/niki/pico-sdk/src/rp2_common/pico_standard_link/binary_info.c.obj
 .rodata.__bi_75
                0x0000000010008138        0xc CMakeFiles/sound.dir/home/niki/pico-sdk/src/rp2_common/pico_standard_link/binary_info.c.obj
 .rodata.__bi_81
                0x0000000010008144        0xc CMakeFiles/sound.dir/home/niki/pico-sdk/src/rp2_common/pico_standard_link/binary_info.c.obj
 .rodata.crlf_str.5910
                0x0000000010008150        0x2 CMakeFiles/sound.dir/home/niki/pico-sdk/src/rp2_common/pico_stdio/stdio.c.obj
 *fill*         0x0000000010008152        0x2 
 .rodata._resetd_driver
                0x0000000010008154       0x18 CMakeFiles/sound.dir/home/niki/pico-sdk/src/rp2_common/pico_stdio_usb/reset_interface.c.obj
 .rodata.timer_task.str1.4
                0x000000001000816c       0x66 CMakeFiles/sound.dir/home/niki/pico-sdk/src/rp2_common/pico_stdio_usb/stdio_usb.c.obj
 .rodata.stdio_usb_init.str1.4
                0x00000000100081d2       0x5a CMakeFiles/sound.dir/home/niki/pico-sdk/src/rp2_common/pico_stdio_usb/stdio_usb.c.obj
 *fill*         0x00000000100081d2        0x2 
 .rodata.str1.4
                0x00000000100081d4       0x13 CMakeFiles/sound.dir/home/niki/pico-sdk/src/rp2_common/pico_stdio_usb/stdio_usb.c.obj
 *fill*         0x00000000100081e7        0x1 
 .rodata.__bi_118.7243
                0x00000000100081e8        0xc CMakeFiles/sound.dir/home/niki/pico-sdk/src/rp2_common/pico_stdio_usb/stdio_usb.c.obj
 .rodata.__func__.5424
                0x00000000100081f4       0x15 CMakeFiles/sound.dir/home/niki/pico-sdk/src/rp2_common/pico_stdio_usb/stdio_usb.c.obj
 *fill*         0x0000000010008209        0x3 
 .rodata.__func__.7217
                0x000000001000820c        0xb CMakeFiles/sound.dir/home/niki/pico-sdk/src/rp2_common/pico_stdio_usb/stdio_usb.c.obj
 *fill*         0x0000000010008217        0x1 
 .rodata.str1.4
                0x0000000010008218       0x2a CMakeFiles/sound.dir/home/niki/pico-sdk/src/rp2_common/pico_stdio_usb/stdio_usb_descriptors.c.obj
 *fill*         0x0000000010008242        0x2 
 .rodata.usbd_desc_cfg
                0x0000000010008244       0x54 CMakeFiles/sound.dir/home/niki/pico-sdk/src/rp2_common/pico_stdio_usb/stdio_usb_descriptors.c.obj
 .rodata.usbd_desc_device
                0x0000000010008298       0x12 CMakeFiles/sound.dir/home/niki/pico-sdk/src/rp2_common/pico_stdio_usb/stdio_usb_descriptors.c.obj
 *fill*         0x00000000100082aa        0x2 
 .rodata.usbd_desc_str
                0x00000000100082ac       0x18 CMakeFiles/sound.dir/home/niki/pico-sdk/src/rp2_common/pico_stdio_usb/stdio_usb_descriptors.c.obj
 .rodata._hw_endpoint_alloc.str1.4
                0x00000000100082c4       0xb1 CMakeFiles/sound.dir/home/niki/pico-sdk/lib/tinyusb/src/portable/raspberrypi/rp2040/dcd_rp2040.c.obj
 *fill*         0x0000000010008375        0x3 
 .rodata.dcd_rp2040_irq.str1.4
                0x0000000010008378       0x14 CMakeFiles/sound.dir/home/niki/pico-sdk/lib/tinyusb/src/portable/raspberrypi/rp2040/dcd_rp2040.c.obj
 .rodata.dcd_int_enable.str1.4
                0x000000001000838c        0xc CMakeFiles/sound.dir/home/niki/pico-sdk/lib/tinyusb/src/portable/raspberrypi/rp2040/dcd_rp2040.c.obj
 .rodata.__func__.6909
                0x0000000010008398       0x13 CMakeFiles/sound.dir/home/niki/pico-sdk/lib/tinyusb/src/portable/raspberrypi/rp2040/dcd_rp2040.c.obj
 *fill*         0x00000000100083ab        0x1 
 .rodata.__func__.6962
                0x00000000100083ac        0x9 CMakeFiles/sound.dir/home/niki/pico-sdk/lib/tinyusb/src/portable/raspberrypi/rp2040/dcd_rp2040.c.obj
 *fill*         0x00000000100083b5        0x3 
 .rodata.__func__.6966
                0x00000000100083b8        0xf CMakeFiles/sound.dir/home/niki/pico-sdk/lib/tinyusb/src/portable/raspberrypi/rp2040/dcd_rp2040.c.obj
 *fill*         0x00000000100083c7        0x1 
 .rodata.__func__.6975
                0x00000000100083c8       0x10 CMakeFiles/sound.dir/home/niki/pico-sdk/lib/tinyusb/src/portable/raspberrypi/rp2040/dcd_rp2040.c.obj
 .rodata.__func__.6994
                0x00000000100083d8        0xe CMakeFiles/sound.dir/home/niki/pico-sdk/lib/tinyusb/src/portable/raspberrypi/rp2040/dcd_rp2040.c.obj
 *fill*         0x00000000100083e6        0x2 
 .rodata.__func__.7004
                0x00000000100083e8        0xe CMakeFiles/sound.dir/home/niki/pico-sdk/lib/tinyusb/src/portable/raspberrypi/rp2040/dcd_rp2040.c.obj
 *fill*         0x00000000100083f6        0x2 
 .rodata.sync_ep_buffer.str1.4
                0x00000000100083f8       0x8d CMakeFiles/sound.dir/home/niki/pico-sdk/lib/tinyusb/src/portable/raspberrypi/rp2040/rp2040_usb.c.obj
 *fill*         0x0000000010008485        0x3 
 .rodata._hw_endpoint_buffer_control_update32.str1.4
                0x0000000010008488       0x1f CMakeFiles/sound.dir/home/niki/pico-sdk/lib/tinyusb/src/portable/raspberrypi/rp2040/rp2040_usb.c.obj
 *fill*         0x00000000100084a7        0x1 
 .rodata.hw_endpoint_xfer_start.str1.4
                0x00000000100084a8       0x38 CMakeFiles/sound.dir/home/niki/pico-sdk/lib/tinyusb/src/portable/raspberrypi/rp2040/rp2040_usb.c.obj
 .rodata.hw_endpoint_xfer_continue.str1.4
                0x00000000100084e0       0x29 CMakeFiles/sound.dir/home/niki/pico-sdk/lib/tinyusb/src/portable/raspberrypi/rp2040/rp2040_usb.c.obj
 *fill*         0x0000000010008509        0x3 
 .rodata.str1.4
                0x000000001000850c        0x7 CMakeFiles/sound.dir/home/niki/pico-sdk/lib/tinyusb/src/portable/raspberrypi/rp2040/rp2040_usb.c.obj
 *fill*         0x0000000010008513        0x1 
 .rodata.__func__.6674
                0x0000000010008514        0xf CMakeFiles/sound.dir/home/niki/pico-sdk/lib/tinyusb/src/portable/raspberrypi/rp2040/rp2040_usb.c.obj
 *fill*         0x0000000010008523        0x1 
 .rodata.process_set_config.str1.4
                0x0000000010008524       0x17 CMakeFiles/sound.dir/home/niki/pico-sdk/lib/tinyusb/src/device/usbd.c.obj
 *fill*         0x000000001000853b        0x1 
 .rodata.process_get_descriptor
                0x000000001000853c       0x40 CMakeFiles/sound.dir/home/niki/pico-sdk/lib/tinyusb/src/device/usbd.c.obj
 .rodata.process_control_request
                0x000000001000857c       0x28 CMakeFiles/sound.dir/home/niki/pico-sdk/lib/tinyusb/src/device/usbd.c.obj
 .rodata.tud_task
                0x00000000100085a4       0x24 CMakeFiles/sound.dir/home/niki/pico-sdk/lib/tinyusb/src/device/usbd.c.obj
 .rodata.__func__.6575
                0x00000000100085c8       0x10 CMakeFiles/sound.dir/home/niki/pico-sdk/lib/tinyusb/src/device/usbd.c.obj
 .rodata.__func__.7373
                0x00000000100085d8        0x9 CMakeFiles/sound.dir/home/niki/pico-sdk/lib/tinyusb/src/device/usbd.c.obj
 *fill*         0x00000000100085e1        0x3 
 .rodata.__func__.7394
                0x00000000100085e4       0x18 CMakeFiles/sound.dir/home/niki/pico-sdk/lib/tinyusb/src/device/usbd.c.obj
 .rodata.__func__.7437
                0x00000000100085fc       0x13 CMakeFiles/sound.dir/home/niki/pico-sdk/lib/tinyusb/src/device/usbd.c.obj
 *fill*         0x000000001000860f        0x1 
 .rodata.__func__.7472
                0x0000000010008610       0x17 CMakeFiles/sound.dir/home/niki/pico-sdk/lib/tinyusb/src/device/usbd.c.obj
 *fill*         0x0000000010008627        0x1 
 .rodata.__func__.7526
                0x0000000010008628       0x14 CMakeFiles/sound.dir/home/niki/pico-sdk/lib/tinyusb/src/device/usbd.c.obj
 .rodata.__func__.7540
                0x000000001000863c        0xf CMakeFiles/sound.dir/home/niki/pico-sdk/lib/tinyusb/src/device/usbd.c.obj
 *fill*         0x000000001000864b        0x1 
 .rodata.__func__.7563
                0x000000001000864c        0xf CMakeFiles/sound.dir/home/niki/pico-sdk/lib/tinyusb/src/device/usbd.c.obj
 *fill*         0x000000001000865b        0x1 
 .rodata._usbd_driver
                0x000000001000865c       0x18 CMakeFiles/sound.dir/home/niki/pico-sdk/lib/tinyusb/src/device/usbd.c.obj
 .rodata.tud_control_xfer.str1.4
                0x0000000010008674       0x17 CMakeFiles/sound.dir/home/niki/pico-sdk/lib/tinyusb/src/device/usbd_control.c.obj
 .rodata.__func__.7288
                0x0000000010008674       0x11 CMakeFiles/sound.dir/home/niki/pico-sdk/lib/tinyusb/src/device/usbd_control.c.obj
 *fill*         0x0000000010008685        0x3 
 .rodata.__func__.7315
                0x0000000010008688       0x15 CMakeFiles/sound.dir/home/niki/pico-sdk/lib/tinyusb/src/device/usbd_control.c.obj
 .rodata.tud_cdc_n_write_flush.str1.4
                0x000000001000869d       0x17 CMakeFiles/sound.dir/home/niki/pico-sdk/lib/tinyusb/src/class/cdc/cdc_device.c.obj
 *fill*         0x000000001000869d        0x3 
 .rodata.__func__.7224
                0x00000000100086a0       0x16 CMakeFiles/sound.dir/home/niki/pico-sdk/lib/tinyusb/src/class/cdc/cdc_device.c.obj
 *fill*         0x00000000100086b6        0x2 
 .rodata.__func__.7257
                0x00000000100086b8        0xa CMakeFiles/sound.dir/home/niki/pico-sdk/lib/tinyusb/src/class/cdc/cdc_device.c.obj
 *fill*         0x00000000100086c2        0x2 
 .rodata.__func__.7292
                0x00000000100086c4        0xd CMakeFiles/sound.dir/home/niki/pico-sdk/lib/tinyusb/src/class/cdc/cdc_device.c.obj
 .rodata.tusb_init.str1.4
                0x00000000100086d1       0x17 CMakeFiles/sound.dir/home/niki/pico-sdk/lib/tinyusb/src/tusb.c.obj
 *fill*         0x00000000100086d1        0x3 
 .rodata.__func__.7161
                0x00000000100086d4        0xa CMakeFiles/sound.dir/home/niki/pico-sdk/lib/tinyusb/src/tusb.c.obj
 *fill*         0x00000000100086de        0x2 
 .rodata.__func__.7173
                0x00000000100086e0       0x11 CMakeFiles/sound.dir/home/niki/pico-sdk/lib/tinyusb/src/tusb.c.obj
 *fill*         0x00000000100086f1        0x3 
 .rodata.pico_get_unique_board_id_string.str1.4
                0x00000000100086f4       0x46 CMakeFiles/sound.dir/home/niki/pico-sdk/src/rp2_common/pico_unique_id/unique_id.c.obj
 *fill*         0x000000001000873a        0x2 
 .rodata.__func__.4296
                0x000000001000873c       0x20 CMakeFiles/sound.dir/home/niki/pico-sdk/src/rp2_common/pico_unique_id/unique_id.c.obj
 .rodata.str1.4
                0x000000001000875c      0x152 CMakeFiles/sound.dir/home/niki/pico-sdk/src/rp2_common/hardware_flash/flash.c.obj
 *fill*         0x00000000100088ae        0x2 
 .rodata.__func__.4470
                0x00000000100088b0        0xd CMakeFiles/sound.dir/home/niki/pico-sdk/src/rp2_common/hardware_flash/flash.c.obj
                0x00000000100088c0                . = ALIGN (0x4)
 *fill*         0x00000000100088bd        0x3 
 *(SORT_BY_ALIGNMENT(SORT_BY_NAME(.flashdata*)))
                0x00000000100088c0                . = ALIGN (0x4)

.rel.dyn        0x00000000100088c0        0x0
 .rel.iplt      0x00000000100088c0        0x0 /usr/lib/gcc/arm-none-eabi/9.2.1/thumb/v6-m/nofp/crtbegin.o

.ARM.extab
 *(.ARM.extab* .gnu.linkonce.armextab.*)
                0x00000000100088c0                __exidx_start = .

.ARM.exidx
 *(.ARM.exidx* .gnu.linkonce.armexidx.*)
                0x00000000100088c0                __exidx_end = .
                0x00000000100088c0                . = ALIGN (0x4)
                0x00000000100088c0                __binary_info_start = .

.binary_info    0x00000000100088c0       0x20
 *(.binary_info.keep.*)
 .binary_info.keep.__bi_ptr22
                0x00000000100088c0        0x4 CMakeFiles/sound.dir/home/niki/pico-sdk/src/rp2_common/pico_standard_link/binary_info.c.obj
 .binary_info.keep.__bi_ptr30
                0x00000000100088c4        0x4 CMakeFiles/sound.dir/home/niki/pico-sdk/src/rp2_common/pico_standard_link/binary_info.c.obj
 .binary_info.keep.__bi_ptr38
                0x00000000100088c8        0x4 CMakeFiles/sound.dir/home/niki/pico-sdk/src/rp2_common/pico_standard_link/binary_info.c.obj
 .binary_info.keep.__bi_ptr44
                0x00000000100088cc        0x4 CMakeFiles/sound.dir/home/niki/pico-sdk/src/rp2_common/pico_standard_link/binary_info.c.obj
 .binary_info.keep.__bi_ptr50
                0x00000000100088d0        0x4 CMakeFiles/sound.dir/home/niki/pico-sdk/src/rp2_common/pico_standard_link/binary_info.c.obj
 .binary_info.keep.__bi_ptr75
                0x00000000100088d4        0x4 CMakeFiles/sound.dir/home/niki/pico-sdk/src/rp2_common/pico_standard_link/binary_info.c.obj
 .binary_info.keep.__bi_ptr81
                0x00000000100088d8        0x4 CMakeFiles/sound.dir/home/niki/pico-sdk/src/rp2_common/pico_standard_link/binary_info.c.obj
 *(.binary_info.*)
 .binary_info.__bi_ptr118
                0x00000000100088dc        0x4 CMakeFiles/sound.dir/home/niki/pico-sdk/src/rp2_common/pico_stdio_usb/stdio_usb.c.obj
                0x00000000100088e0                __binary_info_end = .
                0x00000000100088e0                . = ALIGN (0x4)
                0x00000000100088e0                __etext = .

.ram_vector_table
                0x0000000020000000       0xc0
 *(.ram_vector_table)
 .ram_vector_table
                0x0000000020000000       0xc0 CMakeFiles/sound.dir/home/niki/pico-sdk/src/rp2_common/pico_runtime/runtime.c.obj
                0x0000000020000000                ram_vector_table

.data           0x00000000200000c0      0x460 load address 0x00000000100088e0
                0x00000000200000c0                __data_start__ = .
 *(vtable)
 *(.time_critical*)
 .time_critical.mutex_enter_blocking
                0x00000000200000c0       0x48 CMakeFiles/sound.dir/home/niki/pico-sdk/src/common/pico_sync/mutex.c.obj
                0x00000000200000c0                mutex_enter_blocking
 .time_critical.mutex_try_enter
                0x0000000020000108       0x48 CMakeFiles/sound.dir/home/niki/pico-sdk/src/common/pico_sync/mutex.c.obj
                0x0000000020000108                mutex_try_enter
 .time_critical.mutex_enter_block_until
                0x0000000020000150       0x88 CMakeFiles/sound.dir/home/niki/pico-sdk/src/common/pico_sync/mutex.c.obj
                0x0000000020000150                mutex_enter_block_until
 .time_critical.mutex_enter_timeout_ms
                0x00000000200001d8       0x78 CMakeFiles/sound.dir/home/niki/pico-sdk/src/common/pico_sync/mutex.c.obj
                0x00000000200001d8                mutex_enter_timeout_ms
 .time_critical.mutex_exit
                0x0000000020000250       0x4c CMakeFiles/sound.dir/home/niki/pico-sdk/src/common/pico_sync/mutex.c.obj
                0x0000000020000250                mutex_exit
 .time_critical.flash_init_boot2_copyout
                0x000000002000029c       0x30 CMakeFiles/sound.dir/home/niki/pico-sdk/src/rp2_common/hardware_flash/flash.c.obj
 .time_critical.flash_enable_xip_via_boot2
                0x00000000200002cc       0x10 CMakeFiles/sound.dir/home/niki/pico-sdk/src/rp2_common/hardware_flash/flash.c.obj
 .time_critical.flash_cs_force
                0x00000000200002dc       0x28 CMakeFiles/sound.dir/home/niki/pico-sdk/src/rp2_common/hardware_flash/flash.c.obj
 .time_critical.flash_do_cmd
                0x0000000020000304       0xd8 CMakeFiles/sound.dir/home/niki/pico-sdk/src/rp2_common/hardware_flash/flash.c.obj
                0x0000000020000304                flash_do_cmd
 *(.text*)
 .text          0x00000000200003dc        0x4 /usr/lib/gcc/arm-none-eabi/9.2.1/thumb/v6-m/nofp/libgcc.a(_dvmd_tls.o)
                0x00000000200003dc                __aeabi_ldiv0
                0x00000000200003dc                __aeabi_idiv0
 .text.__stub   0x00000000200003e0       0x40 linker stubs
                0x0000000020000420                . = ALIGN (0x4)
 *(.rodata*)
                0x0000000020000420                . = ALIGN (0x4)
 *(.data*)
 .data.striped_spin_lock_num
                0x0000000020000420        0x1 CMakeFiles/sound.dir/home/niki/pico-sdk/src/rp2_common/hardware_sync/sync.c.obj
 *fill*         0x0000000020000421        0x3 
 .data          0x0000000020000424       0x48 CMakeFiles/sound.dir/home/niki/pico-sdk/src/rp2_common/hardware_irq/irq_handler_chain.S.obj
                0x0000000020000424                irq_handler_chain_slots
                0x0000000020000454                irq_handler_chain_first_slot
                0x000000002000045e                irq_handler_chain_remove_tail
 .data.default_alarm_pool
                0x000000002000046c       0x18 CMakeFiles/sound.dir/home/niki/pico-sdk/src/common/pico_time/time.c.obj
 .data.default_alarm_pool_heap
                0x0000000020000484       0x10 CMakeFiles/sound.dir/home/niki/pico-sdk/src/common/pico_time/time.c.obj
 *fill*         0x0000000020000494        0xc 
 .data.aeabi_bits_funcs
                0x00000000200004a0       0x10 CMakeFiles/sound.dir/home/niki/pico-sdk/src/rp2_common/pico_bit_ops/bit_ops_aeabi.S.obj
                0x00000000200004a0                aeabi_bits_funcs
                0x00000000200004b0                aeabi_bits_funcs_end
 .data.aeabi_mem_funcs
                0x00000000200004b0       0x10 CMakeFiles/sound.dir/home/niki/pico-sdk/src/rp2_common/pico_mem_ops/mem_ops_aeabi.S.obj
                0x00000000200004b0                aeabi_mem_funcs
                0x00000000200004c0                aeabi_mem_funcs_end
 .data.stdio_usb
                0x00000000200004c0       0x14 CMakeFiles/sound.dir/home/niki/pico-sdk/src/rp2_common/pico_stdio_usb/stdio_usb.c.obj
                0x00000000200004c0                stdio_usb
 .data.ep_dir_string
                0x00000000200004d4        0x8 CMakeFiles/sound.dir/home/niki/pico-sdk/lib/tinyusb/src/portable/raspberrypi/rp2040/rp2040_usb.c.obj
                0x00000000200004d4                ep_dir_string
 .data._usbd_qdef
                0x00000000200004dc       0x24 CMakeFiles/sound.dir/home/niki/pico-sdk/lib/tinyusb/src/device/usbd.c.obj
                0x00000000200004dc                _usbd_qdef
                0x0000000020000500                . = ALIGN (0x4)
 *(.after_data.*)
                0x0000000020000500                . = ALIGN (0x4)
                0x0000000020000500                PROVIDE (__mutex_array_start = .)
 *(SORT_BY_NAME(.mutex_array.*))
 *(.mutex_array)
 .mutex_array   0x0000000020000500        0x8 CMakeFiles/sound.dir/home/niki/pico-sdk/src/rp2_common/pico_stdio/stdio.c.obj
                0x0000000020000508                PROVIDE (__mutex_array_end = .)
                0x0000000020000508                . = ALIGN (0x4)
                0x0000000020000508                PROVIDE (__preinit_array_start = .)
 *(SORT_BY_NAME(.preinit_array.*))
 .preinit_array.00001
                0x0000000020000508        0x4 CMakeFiles/sound.dir/home/niki/pico-sdk/src/rp2_common/pico_mem_ops/mem_ops_aeabi.S.obj
 .preinit_array.00010
                0x000000002000050c        0x4 CMakeFiles/sound.dir/home/niki/pico-sdk/src/rp2_common/pico_bit_ops/bit_ops_aeabi.S.obj
 .preinit_array.00020
                0x0000000020000510        0x4 CMakeFiles/sound.dir/home/niki/pico-sdk/src/rp2_common/pico_double/double_aeabi.S.obj
 .preinit_array.00020
                0x0000000020000514        0x4 CMakeFiles/sound.dir/home/niki/pico-sdk/src/rp2_common/pico_float/float_aeabi.S.obj
 *(.preinit_array)
                0x0000000020000518                PROVIDE (__preinit_array_end = .)
                0x0000000020000518                . = ALIGN (0x4)
                0x0000000020000518                PROVIDE (__init_array_start = .)
 *(SORT_BY_NAME(.init_array.*))
 *(.init_array)
 .init_array    0x0000000020000518        0x4 /usr/lib/gcc/arm-none-eabi/9.2.1/thumb/v6-m/nofp/crtbegin.o
 .init_array    0x000000002000051c        0x4 CMakeFiles/sound.dir/home/niki/pico-sdk/src/rp2_common/pico_unique_id/unique_id.c.obj
                0x0000000020000520                PROVIDE (__init_array_end = .)
                0x0000000020000520                . = ALIGN (0x4)
                0x0000000020000520                PROVIDE (__fini_array_start = .)
 *(SORT_BY_NAME(.fini_array.*))
 *(.fini_array)
                0x0000000020000520                PROVIDE (__fini_array_end = .)
 *(.jcr)
                0x0000000020000520                . = ALIGN (0x4)
                0x0000000020000520                __data_end__ = .

.tm_clone_table
                0x0000000020000520        0x0 load address 0x0000000010008d40
 .tm_clone_table
                0x0000000020000520        0x0 /usr/lib/gcc/arm-none-eabi/9.2.1/thumb/v6-m/nofp/crtbegin.o
 .tm_clone_table
                0x0000000020000520        0x0 /usr/lib/gcc/arm-none-eabi/9.2.1/thumb/v6-m/nofp/crtend.o

.igot.plt       0x0000000020000520        0x0 load address 0x0000000010008d40
 .igot.plt      0x0000000020000520        0x0 /usr/lib/gcc/arm-none-eabi/9.2.1/thumb/v6-m/nofp/crtbegin.o

.uninitialized_data
                0x0000000020000520        0x0 load address 0x0000000010008d40
                0x0000000020000520                . = ALIGN (0x4)
 *(.uninitialized_data*)

.scratch_x      0x0000000020040000        0x0 load address 0x0000000010008d40
                0x0000000020040000                __scratch_x_start__ = .
 *(.scratch_x.*)
                0x0000000020040000                . = ALIGN (0x4)
                0x0000000020040000                __scratch_x_end__ = .
                0x0000000010008d40                __scratch_x_source__ = LOADADDR (.scratch_x)

.scratch_y      0x0000000020041000        0x0 load address 0x0000000010008d40
                0x0000000020041000                __scratch_y_start__ = .
 *(.scratch_y.*)
                0x0000000020041000                . = ALIGN (0x4)
                0x0000000020041000                __scratch_y_end__ = .
                0x0000000010008d40                __scratch_y_source__ = LOADADDR (.scratch_y)

.bss            0x0000000020000520      0xd84
                0x0000000020000520                . = ALIGN (0x4)
                0x0000000020000520                __bss_start__ = .
 *(SORT_BY_ALIGNMENT(SORT_BY_NAME(.bss*)))
 .bss.default_alarm_pool_entries
                0x0000000020000520      0x100 CMakeFiles/sound.dir/home/niki/pico-sdk/src/common/pico_time/time.c.obj
 .bss.last_avail_time.7222
                0x0000000020000620        0x8 CMakeFiles/sound.dir/home/niki/pico-sdk/src/rp2_common/pico_stdio_usb/stdio_usb.c.obj
 .bss           0x0000000020000628       0x1c /usr/lib/gcc/arm-none-eabi/9.2.1/thumb/v6-m/nofp/crtbegin.o
 .bss._app_driver
                0x0000000020000644        0x4 CMakeFiles/sound.dir/home/niki/pico-sdk/lib/tinyusb/src/device/usbd.c.obj
 .bss._cdcd_itf
                0x0000000020000648      0x2d8 CMakeFiles/sound.dir/home/niki/pico-sdk/lib/tinyusb/src/class/cdc/cdc_device.c.obj
 .bss._ctrl_xfer
                0x0000000020000920       0x14 CMakeFiles/sound.dir/home/niki/pico-sdk/lib/tinyusb/src/device/usbd_control.c.obj
 .bss._ubsd_mutexdef
                0x0000000020000934        0x8 CMakeFiles/sound.dir/home/niki/pico-sdk/lib/tinyusb/src/device/usbd.c.obj
 .bss._usbd_ctrl_buf
                0x000000002000093c       0x40 CMakeFiles/sound.dir/home/niki/pico-sdk/lib/tinyusb/src/device/usbd_control.c.obj
 .bss._usbd_dev
                0x000000002000097c       0x53 CMakeFiles/sound.dir/home/niki/pico-sdk/lib/tinyusb/src/device/usbd.c.obj
 *fill*         0x00000000200009cf        0x1 
 .bss._usbd_mutex
                0x00000000200009d0        0x4 CMakeFiles/sound.dir/home/niki/pico-sdk/lib/tinyusb/src/device/usbd.c.obj
 .bss._usbd_q   0x00000000200009d4        0x4 CMakeFiles/sound.dir/home/niki/pico-sdk/lib/tinyusb/src/device/usbd.c.obj
 .bss.alarm_callbacks
                0x00000000200009d8       0x10 CMakeFiles/sound.dir/home/niki/pico-sdk/src/rp2_common/hardware_timer/timer.c.obj
 .bss.boot2_copyout
                0x00000000200009e8      0x100 CMakeFiles/sound.dir/home/niki/pico-sdk/src/rp2_common/hardware_flash/flash.c.obj
 .bss.claimed   0x0000000020000ae8        0x4 CMakeFiles/sound.dir/home/niki/pico-sdk/src/rp2_common/hardware_sync/sync.c.obj
 .bss.configured_freq
                0x0000000020000aec       0x28 CMakeFiles/sound.dir/home/niki/pico-sdk/src/rp2_common/hardware_clocks/clocks.c.obj
 .bss.default_alarm_pool_entry_ids_high
                0x0000000020000b14       0x10 CMakeFiles/sound.dir/home/niki/pico-sdk/src/common/pico_time/time.c.obj